Component: ARM Compiler 5.06 update 7 (build 960) Tool: armlink [4d3601]

==============================================================================

Section Cross References

    main.o(.text) refers to printfa.o(i.__0printf) for __2printf
    main.o(.text) refers to tasks.o(.text) for vTaskDelay
    main.o(.text) refers to esp8266.o(.text) for ESP8266_OnLineInit
    main.o(.text) refers to memseta.o(.text) for __aeabi_memclr4
    main.o(.text) refers to esp8266_gettime.o(.text) for ESP8266_GetTimeFunc
    main.o(.text) refers to queue.o(.text) for xQueueGenericSend
    main.o(.text) refers to mq135.o(.text) for Get_MQ135_DO_Level
    main.o(.text) refers to mq7.o(.text) for Get_MQ7_AO_Voltage
    main.o(.text) refers to mq2.o(.text) for Get_MQ2_AO_Voltage
    main.o(.text) refers to dht11.o(.text) for DHT11_GetData
    main.o(.text) refers to adc.o(.text) for ADC3_IN5_GetLightVal
    main.o(.text) refers to rtc.o(.text) for RTC_SetDateTime
    main.o(.text) refers to stm32f4xx_rtc.o(.text) for RTC_GetTime
    main.o(.text) refers to atoi.o(.text) for atoi
    main.o(.text) refers to memmovea.o(.text) for __aeabi_memcpy4
    main.o(.text) refers to strcmp.o(.text) for strcmp
    main.o(.text) refers to lv_img.o(.text) for lv_img_create
    main.o(.text) refers to lv_obj_pos.o(.text) for lv_obj_align
    main.o(.text) refers to lv_label.o(.text) for lv_label_create
    main.o(.text) refers to lv_obj_style_gen.o(.text) for lv_obj_set_style_text_color
    main.o(.text) refers to main.o(.data) for .data
    main.o(.text) refers to main.o(.constdata) for .constdata
    main.o(.text) refers to chezaibeijing.o(.constdata) for image_chezaibeijing
    main.o(.text) refers to printfa.o(i.__0sprintf) for __2sprintf
    main.o(.text) refers to f2d.o(.text) for __aeabi_f2d
    main.o(.text) refers to lv_timer.o(.text) for lv_timer_handler
    main.o(.text) refers to uart.o(.text) for UART1_Init
    main.o(.text) refers to led.o(.text) for LED_Init
    main.o(.text) refers to buzzer.o(.text) for BUZZER_Init
    main.o(.text) refers to key.o(.text) for KEY_Init
    main.o(.text) refers to lv_obj.o(.text) for lv_init
    main.o(.text) refers to lv_port_disp.o(.text) for lv_port_disp_init
    main.o(.text) refers to lv_port_indev.o(.text) for lv_port_indev_init
    main.o(.text) refers to misc.o(.text) for NVIC_PriorityGroupConfig
    main.o(.text) refers to event_groups.o(.text) for xEventGroupCreate
    main.o(.text) refers to lv_hal_tick.o(.text) for lv_tick_inc
    main.o(.text) refers to lv_hal_disp.o(.text) for lv_disp_get_default
    main.o(.text) refers to lv_disp.o(.text) for lv_disp_get_scr_act
    main.o(.text) refers to system_stm32f4xx.o(.data) for SystemCoreClock
    main.o(.constdata) refers to main.o(.conststring) for .conststring
    system_stm32f4xx.o(.text) refers to system_stm32f4xx.o(.data) for .data
    lvgl_font.o(.constdata) refers to lvgl_font.o(.constdata) for unicode_list_1
    lvgl_font.o(.constdata) refers to lvgl_font.o(.constdata) for glyph_bitmap
    lvgl_font.o(.constdata) refers to lvgl_font.o(.constdata) for glyph_dsc
    lvgl_font.o(.constdata) refers to lvgl_font.o(.constdata) for cmaps
    lvgl_font.o(.constdata) refers to lvgl_font.o(.data) for cache
    lvgl_font.o(.constdata) refers to lv_font_fmt_txt.o(.text) for lv_font_get_glyph_dsc_fmt_txt
    lvgl_font.o(.constdata) refers to lvgl_font.o(.constdata) for font_dsc
    tupian.o(.constdata) refers to tupian.o(.constdata) for img_tupian_map
    xiangyu.o(.constdata) refers to xiangyu.o(.constdata) for img_xiangyu_map
    chezaibeijing.o(.constdata) refers to chezaibeijing.o(.constdata) for img_chezaibeijing_map
    buzzer.o(.text) refers to stm32f4xx_rcc.o(.text) for RCC_AHB1PeriphClockCmd
    buzzer.o(.text) refers to stm32f4xx_gpio.o(.text) for GPIO_Init
    buzzer.o(.text) refers to delay.o(.text) for delay_ms
    key.o(.text) refers to stm32f4xx_rcc.o(.text) for RCC_AHB1PeriphClockCmd
    key.o(.text) refers to stm32f4xx_gpio.o(.text) for GPIO_Init
    led.o(.text) refers to stm32f4xx_rcc.o(.text) for RCC_AHB1PeriphClockCmd
    led.o(.text) refers to stm32f4xx_gpio.o(.text) for GPIO_Init
    led.o(.text) refers to delay.o(.text) for delay_ms
    exti.o(.text) refers to key.o(.text) for KEY_Init
    exti.o(.text) refers to stm32f4xx_rcc.o(.text) for RCC_APB2PeriphClockCmd
    exti.o(.text) refers to stm32f4xx_syscfg.o(.text) for SYSCFG_EXTILineConfig
    exti.o(.text) refers to stm32f4xx_exti.o(.text) for EXTI_Init
    exti.o(.text) refers to misc.o(.text) for NVIC_Init
    exti.o(.text) refers to delay.o(.text) for DELAY_MyNms
    timer.o(.text) refers to stm32f4xx_rcc.o(.text) for RCC_APB1PeriphClockCmd
    timer.o(.text) refers to misc.o(.text) for NVIC_Init
    timer.o(.text) refers to stm32f4xx_tim.o(.text) for TIM_TimeBaseInit
    timer.o(.text) refers to lv_hal_tick.o(.text) for lv_tick_inc
    at24cxx.o(.text) refers to iic.o(.text) for IIC_Init
    at24cxx.o(.text) refers to delay.o(.text) for delay_ms
[...]
    lv_roller_set_options                    0x0802fb99   Thumb Code   212  lv_roller.o(.text)
    lv_roller_set_selected                   0x0802fd85   Thumb Code    90  lv_roller.o(.text)
    lv_roller_set_visible_row_count          0x0802fddf   Thumb Code    56  lv_roller.o(.text)
    lv_roller_get_selected                   0x0802fe17   Thumb Code    32  lv_roller.o(.text)
    lv_roller_get_selected_str               0x0802fe37   Thumb Code    92  lv_roller.o(.text)
    lv_roller_get_options                    0x0802fe93   Thumb Code    14  lv_roller.o(.text)
    lv_roller_get_option_cnt                 0x0802fea1   Thumb Code    18  lv_roller.o(.text)
    lv_slider_create                         0x080305bd   Thumb Code    20  lv_slider.o(.text)
    lv_slider_is_dragged                     0x080305d1   Thumb Code    10  lv_slider.o(.text)
    lv_switch_create                         0x08030db1   Thumb Code    20  lv_switch.o(.text)
    lv_table_create                          0x080310f1   Thumb Code    20  lv_table.o(.text)
    lv_table_set_row_cnt                     0x08031471   Thumb Code   158  lv_table.o(.text)
    lv_table_set_col_cnt                     0x0803150f   Thumb Code   242  lv_table.o(.text)
    lv_table_set_cell_value                  0x08031601   Thumb Code   154  lv_table.o(.text)
    lv_table_set_cell_value_fmt              0x0803169b   Thumb Code   198  lv_table.o(.text)
    lv_table_set_col_width                   0x08031761   Thumb Code    40  lv_table.o(.text)
    lv_table_add_cell_ctrl                   0x08031789   Thumb Code   114  lv_table.o(.text)
    lv_table_clear_cell_ctrl                 0x080317fb   Thumb Code   112  lv_table.o(.text)
    lv_table_set_cell_user_data              0x0803186b   Thumb Code   122  lv_table.o(.text)
    lv_table_get_cell_value                  0x080318e5   Thumb Code    46  lv_table.o(.text)
    lv_table_get_row_cnt                     0x08031913   Thumb Code     4  lv_table.o(.text)
    lv_table_get_col_cnt                     0x08031917   Thumb Code     4  lv_table.o(.text)
    lv_table_get_col_width                   0x0803191b   Thumb Code    18  lv_table.o(.text)
    lv_table_has_cell_ctrl                   0x0803192d   Thumb Code    54  lv_table.o(.text)
    lv_table_get_selected_cell               0x08031963   Thumb Code    10  lv_table.o(.text)
    lv_table_get_cell_user_data              0x0803196d   Thumb Code    46  lv_table.o(.text)
    lv_textarea_create                       0x08032275   Thumb Code    20  lv_textarea.o(.text)
    lv_textarea_get_cursor_pos               0x08032289   Thumb Code     4  lv_textarea.o(.text)
    lv_textarea_set_cursor_pos               0x08032543   Thumb Code   226  lv_textarea.o(.text)
    lv_textarea_get_password_bullet          0x08032625   Thumb Code    42  lv_textarea.o(.text)
    lv_textarea_clear_selection              0x08032729   Thumb Code    50  lv_textarea.o(.text)
    lv_textarea_get_text                     0x0803275b   Thumb Code    18  lv_textarea.o(.text)
    lv_textarea_get_max_length               0x0803276d   Thumb Code     4  lv_textarea.o(.text)
    lv_textarea_get_accepted_chars           0x08032771   Thumb Code     4  lv_textarea.o(.text)
    lv_textarea_add_text                     0x08032775   Thumb Code   206  lv_textarea.o(.text)
    lv_textarea_add_char                     0x08032879   Thumb Code   250  lv_textarea.o(.text)
    lv_textarea_del_char                     0x08032973   Thumb Code   142  lv_textarea.o(.text)
    lv_textarea_del_char_forward             0x08032a01   Thumb Code    28  lv_textarea.o(.text)
    lv_textarea_set_text                     0x08032a1d   Thumb Code   224  lv_textarea.o(.text)
    lv_textarea_set_placeholder_text         0x08032afd   Thumb Code    74  lv_textarea.o(.text)
    lv_textarea_set_cursor_click_pos         0x08032b47   Thumb Code    12  lv_textarea.o(.text)
    lv_textarea_set_password_mode            0x08032b53   Thumb Code   108  lv_textarea.o(.text)
    lv_textarea_set_password_bullet          0x08032bbf   Thumb Code    54  lv_textarea.o(.text)
    lv_textarea_set_one_line                 0x08032bf5   Thumb Code   120  lv_textarea.o(.text)
    lv_textarea_set_accepted_chars           0x08032c6d   Thumb Code     4  lv_textarea.o(.text)
    lv_textarea_set_max_length               0x08032c71   Thumb Code     4  lv_textarea.o(.text)
    lv_textarea_set_insert_replace           0x08032c75   Thumb Code     6  lv_textarea.o(.text)
    lv_textarea_set_text_selection           0x08032c7b   Thumb Code    20  lv_textarea.o(.text)
    lv_textarea_set_password_show_time       0x08032c8f   Thumb Code     4  lv_textarea.o(.text)
    lv_textarea_get_label                    0x08032c93   Thumb Code     4  lv_textarea.o(.text)
    lv_textarea_set_align                    0x08032c97   Thumb Code    52  lv_textarea.o(.text)
    lv_textarea_get_placeholder_text         0x08032ccb   Thumb Code    12  lv_textarea.o(.text)
    lv_textarea_get_cursor_click_pos         0x08032cd7   Thumb Code    10  lv_textarea.o(.text)
    lv_textarea_get_password_mode            0x08032ce1   Thumb Code    10  lv_textarea.o(.text)
    lv_textarea_get_one_line                 0x08032ceb   Thumb Code    10  lv_textarea.o(.text)
    lv_textarea_text_is_selected             0x08032cf5   Thumb Code    36  lv_textarea.o(.text)
    lv_textarea_get_text_selection           0x08032d19   Thumb Code    10  lv_textarea.o(.text)
    lv_textarea_get_password_show_time       0x08032d23   Thumb Code     4  lv_textarea.o(.text)
    lv_textarea_cursor_right                 0x08032d27   Thumb Code     6  lv_textarea.o(.text)
    lv_textarea_cursor_left                  0x08032d2d   Thumb Code    12  lv_textarea.o(.text)
    lv_textarea_cursor_down                  0x08032d39   Thumb Code    94  lv_textarea.o(.text)
    lv_textarea_cursor_up                    0x08032d97   Thumb Code    82  lv_textarea.o(.text)
    lv_port_disp_init                        0x080333b5   Thumb Code    80  lv_port_disp.o(.text)
    disp_enable_update                       0x08033405   Thumb Code     8  lv_port_disp.o(.text)
    disp_disable_update                      0x0803340d   Thumb Code     8  lv_port_disp.o(.text)
    lv_port_indev_init                       0x0803345d   Thumb Code    32  lv_port_indev.o(.text)
    xEventGroupCreate                        0x08033491   Thumb Code    26  event_groups.o(.text)
    xEventGroupSetBits                       0x080334ab   Thumb Code   140  event_groups.o(.text)
    xEventGroupSync                          0x08033537   Thumb Code   194  event_groups.o(.text)
    xEventGroupWaitBits                      0x080335f9   Thumb Code   258  event_groups.o(.text)
    xEventGroupClearBits                     0x080336fb   Thumb Code    64  event_groups.o(.text)
    xEventGroupGetBitsFromISR                0x0803373b   Thumb Code    26  event_groups.o(.text)
    vEventGroupDelete                        0x08033755   Thumb Code    70  event_groups.o(.text)
    vEventGroupSetBitsCallback               0x0803379b   Thumb Code     2  event_groups.o(.text)
    vEventGroupClearBitsCallback             0x0803379d   Thumb Code     2  event_groups.o(.text)
    uxEventGroupGetNumber                    0x0803379f   Thumb Code     8  event_groups.o(.text)
    vEventGroupSetNumber                     0x080337a7   Thumb Code     4  event_groups.o(.text)
    vListInitialise                          0x080337c5   Thumb Code    22  list.o(.text)
    vListInitialiseItem                      0x080337db   Thumb Code     6  list.o(.text)
    vListInsertEnd                           0x080337e1   Thumb Code    24  list.o(.text)
    vListInsert                              0x080337f9   Thumb Code    48  list.o(.text)
    uxListRemove                             0x08033829   Thumb Code    38  list.o(.text)
    xQueueGenericReset                       0x08033851   Thumb Code   132  queue.o(.text)
    xQueueGenericCreate                      0x080338d5   Thumb Code    82  queue.o(.text)
    xQueueGenericSend                        0x080339fb   Thumb Code   350  queue.o(.text)
    xQueueCreateMutex                        0x08033b59   Thumb Code    36  queue.o(.text)
    xQueueGiveMutexRecursive                 0x08033b7d   Thumb Code    62  queue.o(.text)
    xQueueSemaphoreTake                      0x08033bbb   Thumb Code   378  queue.o(.text)
    xQueueTakeMutexRecursive                 0x08033d35   Thumb Code    64  queue.o(.text)
    xQueueCreateCountingSemaphore            0x08033d75   Thumb Code    58  queue.o(.text)
    xQueueGenericSendFromISR                 0x08033daf   Thumb Code   188  queue.o(.text)
    xQueueGiveFromISR                        0x08033e6b   Thumb Code   156  queue.o(.text)
    xQueueReceive                            0x08033f2d   Thumb Code   306  queue.o(.text)
    xQueuePeek                               0x0803405f   Thumb Code   304  queue.o(.text)
    xQueueReceiveFromISR                     0x0803418f   Thumb Code   152  queue.o(.text)
    xQueuePeekFromISR                        0x08034227   Thumb Code   116  queue.o(.text)
    uxQueueMessagesWaiting                   0x0803429b   Thumb Code    36  queue.o(.text)
    uxQueueSpacesAvailable                   0x080342bf   Thumb Code    40  queue.o(.text)
    uxQueueMessagesWaitingFromISR            0x080342e7   Thumb Code    22  queue.o(.text)
    vQueueUnregisterQueue                    0x080342fd   Thumb Code    36  queue.o(.text)
    vQueueDelete                             0x08034321   Thumb Code    36  queue.o(.text)
    uxQueueGetQueueNumber                    0x08034345   Thumb Code     4  queue.o(.text)
    vQueueSetQueueNumber                     0x08034349   Thumb Code     4  queue.o(.text)
    ucQueueGetQueueType                      0x0803434d   Thumb Code     6  queue.o(.text)
    xQueueIsQueueEmptyFromISR                0x08034353   Thumb Code    30  queue.o(.text)
    xQueueIsQueueFullFromISR                 0x08034371   Thumb Code    34  queue.o(.text)
    vQueueAddToRegistry                      0x08034393   Thumb Code    32  queue.o(.text)
    pcQueueGetName                           0x080343b3   Thumb Code    34  queue.o(.text)
    vQueueWaitForMessageRestricted           0x080343d5   Thumb Code    68  queue.o(.text)
    xTaskCreate                              0x08034501   Thumb Code    86  tasks.o(.text)
    vTaskDelete                              0x08034557   Thumb Code   158  tasks.o(.text)
    xTaskIncrementTick                       0x080345f5   Thumb Code   200  tasks.o(.text)
    xTaskResumeAll                           0x080346bd   Thumb Code   184  tasks.o(.text)
    vTaskSuspendAll                          0x080347db   Thumb Code    10  tasks.o(.text)
    vTaskDelayUntil                          0x080347e5   Thumb Code   148  tasks.o(.text)
    vTaskDelay                               0x08034879   Thumb Code    66  tasks.o(.text)
    eTaskGetState                            0x080348bb   Thumb Code   104  tasks.o(.text)
    uxTaskPriorityGet                        0x08034923   Thumb Code    24  tasks.o(.text)
    uxTaskPriorityGetFromISR                 0x0803493b   Thumb Code    40  tasks.o(.text)
    vTaskPrioritySet                         0x08034963   Thumb Code   184  tasks.o(.text)
    vTaskSwitchContext                       0x08034a1b   Thumb Code    84  tasks.o(.text)
    vTaskSuspend                             0x08034a6f   Thumb Code   170  tasks.o(.text)
    vTaskResume                              0x08034b49   Thumb Code   114  tasks.o(.text)
    xTaskResumeFromISR                       0x08034bbb   Thumb Code   128  tasks.o(.text)
    vTaskStartScheduler                      0x08034c9b   Thumb Code    94  tasks.o(.text)
    vTaskEndScheduler                        0x08034cf9   Thumb Code    26  tasks.o(.text)
    xTaskGetTickCount                        0x08034d13   Thumb Code     8  tasks.o(.text)
    xTaskGetTickCountFromISR                 0x08034d1b   Thumb Code    14  tasks.o(.text)
    uxTaskGetNumberOfTasks                   0x08034d29   Thumb Code     8  tasks.o(.text)
    pcTaskGetName                            0x08034d31   Thumb Code    30  tasks.o(.text)
    vTaskGetInfo                             0x08034d4f   Thumb Code   122  tasks.o(.text)
    uxTaskGetSystemState                     0x08034e1d   Thumb Code   162  tasks.o(.text)
    vTaskPlaceOnEventList                    0x08034ebf   Thumb Code    44  tasks.o(.text)
    vTaskPlaceOnUnorderedEventList           0x08034eeb   Thumb Code    72  tasks.o(.text)
    vTaskPlaceOnEventListRestricted          0x08034f33   Thumb Code    52  tasks.o(.text)
    xTaskRemoveFromEventList                 0x08034f67   Thumb Code   108  tasks.o(.text)
    vTaskRemoveFromUnorderedEventList        0x08034fd3   Thumb Code   106  tasks.o(.text)
    vTaskSetTimeOutState                     0x0803503d   Thumb Code    46  tasks.o(.text)
    vTaskInternalSetTimeOutState             0x0803506b   Thumb Code    34  tasks.o(.text)
    xTaskCheckForTimeOut                     0x0803508d   Thumb Code   110  tasks.o(.text)
    vTaskMissedYield                         0x080350fb   Thumb Code     8  tasks.o(.text)
    uxTaskGetTaskNumber                      0x08035103   Thumb Code     8  tasks.o(.text)
    vTaskSetTaskNumber                       0x0803510b   Thumb Code     8  tasks.o(.text)
    xTaskGetCurrentTaskHandle                0x08035113   Thumb Code     6  tasks.o(.text)
    xTaskGetSchedulerState                   0x08035119   Thumb Code    22  tasks.o(.text)
    xTaskPriorityInherit                     0x0803512f   Thumb Code   140  tasks.o(.text)
    xTaskPriorityDisinherit                  0x080351bb   Thumb Code   144  tasks.o(.text)
    vTaskPriorityDisinheritAfterTimeout      0x0803524b   Thumb Code   162  tasks.o(.text)
    uxTaskResetEventItemValue                0x080352ed   Thumb Code    20  tasks.o(.text)
    pvTaskIncrementMutexHeldCount            0x08035301   Thumb Code    18  tasks.o(.text)
    ulTaskNotifyTake                         0x08035313   Thumb Code    96  tasks.o(.text)
    xTaskNotifyWait                          0x08035373   Thumb Code   128  tasks.o(.text)
    xTaskGenericNotify                       0x080353f3   Thumb Code   226  tasks.o(.text)
    xTaskGenericNotifyFromISR                0x080354d5   Thumb Code   248  tasks.o(.text)
    vTaskNotifyGiveFromISR                   0x080355cd   Thumb Code   170  tasks.o(.text)
    xTaskNotifyStateClear                    0x08035677   Thumb Code    44  tasks.o(.text)
    xTimerGenericCommand                     0x080357bd   Thumb Code    88  timers.o(.text)
    xTimerCreateTimerTask                    0x0803595f   Thumb Code    58  timers.o(.text)
    xTimerCreate                             0x08035999   Thumb Code    98  timers.o(.text)
    xTimerGetTimerDaemonTaskHandle           0x080359fb   Thumb Code    26  timers.o(.text)
    xTimerGetPeriod                          0x08035a15   Thumb Code    22  timers.o(.text)
    vTimerSetReloadMode                      0x08035a2b   Thumb Code    54  timers.o(.text)
    xTimerGetExpiryTime                      0x08035a61   Thumb Code    22  timers.o(.text)
    pcTimerGetName                           0x08035a77   Thumb Code    22  timers.o(.text)
    xTimerIsTimerActive                      0x08035a8d   Thumb Code    48  timers.o(.text)
    pvTimerGetTimerID                        0x08035abd   Thumb Code    36  timers.o(.text)
    vTimerSetTimerID                         0x08035ae1   Thumb Code    38  timers.o(.text)
    uxTimerGetTimerNumber                    0x08035b07   Thumb Code     4  timers.o(.text)
    vTimerSetTimerNumber                     0x08035b0b   Thumb Code     4  timers.o(.text)
    pvPortMalloc                             0x08035cc1   Thumb Code   210  heap_4.o(.text)
    vPortFree                                0x08035d93   Thumb Code    90  heap_4.o(.text)
    xPortGetFreeHeapSize                     0x08035ded   Thumb Code     8  heap_4.o(.text)
    xPortGetMinimumEverFreeHeapSize          0x08035df5   Thumb Code     8  heap_4.o(.text)
    vPortInitialiseBlocks                    0x08035dfd   Thumb Code     2  heap_4.o(.text)
    pxPortInitialiseStack                    0x08035e6d   Thumb Code    40  port.o(.text)
    vPortSetupTimerInterrupt                 0x08035e95   Thumb Code    32  port.o(.text)
    xPortStartScheduler                      0x08035eb5   Thumb Code   224  port.o(.text)
    vPortEndScheduler                        0x08035f95   Thumb Code    28  port.o(.text)
    vPortEnterCritical                       0x08035fb1   Thumb Code    56  port.o(.text)
    vPortExitCritical                        0x08035fe9   Thumb Code    34  port.o(.text)
    SysTick_Handler                          0x0803600b   Thumb Code    40  port.o(.text)
    vPortValidateInterruptPriority           0x08036033   Thumb Code    76  port.o(.text)
    RTC_ConfigInit                           0x0803609d   Thumb Code    70  rtc.o(.text)
    RTC_SetDateTime                          0x080360e3   Thumb Code    56  rtc.o(.text)
    __aeabi_uldivmod                         0x0803611b   Thumb Code    98  uldiv.o(.text)
    ___aeabi_memcpy8$move                    0x0803617d   Thumb Code     0  memmovea.o(.text)
    __aeabi_memcpy                           0x0803617d   Thumb Code    64  memmovea.o(.text)
    __aeabi_memcpy4                          0x0803617d   Thumb Code     0  memmovea.o(.text)
    __aeabi_memmove                          0x0803617d   Thumb Code     0  memmovea.o(.text)
    __aeabi_memmove4                         0x0803617d   Thumb Code     0  memmovea.o(.text)
    __aeabi_memmove8                         0x0803617d   Thumb Code     0  memmovea.o(.text)
    __aeabi_memset                           0x080361bd   Thumb Code    14  memseta.o(.text)
    __aeabi_memset4                          0x080361bd   Thumb Code     0  memseta.o(.text)
    __aeabi_memset8                          0x080361bd   Thumb Code     0  memseta.o(.text)
    __aeabi_memclr                           0x080361cb   Thumb Code     4  memseta.o(.text)
    __aeabi_memclr4                          0x080361cb   Thumb Code     0  memseta.o(.text)
    __aeabi_memclr8                          0x080361cb   Thumb Code     0  memseta.o(.text)
    memset                                   0x080361cf   Thumb Code    18  memseta.o(.text)
    strcat                                   0x080361e1   Thumb Code    24  strcat.o(.text)
    strstr                                   0x080361f9   Thumb Code    36  strstr.o(.text)
    strlen                                   0x0803621d   Thumb Code    14  strlen.o(.text)
    strcmp                                   0x0803622b   Thumb Code    28  strcmp.o(.text)
    memcmp                                   0x08036247   Thumb Code    26  memcmp.o(.text)
    strcpy                                   0x08036261   Thumb Code    18  strcpy.o(.text)
    strncmp                                  0x08036273   Thumb Code    30  strncmp.o(.text)
    __0sscanf                                0x08036291   Thumb Code    48  __0sscanf.o(.text)
    _scanf_string                            0x080362c9   Thumb Code   224  _scanf_str.o(.text)
    atoi                                     0x080363a9   Thumb Code    26  atoi.o(.text)
    __aeabi_dmul                             0x080363c3   Thumb Code   228  dmul.o(.text)
    __aeabi_ui2d                             0x080364a7   Thumb Code    26  dfltui.o(.text)
    __aeabi_d2uiz                            0x080364c1   Thumb Code    50  dfixui.o(.text)
    __aeabi_f2d                              0x080364f3   Thumb Code    38  f2d.o(.text)
    __aeabi_cdcmpeq                          0x08036519   Thumb Code     0  cdcmple.o(.text)
    __aeabi_cdcmple                          0x08036519   Thumb Code    48  cdcmple.o(.text)
    __aeabi_cdrcmple                         0x08036549   Thumb Code    48  cdrcmple.o(.text)
    __aeabi_uidiv                            0x08036579   Thumb Code     0  uidiv.o(.text)
    __aeabi_uidivmod                         0x08036579   Thumb Code    44  uidiv.o(.text)
    __aeabi_llsl                             0x080365a5   Thumb Code    30  llshl.o(.text)
    _ll_shift_l                              0x080365a5   Thumb Code     0  llshl.o(.text)
    __aeabi_llsr                             0x080365c3   Thumb Code    32  llushr.o(.text)
    _ll_ushift_r                             0x080365c3   Thumb Code     0  llushr.o(.text)
    __vfscanf_char                           0x080365f1   Thumb Code    20  scanf_char.o(.text)
    _sgetc                                   0x0803660d   Thumb Code    30  _sgetc.o(.text)
    _sbackspace                              0x0803662b   Thumb Code    34  _sgetc.o(.text)
    strtol                                   0x0803664d   Thumb Code   112  strtol.o(.text)
    __I$use$fp                               0x080366bd   Thumb Code     0  iusefp.o(.text)
    _double_round                            0x080366bd   Thumb Code    30  depilogue.o(.text)
    _double_epilogue                         0x080366db   Thumb Code   156  depilogue.o(.text)
    __aeabi_dadd                             0x08036777   Thumb Code   322  dadd.o(.text)
    __aeabi_dsub                             0x080368b9   Thumb Code     6  dadd.o(.text)
    __aeabi_drsub                            0x080368bf   Thumb Code     6  dadd.o(.text)
    __aeabi_ddiv                             0x080368c5   Thumb Code   222  ddiv.o(.text)
    _dsqrt                                   0x080369a3   Thumb Code   162  dsqrt.o(.text)
    __aeabi_d2ulz                            0x08036a45   Thumb Code    48  dfixul.o(.text)
    __scatterload                            0x08036a75   Thumb Code    28  init.o(.text)
    __scatterload_rt2                        0x08036a75   Thumb Code     0  init.o(.text)
    __aeabi_lasr                             0x08036a99   Thumb Code    36  llsshr.o(.text)
    _ll_sshift_r                             0x08036a99   Thumb Code     0  llsshr.o(.text)
    __rt_ctype_table                         0x08036abd   Thumb Code     4  ctype_o.o(.text)
    isspace                                  0x08036ac5   Thumb Code    18  isspace_o.o(.text)
    __vfscanf                                0x08036ad9   Thumb Code   810  _scanf.o(.text)
    _strtoul                                 0x08036e09   Thumb Code   158  _strtoul.o(.text)
    _chval                                   0x08036ea7   Thumb Code    28  _chval.o(.text)
    __decompress                             0x08036ec3   Thumb Code     0  __dczerorl2.o(.text)
    __decompress1                            0x08036ec3   Thumb Code    86  __dczerorl2.o(.text)
    __0printf                                0x08036f19   Thumb Code    22  printfa.o(i.__0printf)
    __1printf                                0x08036f19   Thumb Code     0  printfa.o(i.__0printf)
    __2printf                                0x08036f19   Thumb Code     0  printfa.o(i.__0printf)
    __c89printf                              0x08036f19   Thumb Code     0  printfa.o(i.__0printf)
    printf                                   0x08036f19   Thumb Code     0  printfa.o(i.__0printf)
    __0sprintf                               0x08036f39   Thumb Code    34  printfa.o(i.__0sprintf)
    __1sprintf                               0x08036f39   Thumb Code     0  printfa.o(i.__0sprintf)
    __2sprintf                               0x08036f39   Thumb Code     0  printfa.o(i.__0sprintf)
    __c89sprintf                             0x08036f39   Thumb Code     0  printfa.o(i.__0sprintf)
    sprintf                                  0x08036f39   Thumb Code     0  printfa.o(i.__0sprintf)
    __aeabi_errno_addr                       0x08036f61   Thumb Code     4  errno.o(i.__aeabi_errno_addr)
    __rt_errno_addr                          0x08036f61   Thumb Code     0  errno.o(i.__aeabi_errno_addr)
    __hardfp_sqrt                            0x08036f69   Thumb Code   122  sqrt.o(i.__hardfp_sqrt)
    __scatterload_copy                       0x08036fe3   Thumb Code    14  handlers.o(i.__scatterload_copy)
    __scatterload_null                       0x08036ff1   Thumb Code     2  handlers.o(i.__scatterload_null)
    __scatterload_zeroinit                   0x08036ff3   Thumb Code    14  handlers.o(i.__scatterload_zeroinit)
    __set_errno                              0x08037001   Thumb Code     6  errno.o(i.__set_errno)
    img_chezaibeijing_map                    0x080378ec   Data       153600  chezaibeijing.o(.constdata)
    image_chezaibeijing                      0x0805d0ec   Data          12  chezaibeijing.o(.constdata)
    asc2_1206                                0x0805d0f8   Data        1140  lcd_font.o(.constdata)
    asc2_1608                                0x0805d56c   Data        1520  lcd_font.o(.constdata)
    asc2_2412                                0x0805db5c   Data        3420  lcd_font.o(.constdata)
    g_font_dot_matrix_32                     0x0805e8b8   Data        3584  lcd_font.o(.constdata)
    TP_REMIND_MSG_TBL                        0x0805f6b8   Data           4  lcd_touch.o(.constdata)
    FSMC_DefaultTimingStruct                 0x0805f6bc   Data          28  stm32f4xx_fsmc.o(.constdata)
    lv_obj_class                             0x0805f6d8   Data          28  lv_obj.o(.constdata)
    _lv_bpp1_opa_table                       0x0805f6fc   Data           2  lv_draw_sw_letter.o(.constdata)
    _lv_bpp2_opa_table                       0x0805f6fe   Data           4  lv_draw_sw_letter.o(.constdata)
    _lv_bpp4_opa_table                       0x0805f702   Data          16  lv_draw_sw_letter.o(.constdata)
    _lv_bpp8_opa_table                       0x0805f712   Data         256  lv_draw_sw_letter.o(.constdata)
    lv_calendar_class                        0x0805f854   Data          28  lv_calendar.o(.constdata)
    lv_calendar_header_arrow_class           0x0805f870   Data          28  lv_calendar_header_arrow.o(.constdata)
    lv_calendar_header_dropdown_class        0x0805f88c   Data          28  lv_calendar_header_dropdown.o(.constdata)
    lv_chart_class                           0x0805f8a8   Data          28  lv_chart.o(.constdata)
    lv_colorwheel_class                      0x0805f8c4   Data          28  lv_colorwheel.o(.constdata)
    lv_keyboard_class                        0x0805f8e0   Data          28  lv_keyboard.o(.constdata)
    lv_led_class                             0x0805fc74   Data          28  lv_led.o(.constdata)
    lv_list_class                            0x0805fc90   Data          28  lv_list.o(.constdata)
    lv_list_btn_class                        0x0805fcac   Data          28  lv_list.o(.constdata)
    lv_list_text_class                       0x0805fcc8   Data          28  lv_list.o(.constdata)
    lv_menu_class                            0x0805fce4   Data          28  lv_menu.o(.constdata)
    lv_menu_page_class                       0x0805fd00   Data          28  lv_menu.o(.constdata)
    lv_menu_cont_class                       0x0805fd1c   Data          28  lv_menu.o(.constdata)
    lv_menu_section_class                    0x0805fd38   Data          28  lv_menu.o(.constdata)
    lv_menu_separator_class                  0x0805fd54   Data          28  lv_menu.o(.constdata)
    lv_menu_sidebar_cont_class               0x0805fd70   Data          28  lv_menu.o(.constdata)
    lv_menu_main_cont_class                  0x0805fd8c   Data          28  lv_menu.o(.constdata)
    lv_menu_main_header_cont_class           0x0805fda8   Data          28  lv_menu.o(.constdata)
    lv_menu_sidebar_header_cont_class        0x0805fdc4   Data          28  lv_menu.o(.constdata)
    lv_meter_class                           0x0805fde0   Data          28  lv_meter.o(.constdata)
    lv_msgbox_class                          0x0805fdfc   Data          28  lv_msgbox.o(.constdata)
    lv_msgbox_content_class                  0x0805fe18   Data          28  lv_msgbox.o(.constdata)
    lv_msgbox_backdrop_class                 0x0805fe34   Data          28  lv_msgbox.o(.constdata)
    lv_spinbox_class                         0x0805fe50   Data          28  lv_spinbox.o(.constdata)
    lv_spinner_class                         0x0805fe6c   Data          28  lv_spinner.o(.constdata)
    lv_tabview_class                         0x0805fe88   Data          28  lv_tabview.o(.constdata)
    lv_tileview_class                        0x0805fea4   Data          28  lv_tileview.o(.constdata)
    lv_tileview_tile_class                   0x0805fec0   Data          28  lv_tileview.o(.constdata)
    lv_win_class                             0x0805fedc   Data          28  lv_win.o(.constdata)
    lv_font_montserrat_14                    0x08063420   Data          28  lv_font_montserrat_14.o(.constdata)
    _lv_style_builtin_prop_flag_lookup_table 0x08063674   Data         113  lv_style.o(.constdata)
    lv_arc_class                             0x080636e8   Data          28  lv_arc.o(.constdata)
    lv_bar_class                             0x08063704   Data          28  lv_bar.o(.constdata)
    lv_btn_class                             0x08063720   Data          28  lv_btn.o(.constdata)
    lv_btnmatrix_class                       0x0806373c   Data          28  lv_btnmatrix.o(.constdata)
    lv_checkbox_class                        0x08063758   Data          28  lv_checkbox.o(.constdata)
    lv_dropdown_class                        0x08063774   Data          28  lv_dropdown.o(.constdata)
    lv_dropdownlist_class                    0x08063790   Data          28  lv_dropdown.o(.constdata)
    lv_img_class                             0x080637ac   Data          28  lv_img.o(.constdata)
    lv_label_class                           0x080637c8   Data          28  lv_label.o(.constdata)
    lv_line_class                            0x080637e4   Data          28  lv_line.o(.constdata)
    lv_roller_class                          0x08063800   Data          28  lv_roller.o(.constdata)
    lv_roller_label_class                    0x0806381c   Data          28  lv_roller.o(.constdata)
    lv_slider_class                          0x08063838   Data          28  lv_slider.o(.constdata)
    lv_switch_class                          0x08063854   Data          28  lv_switch.o(.constdata)
    lv_table_class                           0x08063870   Data          28  lv_table.o(.constdata)
    lv_textarea_class                        0x0806388c   Data          28  lv_textarea.o(.constdata)
    __ctype_table                            0x080638a8   Data         129  ctype_o.o(.constdata)
    Region$$Table$$Base                      0x08063f38   Number         0  anon$$obj.o(Region$$Table)
    Region$$Table$$Limit                     0x08063f58   Number         0  anon$$obj.o(Region$$Table)
    app_task1_init_handle                    0x20000000   Data           4  main.o(.data)
    app_task2_lvgl_task_handle               0x20000004   Data           4  main.o(.data)
    app_task3_lvgl_handle                    0x20000008   Data           4  main.o(.data)
    app_task4_rtc_handle                     0x2000000c   Data           4  main.o(.data)
    app_task5_adc_handle                     0x20000010   Data           4  main.o(.data)
    app_task6_dht11_handle                   0x20000014   Data           4  main.o(.data)
    app_task9_mq2_handle                     0x20000018   Data           4  main.o(.data)
    app_task10_mq7_handle                    0x2000001c   Data           4  main.o(.data)
    app_task11_mq135_handle                  0x20000020   Data           4  main.o(.data)
    app_task12_esp8266_handle                0x20000024   Data           4  main.o(.data)
    SystemCoreClock                          0x20000038   Data           4  system_stm32f4xx.o(.data)
    AHBPrescTable                            0x2000003c   Data          16  system_stm32f4xx.o(.data)
    g_font_dot_matrix_32_index               0x2000004c   Data         112  lcd_font.o(.data)
    POINT_COLOR                              0x200000bc   Data           2  lcd_screen.o(.data)
    BACK_COLOR                               0x200000be   Data           2  lcd_screen.o(.data)
    CMD_RDX                                  0x200000c0   Data           1  lcd_touch.o(.data)
    CMD_RDY                                  0x200000c1   Data           1  lcd_touch.o(.data)
    tp_dev                                   0x200000c4   Data          52  lcd_touch.o(.data)
    ret_val                                  0x200000f8   Data           2  adc.o(.data)
    esp8266_transparent_transmission_sta     0x200000fc   Data           4  esp8266.o(.data)
    u1_count                                 0x20000104   Data           1  uart.o(.data)
    u1_flag                                  0x20000105   Data           1  uart.o(.data)
    u2_count                                 0x20000106   Data           1  uart.o(.data)
    u2_flag                                  0x20000107   Data           1  uart.o(.data)
    u3_flag                                  0x20000108   Data           1  uart.o(.data)
    u3_count                                 0x2000010a   Data           2  uart.o(.data)
    u3_len                                   0x2000010c   Data           2  uart.o(.data)
    __stdout                                 0x20000110   Data           4  uart.o(.data)
    LV_LAYOUT_FLEX                           0x20000174   Data           2  lv_flex.o(.data)
    LV_STYLE_FLEX_FLOW                       0x20000176   Data           2  lv_flex.o(.data)
    LV_STYLE_FLEX_MAIN_PLACE                 0x20000178   Data           2  lv_flex.o(.data)
    LV_STYLE_FLEX_CROSS_PLACE                0x2000017a   Data           2  lv_flex.o(.data)
    LV_STYLE_FLEX_TRACK_PLACE                0x2000017c   Data           2  lv_flex.o(.data)
    LV_STYLE_FLEX_GROW                       0x2000017e   Data           2  lv_flex.o(.data)
    LV_LAYOUT_GRID                           0x20000180   Data           2  lv_grid.o(.data)
    LV_STYLE_GRID_COLUMN_DSC_ARRAY           0x20000182   Data           2  lv_grid.o(.data)
    LV_STYLE_GRID_COLUMN_ALIGN               0x20000184   Data           2  lv_grid.o(.data)
    LV_STYLE_GRID_ROW_DSC_ARRAY              0x20000186   Data           2  lv_grid.o(.data)
    LV_STYLE_GRID_ROW_ALIGN                  0x20000188   Data           2  lv_grid.o(.data)
    LV_STYLE_GRID_CELL_COLUMN_POS            0x2000018a   Data           2  lv_grid.o(.data)
    LV_STYLE_GRID_CELL_COLUMN_SPAN           0x2000018c   Data           2  lv_grid.o(.data)
    LV_STYLE_GRID_CELL_X_ALIGN               0x2000018e   Data           2  lv_grid.o(.data)
    LV_STYLE_GRID_CELL_ROW_POS               0x20000190   Data           2  lv_grid.o(.data)
    LV_STYLE_GRID_CELL_ROW_SPAN              0x20000192   Data           2  lv_grid.o(.data)
    LV_STYLE_GRID_CELL_Y_ALIGN               0x20000194   Data           2  lv_grid.o(.data)
    _lv_layout_list                          0x200002b0   Data           4  lv_gc.o(.data)
    _lv_timer_act                            0x200002b4   Data           4  lv_gc.o(.data)
    _lv_theme_default_styles                 0x200002b8   Data           4  lv_gc.o(.data)
    _lv_theme_basic_styles                   0x200002bc   Data           4  lv_gc.o(.data)
    _lv_grad_cache_mem                       0x200002c0   Data           4  lv_gc.o(.data)
    _lv_style_custom_prop_flag_lookup_table  0x200002c4   Data           4  lv_gc.o(.data)
    _lv_style_custom_prop_flag_lookup_table_size 0x200002e0   Data           4  lv_style.o(.data)
    _lv_txt_encoded_size                     0x200002f8   Data           4  lv_txt.o(.data)
    _lv_txt_encoded_next                     0x200002fc   Data           4  lv_txt.o(.data)
    _lv_txt_encoded_get_byte_id              0x20000300   Data           4  lv_txt.o(.data)
    _lv_txt_unicode_to_encoded               0x20000304   Data           4  lv_txt.o(.data)
    _lv_txt_encoded_prev                     0x20000308   Data           4  lv_txt.o(.data)
    _lv_txt_encoded_get_char_id              0x2000030c   Data           4  lv_txt.o(.data)
    _lv_txt_get_encoded_length               0x20000310   Data           4  lv_txt.o(.data)
    disp_flush_enabled                       0x20000334   Data           1  lv_port_disp.o(.data)
    g_disp_drvp                              0x20000338   Data           4  lv_port_disp.o(.data)
    indev_touchpad                           0x20000340   Data           4  lv_port_indev.o(.data)
    pxCurrentTCB                             0x20000344   Data           4  tasks.o(.data)
    lcddev                                   0x200003bc   Data          14  lcd_screen.o(.bss)
    u1_recvbuf                               0x200003ca   Data         512  uart.o(.bss)
    u2_recvbuf                               0x200005ca   Data         512  uart.o(.bss)
    u3_recvbuf                               0x200007ca   Data         512  uart.o(.bss)
    _lv_timer_ll                             0x20000b30   Data          12  lv_gc.o(.bss)
    _lv_disp_ll                              0x20000b3c   Data          12  lv_gc.o(.bss)
    _lv_indev_ll                             0x20000b48   Data          12  lv_gc.o(.bss)
    _lv_fsdrv_ll                             0x20000b54   Data          12  lv_gc.o(.bss)
    _lv_anim_ll                              0x20000b60   Data          12  lv_gc.o(.bss)
    _lv_group_ll                             0x20000b6c   Data          12  lv_gc.o(.bss)
    _lv_img_decoder_ll                       0x20000b78   Data          12  lv_gc.o(.bss)
    _lv_obj_style_trans_ll                   0x20000b84   Data          12  lv_gc.o(.bss)
    _lv_img_cache_single                     0x20000b90   Data          44  lv_gc.o(.bss)
    lv_mem_buf                               0x20000bbc   Data         128  lv_gc.o(.bss)
    _lv_circle_cache                         0x20000c3c   Data         112  lv_gc.o(.bss)
    _lv_draw_mask_list                       0x20000cac   Data         128  lv_gc.o(.bss)
    xQueueRegistry                           0x2000c6b8   Data          64  queue.o(.bss)
    __initial_sp                             0x20015828   Data           0  startup_stm32f40_41xxx.o(STACK)



==============================================================================

Memory Map of the image

  Image Entry point : 0x08000189

  Load Region LR_IROM1 (Base: 0x08000000, Size: 0x00064314, Max: 0x00080000, ABSOLUTE, COMPRESSED[0x0006408c])

    Execution Region ER_IROM1 (Exec base: 0x08000000, Load base: 0x08000000, Size: 0x00063f58, Max: 0x00080000, ABSOLUTE)

    Exec Addr    Load Addr    Size         Type   Attr      Idx    E Section Name        Object

    0x08000000   0x08000000   0x00000188   Data   RO         2299    RESET               startup_stm32f40_41xxx.o
    0x08000188   0x08000188   0x00000000   Code   RO        27346  * .ARM.Collect$$$$00000000  mc_w.l(entry.o)
    0x08000188   0x08000188   0x00000004   Code   RO        27660    .ARM.Collect$$$$00000001  mc_w.l(entry2.o)
    0x0800018c   0x0800018c   0x00000004   Code   RO        27663    .ARM.Collect$$$$00000004  mc_w.l(entry5.o)
    0x08000190   0x08000190   0x00000000   Code   RO        27665    .ARM.Collect$$$$00000008  mc_w.l(entry7b.o)
    0x08000190   0x08000190   0x00000000   Code   RO        27667    .ARM.Collect$$$$0000000A  mc_w.l(entry8b.o)
    0x08000190   0x08000190   0x00000008   Code   RO        27668    .ARM.Collect$$$$0000000B  mc_w.l(entry9a.o)
    0x08000198   0x08000198   0x00000004   Code   RO        27675    .ARM.Collect$$$$0000000E  mc_w.l(entry12b.o)
    0x0800019c   0x0800019c   0x00000000   Code   RO        27670    .ARM.Collect$$$$0000000F  mc_w.l(entry10a.o)
    0x0800019c   0x0800019c   0x00000000   Code   RO        27672    .ARM.Collect$$$$00000011  mc_w.l(entry11a.o)
    0x0800019c   0x0800019c   0x00000004   Code   RO        27661    .ARM.Collect$$$$00002712  mc_w.l(entry2.o)
    0x080001a0   0x080001a0   0x000000be   Code   RO        27283    .emb_text           port.o
    0x0800025e   0x0800025e   0x00000002   PAD
    0x08000260   0x08000260   0x00000aa8   Code   RO            3    .text               main.o
    0x08000d08   0x08000d08   0x0000000c   Code   RO          684    .text               stm32f4xx_it.o
    0x08000d14   0x08000d14   0x0000017c   Code   RO          715    .text               system_stm32f4xx.o
    0x08000e90   0x08000e90   0x00000032   Code   RO          765    .text               my_lib.o
    0x08000ec2   0x08000ec2   0x00000002   PAD
    0x08000ec4   0x08000ec4   0x0000008c   Code   RO         1087    .text               buzzer.o
    0x08000f50   0x08000f50   0x00000044   Code   RO         1139    .text               key.o
    0x08000f94   0x08000f94   0x000001c4   Code   RO         1159    .text               led.o
    0x08001158   0x08001158   0x00000118   Code   RO         1179    .text               exti.o
    0x08001270   0x08001270   0x00000080   Code   RO         1203    .text               timer.o
    0x080012f0   0x080012f0   0x0000013e   Code   RO         1627    .text               at24cxx.o
    0x0800142e   0x0800142e   0x00000002   PAD
    0x08001430   0x08001430   0x00000224   Code   RO         1653    .text               iic.o
    0x08001654   0x08001654   0x00004778   Code   RO         1718    .text               lcd_screen.o
    0x08005dcc   0x08005dcc   0x00000c0c   Code   RO         1756    .text               lcd_touch.o
    0x080069d8   0x080069d8   0x000000a8   Code   RO         1793    .text               adc.o
    0x08006a80   0x08006a80   0x000001b4   Code   RO         1816    .text               dht11.o
    0x08006c34   0x08006c34   0x000000e4   Code   RO         1859    .text               mq2.o
    0x08006d18   0x08006d18   0x000000e8   Code   RO         1879    .text               mq7.o
    0x08006e00   0x08006e00   0x00000034   Code   RO         1899    .text               mq135.o
    0x08006e34   0x08006e34   0x00000448   Code   RO         1919    .text               esp8266.o
    0x0800727c   0x0800727c   0x00000260   Code   RO         1946    .text               esp8266_gettime.o
    0x080074dc   0x080074dc   0x000000d4   Code   RO         1991    .text               delay.o
    0x080075b0   0x080075b0   0x000003cc   Code   RO         2019    .text               uart.o
    0x0800797c   0x0800797c   0x0000020c   Code   RO         2052    .text               stm32f4xx_gpio.o
    0x08007b88   0x08007b88   0x00000480   Code   RO         2072    .text               stm32f4xx_rcc.o
    0x08008008   0x08008008   0x000000e0   Code   RO         2094    .text               stm32f4xx_exti.o
    0x080080e8   0x080080e8   0x0000007c   Code   RO         2114    .text               stm32f4xx_syscfg.o
    0x08008164   0x08008164   0x000000b0   Code   RO         2134    .text               misc.o
    0x08008214   0x08008214   0x000009dc   Code   RO         2154    .text               stm32f4xx_tim.o
    0x08008bf0   0x08008bf0   0x00000358   Code   RO         2175    .text               stm32f4xx_usart.o
    0x08008f48   0x08008f48   0x00000448   Code   RO         2215    .text               stm32f4xx_fsmc.o
    0x08009390   0x08009390   0x00000128   Code   RO         2238    .text               stm32f4xx_pwr.o
    0x080094b8   0x080094b8   0x00000a4c   Code   RO         2258    .text               stm32f4xx_rtc.o
    0x08009f04   0x08009f04   0x00000354   Code   RO         2279    .text               stm32f4xx_adc.o
    0x0800a258   0x0800a258   0x00000024   Code   RO         2300    .text               startup_stm32f40_41xxx.o
    0x0800a27c   0x0800a27c   0x00000558   Code   RO         2304    .text               lv_disp.o
    0x0800a7d4   0x0800a7d4   0x0000056c   Code   RO         2475    .text               lv_event.o
    0x0800ad40   0x0800ad40   0x00000584   Code   RO         2615    .text               lv_group.o
    0x0800b2c4   0x0800b2c4   0x00000dfc   Code   RO         2777    .text               lv_indev.o
    0x0800c0c0   0x0800c0c0   0x00000bbe   Code   RO         2836    .text               lv_indev_scroll.o
    0x0800cc7e   0x0800cc7e   0x00000002   PAD
    0x0800cc80   0x0800cc80   0x00000dd8   Code   RO         2921    .text               lv_obj.o
    0x0800da58   0x0800da58   0x000001d4   Code   RO         3263    .text               lv_obj_class.o
    0x0800dc2c   0x0800dc2c   0x00000764   Code   RO         3277    .text               lv_obj_draw.o
    0x0800e390   0x0800e390   0x0000165c   Code   RO         3430    .text               lv_obj_pos.o
    0x0800f9ec   0x0800f9ec   0x0000107c   Code   RO         3529    .text               lv_obj_scroll.o
    0x08010a68   0x08010a68   0x00000ee8   Code   RO         3630    .text               lv_obj_style.o
    0x08011950   0x08011950   0x000003de   Code   RO         3730    .text               lv_obj_style_gen.o
    0x08011d2e   0x08011d2e   0x00000002   PAD
    0x08011d30   0x08011d30   0x00000500   Code   RO         3775    .text               lv_obj_tree.o
    0x08012230   0x08012230   0x00001378   Code   RO         3855    .text               lv_refr.o
    0x080135a8   0x080135a8   0x000000d4   Code   RO         3966    .text               lv_theme.o
    0x0801367c   0x0801367c   0x0000000c   Code   RO         4383    .text               lv_draw.o
    0x08013688   0x08013688   0x0000040e   Code   RO         4523    .text               lv_draw_arc.o
    0x08013a96   0x08013a96   0x00000002   PAD
    0x08013a98   0x08013a98   0x000003a4   Code   RO         4574    .text               lv_draw_img.o
    0x08013e3c   0x08013e3c   0x00000618   Code   RO         4693    .text               lv_draw_label.o
    0x08014454   0x08014454   0x000000b2   Code   RO         4788    .text               lv_draw_layer.o
    0x08014506   0x08014506   0x00000058   Code   RO         4845    .text               lv_draw_line.o
    0x0801455e   0x0801455e   0x00000002   PAD
    0x08014560   0x08014560   0x000014cc   Code   RO         4997    .text               lv_draw_mask.o
    0x08015a2c   0x08015a2c   0x000000f4   Code   RO         5063    .text               lv_draw_rect.o
    0x08015b20   0x08015b20   0x00000036   Code   RO         5118    .text               lv_draw_transform.o
    0x08015b56   0x08015b56   0x00000002   PAD
    0x08015b58   0x08015b58   0x00000676   Code   RO         5163    .text               lv_img_buf.o
    0x080161ce   0x080161ce   0x00000002   PAD
    0x080161d0   0x080161d0   0x00000058   Code   RO         5200    .text               lv_img_cache.o
    0x08016228   0x08016228   0x00000818   Code   RO         5247    .text               lv_img_decoder.o
    0x08016a40   0x08016a40   0x000000f8   Code   RO         5308    .text               lv_draw_sw.o
    0x08016b38   0x08016b38   0x00000a70   Code   RO         5448    .text               lv_draw_sw_arc.o
    0x080175a8   0x080175a8   0x00000dba   Code   RO         5549    .text               lv_draw_sw_blend.o
    0x08018362   0x08018362   0x00000002   PAD
    0x08018364   0x08018364   0x00000400   Code   RO         5686    .text               lv_draw_sw_gradient.o
    0x08018764   0x08018764   0x000004e0   Code   RO         5744    .text               lv_draw_sw_img.o
    0x08018c44   0x08018c44   0x000001d4   Code   RO         5831    .text               lv_draw_sw_layer.o
    0x08018e18   0x08018e18   0x000003dc   Code   RO         5915    .text               lv_draw_sw_letter.o
    0x080191f4   0x080191f4   0x000007cc   Code   RO         6012    .text               lv_draw_sw_line.o
    0x080199c0   0x080199c0   0x0000027c   Code   RO         6104    .text               lv_draw_sw_polygon.o
    0x08019c3c   0x08019c3c   0x00001baa   Code   RO         6169    .text               lv_draw_sw_rect.o
    0x0801b7e6   0x0801b7e6   0x00000002   PAD
    0x0801b7e8   0x0801b7e8   0x000006a4   Code   RO         6217    .text               lv_draw_sw_transform.o
    0x0801be8c   0x0801be8c   0x0000000e   Code   RO         6304    .text               lv_extra.o
    0x0801be9a   0x0801be9a   0x00000002   PAD
    0x0801be9c   0x0801be9c   0x00000adc   Code   RO         6720    .text               lv_flex.o
    0x0801c978   0x0801c978   0x00000ad0   Code   RO         6895    .text               lv_grid.o
    0x0801d448   0x0801d448   0x00002528   Code   RO        13636    .text               lv_theme_default.o
    0x0801f970   0x0801f970   0x000004d4   Code   RO        14902    .text               lv_calendar.o
    0x0801fe44   0x0801fe44   0x000001b8   Code   RO        15323    .text               lv_calendar_header_arrow.o
    0x0801fffc   0x0801fffc   0x00000154   Code   RO        15512    .text               lv_calendar_header_dropdown.o
    0x08020150   0x08020150   0x00002080   Code   RO        15625    .text               lv_chart.o
    0x080221d0   0x080221d0   0x00000a78   Code   RO        16044    .text               lv_colorwheel.o
    0x08022c48   0x08022c48   0x00000360   Code   RO        16882    .text               lv_keyboard.o
    0x08022fa8   0x08022fa8   0x00000368   Code   RO        17077    .text               lv_led.o
    0x08023310   0x08023310   0x000007e4   Code   RO        17685    .text               lv_menu.o
    0x08023af4   0x08023af4   0x00000ca8   Code   RO        17869    .text               lv_meter.o
    0x0802479c   0x0802479c   0x00000486   Code   RO        19125    .text               lv_spinbox.o
    0x08024c22   0x08024c22   0x00000002   PAD
    0x08024c24   0x08024c24   0x000000a8   Code   RO        19544    .text               lv_spinner.o
    0x08024ccc   0x08024ccc   0x000004f0   Code   RO        19963    .text               lv_tabview.o
    0x080251bc   0x080251bc   0x0000022c   Code   RO        20383    .text               lv_tileview.o
    0x080253e8   0x080253e8   0x00000100   Code   RO        20555    .text               lv_win.o
    0x080254e8   0x080254e8   0x000000c6   Code   RO        20975    .text               lv_font.o
    0x080255ae   0x080255ae   0x00000002   PAD
    0x080255b0   0x080255b0   0x000002b8   Code   RO        21024    .text               lv_font_fmt_txt.o
    0x08025868   0x08025868   0x000007c8   Code   RO        22066    .text               lv_hal_disp.o
    0x08026030   0x08026030   0x0000013c   Code   RO        22270    .text               lv_hal_indev.o
    0x0802616c   0x0802616c   0x00000030   Code   RO        22435    .text               lv_hal_tick.o
    0x0802619c   0x0802619c   0x00000508   Code   RO        22459    .text               lv_anim.o
    0x080266a4   0x080266a4   0x000008c8   Code   RO        22553    .text               lv_area.o
    0x08026f6c   0x08026f6c   0x0000009c   Code   RO        22570    .text               lv_async.o
    0x08027008   0x08027008   0x0000038c   Code   RO        22614    .text               lv_color.o
    0x08027394   0x08027394   0x00000510   Code   RO        22631    .text               lv_fs.o
    0x080278a4   0x080278a4   0x000000c0   Code   RO        22672    .text               lv_gc.o
    0x08027964   0x08027964   0x000002b0   Code   RO        22697    .text               lv_ll.o
    0x08027c14   0x08027c14   0x000001ec   Code   RO        22731    .text               lv_math.o
    0x08027e00   0x08027e00   0x00000462   Code   RO        22746    .text               lv_mem.o
    0x08028262   0x08028262   0x00000002   PAD
    0x08028264   0x08028264   0x0000069c   Code   RO        22765    .text               lv_printf.o
    0x08028900   0x08028900   0x0000048c   Code   RO        22777    .text               lv_style.o
    0x08028d8c   0x08028d8c   0x00000334   Code   RO        22847    .text               lv_style_gen.o
    0x080290c0   0x080290c0   0x00000214   Code   RO        22873    .text               lv_timer.o
    0x080292d4   0x080292d4   0x00000838   Code   RO        22888    .text               lv_tlsf.o
    0x08029b0c   0x08029b0c   0x000006e4   Code   RO        22901    .text               lv_txt.o
    0x0802a1f0   0x0802a1f0   0x00000048   Code   RO        23009    .text               lv_utils.o
    0x0802a238   0x0802a238   0x00000f68   Code   RO        23024    .text               lv_arc.o
    0x0802b1a0   0x0802b1a0   0x0000085c   Code   RO        23195    .text               lv_bar.o
    0x0802b9fc   0x0802b9fc   0x00000034   Code   RO        23298    .text               lv_btn.o
    0x0802ba30   0x0802ba30   0x00001012   Code   RO        23322    .text               lv_btnmatrix.o
    0x0802ca42   0x0802ca42   0x00000002   PAD
    0x0802ca44   0x0802ca44   0x000003dc   Code   RO        23508    .text               lv_checkbox.o
    0x0802ce20   0x0802ce20   0x00000e4c   Code   RO        23599    .text               lv_dropdown.o
    0x0802dc6c   0x0802dc6c   0x00000bc6   Code   RO        23698    .text               lv_img.o
    0x0802e832   0x0802e832   0x00000002   PAD
    0x0802e834   0x0802e834   0x000010e8   Code   RO        23795    .text               lv_label.o
    0x0802f91c   0x0802f91c   0x000001e4   Code   RO        23893    .text               lv_line.o
    0x0802fb00   0x0802fb00   0x00000abc   Code   RO        23918    .text               lv_roller.o
    0x080305bc   0x080305bc   0x000007f2   Code   RO        24000    .text               lv_slider.o
    0x08030dae   0x08030dae   0x00000002   PAD
    0x08030db0   0x08030db0   0x00000340   Code   RO        24113    .text               lv_switch.o
    0x080310f0   0x080310f0   0x00001184   Code   RO        24214    .text               lv_table.o
    0x08032274   0x08032274   0x00001118   Code   RO        24297    .text               lv_textarea.o
    0x0803338c   0x0803338c   0x0000009c   Code   RO        24399    .text               lv_port_disp.o
    0x08033428   0x08033428   0x00000068   Code   RO        24428    .text               lv_port_indev.o
    0x08033490   0x08033490   0x00000334   Code   RO        27132    .text               event_groups.o
    0x080337c4   0x080337c4   0x0000008a   Code   RO        27162    .text               list.o
    0x0803384e   0x0803384e   0x00000002   PAD
    0x08033850   0x08033850   0x00000bec   Code   RO        27177    .text               queue.o
    0x0803443c   0x0803443c   0x0000134c   Code   RO        27215    .text               tasks.o
    0x08035788   0x08035788   0x000004f0   Code   RO        27238    .text               timers.o
    0x08035c78   0x08035c78   0x000001d0   Code   RO        27268    .text               heap_4.o
    0x08035e48   0x08035e48   0x00000254   Code   RO        27284    .text               port.o
    0x0803609c   0x0803609c   0x0000007e   Code   RO        27316    .text               rtc.o
    0x0803611a   0x0803611a   0x00000062   Code   RO        27349    .text               mc_w.l(uldiv.o)
    0x0803617c   0x0803617c   0x00000040   Code   RO        27353    .text               mc_w.l(memmovea.o)
    0x080361bc   0x080361bc   0x00000024   Code   RO        27357    .text               mc_w.l(memseta.o)
    0x080361e0   0x080361e0   0x00000018   Code   RO        27359    .text               mc_w.l(strcat.o)
    0x080361f8   0x080361f8   0x00000024   Code   RO        27361    .text               mc_w.l(strstr.o)
    0x0803621c   0x0803621c   0x0000000e   Code   RO        27367    .text               mc_w.l(strlen.o)
    0x0803622a   0x0803622a   0x0000001c   Code   RO        27369    .text               mc_w.l(strcmp.o)
    0x08036246   0x08036246   0x0000001a   Code   RO        27371    .text               mc_w.l(memcmp.o)
    0x08036260   0x08036260   0x00000012   Code   RO        27373    .text               mc_w.l(strcpy.o)
    0x08036272   0x08036272   0x0000001e   Code   RO        27375    .text               mc_w.l(strncmp.o)
    0x08036290   0x08036290   0x00000038   Code   RO        27642    .text               mc_w.l(__0sscanf.o)
    0x080362c8   0x080362c8   0x000000e0   Code   RO        27644    .text               mc_w.l(_scanf_str.o)
    0x080363a8   0x080363a8   0x0000001a   Code   RO        27646    .text               mc_w.l(atoi.o)
    0x080363c2   0x080363c2   0x000000e4   Code   RO        27648    .text               mf_w.l(dmul.o)
    0x080364a6   0x080364a6   0x0000001a   Code   RO        27650    .text               mf_w.l(dfltui.o)
    0x080364c0   0x080364c0   0x00000032   Code   RO        27652    .text               mf_w.l(dfixui.o)
    0x080364f2   0x080364f2   0x00000026   Code   RO        27654    .text               mf_w.l(f2d.o)
    0x08036518   0x08036518   0x00000030   Code   RO        27656    .text               mf_w.l(cdcmple.o)
    0x08036548   0x08036548   0x00000030   Code   RO        27658    .text               mf_w.l(cdrcmple.o)
    0x08036578   0x08036578   0x0000002c   Code   RO        27676    .text               mc_w.l(uidiv.o)
    0x080365a4   0x080365a4   0x0000001e   Code   RO        27678    .text               mc_w.l(llshl.o)
    0x080365c2   0x080365c2   0x00000020   Code   RO        27680    .text               mc_w.l(llushr.o)
    0x080365e2   0x080365e2   0x00000002   PAD
    0x080365e4   0x080365e4   0x00000028   Code   RO        27689    .text               mc_w.l(scanf_char.o)
    0x0803660c   0x0803660c   0x00000040   Code   RO        27691    .text               mc_w.l(_sgetc.o)
    0x0803664c   0x0803664c   0x00000070   Code   RO        27693    .text               mc_w.l(strtol.o)
    0x080366bc   0x080366bc   0x00000000   Code   RO        27695    .text               mc_w.l(iusefp.o)
    0x080366bc   0x080366bc   0x000000ba   Code   RO        27696    .text               mf_w.l(depilogue.o)
    0x08036776   0x08036776   0x0000014e   Code   RO        27698    .text               mf_w.l(dadd.o)
    0x080368c4   0x080368c4   0x000000de   Code   RO        27700    .text               mf_w.l(ddiv.o)
    0x080369a2   0x080369a2   0x000000a2   Code   RO        27702    .text               mf_w.l(dsqrt.o)
    0x08036a44   0x08036a44   0x00000030   Code   RO        27704    .text               mf_w.l(dfixul.o)
    0x08036a74   0x08036a74   0x00000024   Code   RO        27706    .text               mc_w.l(init.o)
    0x08036a98   0x08036a98   0x00000024   Code   RO        27708    .text               mc_w.l(llsshr.o)
    0x08036abc   0x08036abc   0x00000008   Code   RO        27712    .text               mc_w.l(ctype_o.o)
    0x08036ac4   0x08036ac4   0x00000012   Code   RO        27734    .text               mc_w.l(isspace_o.o)
    0x08036ad6   0x08036ad6   0x00000002   PAD
    0x08036ad8   0x08036ad8   0x00000330   Code   RO        27740    .text               mc_w.l(_scanf.o)
    0x08036e08   0x08036e08   0x0000009e   Code   RO        27742    .text               mc_w.l(_strtoul.o)
    0x08036ea6   0x08036ea6   0x0000001c   Code   RO        27747    .text               mc_w.l(_chval.o)
    0x08036ec2   0x08036ec2   0x00000056   Code   RO        27757    .text               mc_w.l(__dczerorl2.o)
    0x08036f18   0x08036f18   0x00000020   Code   RO        27614    i.__0printf         mc_w.l(printfa.o)
    0x08036f38   0x08036f38   0x00000028   Code   RO        27616    i.__0sprintf        mc_w.l(printfa.o)
    0x08036f60   0x08036f60   0x00000008   Code   RO        27682    i.__aeabi_errno_addr  mc_w.l(errno.o)
    0x08036f68   0x08036f68   0x0000007a   Code   RO        27334    i.__hardfp_sqrt     m_wm.l(sqrt.o)
    0x08036fe2   0x08036fe2   0x0000000e   Code   RO        27751    i.__scatterload_copy  mc_w.l(handlers.o)
    0x08036ff0   0x08036ff0   0x00000002   Code   RO        27752    i.__scatterload_null  mc_w.l(handlers.o)
    0x08036ff2   0x08036ff2   0x0000000e   Code   RO        27753    i.__scatterload_zeroinit  mc_w.l(handlers.o)
    0x08037000   0x08037000   0x0000000c   Code   RO        27684    i.__set_errno       mc_w.l(errno.o)
    0x0803700c   0x0803700c   0x00000184   Code   RO        27621    i._fp_digits        mc_w.l(printfa.o)
    0x08037190   0x08037190   0x000006b4   Code   RO        27622    i._printf_core      mc_w.l(printfa.o)
    0x08037844   0x08037844   0x00000024   Code   RO        27623    i._printf_post_padding  mc_w.l(printfa.o)
    0x08037868   0x08037868   0x0000002e   Code   RO        27624    i._printf_pre_padding  mc_w.l(printfa.o)
    0x08037896   0x08037896   0x0000000a   Code   RO        27626    i._sputc            mc_w.l(printfa.o)
    0x080378a0   0x080378a0   0x0000004c   Data   RO            4    .constdata          main.o
    0x080378ec   0x080378ec   0x00025800   Data   RO         1075    .constdata          chezaibeijing.o
    0x0805d0ec   0x0805d0ec   0x0000000c   Data   RO         1076    .constdata          chezaibeijing.o
    0x0805d0f8   0x0805d0f8   0x00000474   Data   RO         1673    .constdata          lcd_font.o
    0x0805d56c   0x0805d56c   0x000005f0   Data   RO         1674    .constdata          lcd_font.o
    0x0805db5c   0x0805db5c   0x00000d5c   Data   RO         1675    .constdata          lcd_font.o
    0x0805e8b8   0x0805e8b8   0x00000e00   Data   RO         1676    .constdata          lcd_font.o
    0x0805f6b8   0x0805f6b8   0x00000004   Data   RO         1757    .constdata          lcd_touch.o
    0x0805f6bc   0x0805f6bc   0x0000001c   Data   RO         2216    .constdata          stm32f4xx_fsmc.o
    0x0805f6d8   0x0805f6d8   0x0000001c   Data   RO         2922    .constdata          lv_obj.o
    0x0805f6f4   0x0805f6f4   0x00000008   Data   RO         3431    .constdata          lv_obj_pos.o
    0x0805f6fc   0x0805f6fc   0x00000116   Data   RO         5917    .constdata          lv_draw_sw_letter.o
    0x0805f812   0x0805f812   0x00000021   Data   RO         6013    .constdata          lv_draw_sw_line.o
    0x0805f833   0x0805f833   0x00000001   PAD
    0x0805f834   0x0805f834   0x00000008   Data   RO         6105    .constdata          lv_draw_sw_polygon.o
    0x0805f83c   0x0805f83c   0x00000016   Data   RO        13638    .constdata          lv_theme_default.o
    0x0805f852   0x0805f852   0x00000002   PAD
    0x0805f854   0x0805f854   0x0000001c   Data   RO        14903    .constdata          lv_calendar.o
    0x0805f870   0x0805f870   0x0000001c   Data   RO        15324    .constdata          lv_calendar_header_arrow.o
    0x0805f88c   0x0805f88c   0x0000001c   Data   RO        15513    .constdata          lv_calendar_header_dropdown.o
    0x0805f8a8   0x0805f8a8   0x0000001c   Data   RO        15626    .constdata          lv_chart.o
    0x0805f8c4   0x0805f8c4   0x0000001c   Data   RO        16045    .constdata          lv_colorwheel.o
    0x0805f8e0   0x0805f8e0   0x0000001c   Data   RO        16883    .constdata          lv_keyboard.o
    0x0805f8fc   0x0805f8fc   0x000000b0   Data   RO        16884    .constdata          lv_keyboard.o
    0x0805f9ac   0x0805f9ac   0x00000050   Data   RO        16885    .constdata          lv_keyboard.o
    0x0805f9fc   0x0805f9fc   0x000000b0   Data   RO        16886    .constdata          lv_keyboard.o
    0x0805faac   0x0805faac   0x00000050   Data   RO        16887    .constdata          lv_keyboard.o
    0x0805fafc   0x0805fafc   0x000000b0   Data   RO        16888    .constdata          lv_keyboard.o
    0x0805fbac   0x0805fbac   0x00000050   Data   RO        16889    .constdata          lv_keyboard.o
    0x0805fbfc   0x0805fbfc   0x00000054   Data   RO        16890    .constdata          lv_keyboard.o
    0x0805fc50   0x0805fc50   0x00000022   Data   RO        16891    .constdata          lv_keyboard.o
    0x0805fc72   0x0805fc72   0x00000002   PAD
    0x0805fc74   0x0805fc74   0x0000001c   Data   RO        17078    .constdata          lv_led.o
    0x0805fc90   0x0805fc90   0x00000054   Data   RO        17497    .constdata          lv_list.o
    0x0805fce4   0x0805fce4   0x000000fc   Data   RO        17686    .constdata          lv_menu.o
    0x0805fde0   0x0805fde0   0x0000001c   Data   RO        17870    .constdata          lv_meter.o
    0x0805fdfc   0x0805fdfc   0x00000054   Data   RO        18288    .constdata          lv_msgbox.o
    0x0805fe50   0x0805fe50   0x0000001c   Data   RO        19126    .constdata          lv_spinbox.o
    0x0805fe6c   0x0805fe6c   0x0000001c   Data   RO        19545    .constdata          lv_spinner.o
    0x0805fe88   0x0805fe88   0x0000001c   Data   RO        19964    .constdata          lv_tabview.o
    0x0805fea4   0x0805fea4   0x00000038   Data   RO        20384    .constdata          lv_tileview.o
    0x0805fedc   0x0805fedc   0x0000001c   Data   RO        20556    .constdata          lv_win.o
    0x0805fef8   0x0805fef8   0x00002280   Data   RO        21516    .constdata          lv_font_montserrat_14.o
    0x08062178   0x08062178   0x000004f0   Data   RO        21517    .constdata          lv_font_montserrat_14.o
    0x08062668   0x08062668   0x0000007c   Data   RO        21518    .constdata          lv_font_montserrat_14.o
    0x080626e4   0x080626e4   0x00000028   Data   RO        21519    .constdata          lv_font_montserrat_14.o
    0x0806270c   0x0806270c   0x0000009e   Data   RO        21520    .constdata          lv_font_montserrat_14.o
    0x080627aa   0x080627aa   0x0000009e   Data   RO        21521    .constdata          lv_font_montserrat_14.o
    0x08062848   0x08062848   0x00000bad   Data   RO        21522    .constdata          lv_font_montserrat_14.o
    0x080633f5   0x080633f5   0x00000003   PAD
    0x080633f8   0x080633f8   0x00000010   Data   RO        21523    .constdata          lv_font_montserrat_14.o
    0x08063408   0x08063408   0x00000018   Data   RO        21524    .constdata          lv_font_montserrat_14.o
    0x08063420   0x08063420   0x0000001c   Data   RO        21525    .constdata          lv_font_montserrat_14.o
    0x0806343c   0x0806343c   0x0000017c   Data   RO        22615    .constdata          lv_color.o
    0x080635b8   0x080635b8   0x000000b6   Data   RO        22732    .constdata          lv_math.o
    0x0806366e   0x0806366e   0x00000002   PAD
    0x08063670   0x08063670   0x00000075   Data   RO        22778    .constdata          lv_style.o
    0x080636e5   0x080636e5   0x00000003   PAD
    0x080636e8   0x080636e8   0x0000001c   Data   RO        23025    .constdata          lv_arc.o
    0x08063704   0x08063704   0x0000001c   Data   RO        23196    .constdata          lv_bar.o
    0x08063720   0x08063720   0x0000001c   Data   RO        23299    .constdata          lv_btn.o
    0x0806373c   0x0806373c   0x0000001c   Data   RO        23323    .constdata          lv_btnmatrix.o
    0x08063758   0x08063758   0x0000001c   Data   RO        23509    .constdata          lv_checkbox.o
    0x08063774   0x08063774   0x00000038   Data   RO        23600    .constdata          lv_dropdown.o
    0x080637ac   0x080637ac   0x0000001c   Data   RO        23699    .constdata          lv_img.o
    0x080637c8   0x080637c8   0x0000001c   Data   RO        23796    .constdata          lv_label.o
    0x080637e4   0x080637e4   0x0000001c   Data   RO        23894    .constdata          lv_line.o
    0x08063800   0x08063800   0x00000038   Data   RO        23919    .constdata          lv_roller.o
    0x08063838   0x08063838   0x0000001c   Data   RO        24001    .constdata          lv_slider.o
    0x08063854   0x08063854   0x0000001c   Data   RO        24114    .constdata          lv_switch.o
    0x08063870   0x08063870   0x0000001c   Data   RO        24215    .constdata          lv_table.o
    0x0806388c   0x0806388c   0x0000001c   Data   RO        24298    .constdata          lv_textarea.o
    0x080638a8   0x080638a8   0x00000081   Data   RO        27713    .constdata          mc_w.l(ctype_o.o)
    0x08063929   0x08063929   0x00000003   PAD
    0x0806392c   0x0806392c   0x00000004   Data   RO        27714    .constdata          mc_w.l(ctype_o.o)
    0x08063930   0x08063930   0x0000004c   Data   RO            5    .conststring        main.o
    0x0806397c   0x0806397c   0x0000006f   Data   RO         1677    .conststring        lcd_font.o
    0x080639eb   0x080639eb   0x00000001   PAD
    0x080639ec   0x080639ec   0x00000079   Data   RO         1758    .conststring        lcd_touch.o
    0x08063a65   0x08063a65   0x00000003   PAD
    0x08063a68   0x08063a68   0x0000001b   Data   RO        14904    .conststring        lv_calendar.o
    0x08063a83   0x08063a83   0x00000001   PAD
    0x08063a84   0x08063a84   0x00000065   Data   RO        15325    .conststring        lv_calendar_header_arrow.o
    0x08063ae9   0x08063ae9   0x00000003   PAD
    0x08063aec   0x08063aec   0x0000028c   Data   RO        15514    .conststring        lv_calendar_header_dropdown.o
    0x08063d78   0x08063d78   0x000000a1   Data   RO        16892    .conststring        lv_keyboard.o
    0x08063e19   0x08063e19   0x00000003   PAD
    0x08063e1c   0x08063e1c   0x0000006c   Data   RO        16893    .conststring        lv_keyboard.o
    0x08063e88   0x08063e88   0x00000082   Data   RO        16894    .conststring        lv_keyboard.o
    0x08063f0a   0x08063f0a   0x00000002   PAD
    0x08063f0c   0x08063f0c   0x00000004   Data   RO        16895    .conststring        lv_keyboard.o
    0x08063f10   0x08063f10   0x00000025   Data   RO        23324    .conststring        lv_btnmatrix.o
    0x08063f35   0x08063f35   0x00000003   PAD
    0x08063f38   0x08063f38   0x00000020   Data   RO        27749    Region$$Table       anon$$obj.o


    Execution Region RW_IRAM1 (Exec base: 0x20000000, Load base: 0x08063f58, Size: 0x00015828, Max: 0x00020000, ABSOLUTE, COMPRESSED[0x00000134])

    Exec Addr    Load Addr    Size         Type   Attr      Idx    E Section Name        Object

    0x20000000   COMPRESSED   0x00000038   Data   RW            6    .data               main.o
    0x20000038   COMPRESSED   0x00000014   Data   RW          716    .data               system_stm32f4xx.o
    0x2000004c   COMPRESSED   0x00000070   Data   RW         1678    .data               lcd_font.o
    0x200000bc   COMPRESSED   0x00000004   Data   RW         1720    .data               lcd_screen.o
    0x200000c0   COMPRESSED   0x00000038   Data   RW         1759    .data               lcd_touch.o
    0x200000f8   COMPRESSED   0x00000002   Data   RW         1794    .data               adc.o
    0x200000fa   COMPRESSED   0x00000002   PAD
    0x200000fc   COMPRESSED   0x00000004   Data   RW         1920    .data               esp8266.o
    0x20000100   COMPRESSED   0x00000004   Data   RW         1992    .data               delay.o
    0x20000104   COMPRESSED   0x0000000a   Data   RW         2021    .data               uart.o
    0x2000010e   COMPRESSED   0x00000002   PAD
    0x20000110   COMPRESSED   0x00000004   Data   RW         2022    .data               uart.o
    0x20000114   COMPRESSED   0x00000010   Data   RW         2073    .data               stm32f4xx_rcc.o
    0x20000124   COMPRESSED   0x00000008   Data   RW         2476    .data               lv_event.o
    0x2000012c   COMPRESSED   0x00000004   Data   RW         2616    .data               lv_group.o
    0x20000130   COMPRESSED   0x0000000c   Data   RW         2778    .data               lv_indev.o
    0x2000013c   COMPRESSED   0x00000008   Data   RW         2923    .data               lv_obj.o
    0x20000144   COMPRESSED   0x00000008   Data   RW         3432    .data               lv_obj_pos.o
    0x2000014c   COMPRESSED   0x00000001   Data   RW         3631    .data               lv_obj_style.o
    0x2000014d   COMPRESSED   0x00000003   PAD
    0x20000150   COMPRESSED   0x00000010   Data   RW         3857    .data               lv_refr.o
    0x20000160   COMPRESSED   0x0000000c   Data   RW         5687    .data               lv_draw_sw_gradient.o
    0x2000016c   COMPRESSED   0x00000008   Data   RW         5919    .data               lv_draw_sw_letter.o
    0x20000174   COMPRESSED   0x0000000c   Data   RW         6721    .data               lv_flex.o
    0x20000180   COMPRESSED   0x00000016   Data   RW         6896    .data               lv_grid.o
    0x20000196   COMPRESSED   0x00000002   PAD
    0x20000198   COMPRESSED   0x00000020   Data   RW        13639    .data               lv_theme_default.o
    0x200001b8   COMPRESSED   0x0000001c   Data   RW        14905    .data               lv_calendar.o
    0x200001d4   COMPRESSED   0x00000030   Data   RW        15326    .data               lv_calendar_header_arrow.o
    0x20000204   COMPRESSED   0x00000008   Data   RW        15515    .data               lv_calendar_header_dropdown.o
    0x2000020c   COMPRESSED   0x00000008   Data   RW        16046    .data               lv_colorwheel.o
    0x20000214   COMPRESSED   0x00000048   Data   RW        16896    .data               lv_keyboard.o
    0x2000025c   COMPRESSED   0x00000008   Data   RW        19546    .data               lv_spinner.o
    0x20000264   COMPRESSED   0x00000004   Data   RW        19965    .data               lv_tabview.o
    0x20000268   COMPRESSED   0x0000000c   Data   RW        20385    .data               lv_tileview.o
    0x20000274   COMPRESSED   0x00000002   Data   RW        20557    .data               lv_win.o
    0x20000276   COMPRESSED   0x00000002   PAD
    0x20000278   COMPRESSED   0x00000008   Data   RW        21526    .data               lv_font_montserrat_14.o
    0x20000280   COMPRESSED   0x00000010   Data   RW        22067    .data               lv_hal_disp.o
    0x20000290   COMPRESSED   0x00000008   Data   RW        22436    .data               lv_hal_tick.o
    0x20000298   COMPRESSED   0x0000000c   Data   RW        22460    .data               lv_anim.o
    0x200002a4   COMPRESSED   0x0000000c   Data   RW        22554    .data               lv_area.o
    0x200002b0   COMPRESSED   0x00000018   Data   RW        22674    .data               lv_gc.o
    0x200002c8   COMPRESSED   0x00000004   Data   RW        22733    .data               lv_math.o
    0x200002cc   COMPRESSED   0x00000010   Data   RW        22748    .data               lv_mem.o
    0x200002dc   COMPRESSED   0x00000008   Data   RW        22779    .data               lv_style.o
    0x200002e4   COMPRESSED   0x00000014   Data   RW        22874    .data               lv_timer.o
    0x200002f8   COMPRESSED   0x0000000c   Data   RW        22902    .data               lv_txt.o
    0x20000304   COMPRESSED   0x00000004   Data   RW        22903    .data               lv_txt.o
    0x20000308   COMPRESSED   0x00000004   Data   RW        22905    .data               lv_txt.o
    0x2000030c   COMPRESSED   0x00000004   Data   RW        22906    .data               lv_txt.o
    0x20000310   COMPRESSED   0x00000004   Data   RW        22907    .data               lv_txt.o
    0x20000314   COMPRESSED   0x0000001c   Data   RW        23325    .data               lv_btnmatrix.o
    0x20000330   COMPRESSED   0x00000004   Data   RW        24299    .data               lv_textarea.o
    0x20000334   COMPRESSED   0x00000008   Data   RW        24401    .data               lv_port_disp.o
    0x2000033c   COMPRESSED   0x00000008   Data   RW        24430    .data               lv_port_indev.o
    0x20000344   COMPRESSED   0x0000003c   Data   RW        27217    .data               tasks.o
    0x20000380   COMPRESSED   0x00000014   Data   RW        27240    .data               timers.o
    0x20000394   COMPRESSED   0x00000018   Data   RW        27270    .data               heap_4.o
    0x200003ac   COMPRESSED   0x0000000c   Data   RW        27285    .data               port.o
    0x200003b8   COMPRESSED   0x00000004   Data   RW        27685    .data               mc_w.l(errno.o)
    0x200003bc        -       0x0000000e   Zero   RW         1719    .bss                lcd_screen.o
    0x200003ca        -       0x00000600   Zero   RW         2020    .bss                uart.o
    0x200009ca   COMPRESSED   0x00000002   PAD
    0x200009cc        -       0x00000018   Zero   RW         3856    .bss                lv_refr.o
    0x200009e4        -       0x00000100   Zero   RW         5916    .bss                lv_draw_sw_letter.o
    0x20000ae4        -       0x0000004c   Zero   RW        13637    .bss                lv_theme_default.o
    0x20000b30        -       0x000001fc   Zero   RW        22673    .bss                lv_gc.o
    0x20000d2c        -       0x0000a000   Zero   RW        22747    .bss                lv_mem.o
    0x2000ad2c        -       0x0000196c   Zero   RW        24400    .bss                lv_port_disp.o
    0x2000c698        -       0x00000020   Zero   RW        24429    .bss                lv_port_indev.o
    0x2000c6b8        -       0x00000040   Zero   RW        27178    .bss                queue.o
    0x2000c6f8        -       0x00000104   Zero   RW        27216    .bss                tasks.o
    0x2000c7fc        -       0x00000028   Zero   RW        27239    .bss                timers.o
    0x2000c824        -       0x00008000   Zero   RW        27269    .bss                heap_4.o
    0x20014824   COMPRESSED   0x00000004   PAD
    0x20014828        -       0x00001000   Zero   RW         2297    STACK               startup_stm32f40_41xxx.o


==============================================================================

Image component sizes


      Code (inc. data)   RO Data    RW Data    ZI Data      Debug   Object Name

       168         12          0          2          0       1072   adc.o
       318          0          0          0          0       2902   at24cxx.o
       140          8          0          0          0     246379   buzzer.o
         0          0     153612          0          0        664   chezaibeijing.o
       212         14          0          4          0       1670   delay.o
       436         10          0          0          0       2004   dht11.o
      1096        406          0          4          0       4125   esp8266.o
       608        338          0          0          0       1038   esp8266_gettime.o
       820          6          0          0          0      15827   event_groups.o
       280         10          0          0          0       1179   exti.o
       464          8          0         24      32768       3808   heap_4.o
       548          8          0          0          0       2028   iic.o
        68          8          0          0          0        539   key.o
         0          0       9775        112          0        840   lcd_font.o
     18296        148          0          4         14      27152   lcd_screen.o
      3084        256        125         56          0       7363   lcd_touch.o
       452         16          0          0          0       2000   led.o
       138          0          0          0          0       1978   list.o
      1288         24          0         12          0      28849   lv_anim.o
      3944          8         28          0          0      74729   lv_arc.o
      2248         26          0         12          0      10958   lv_area.o
       156          6          0          0          0       2185   lv_async.o
      2140         24         28          0          0      56101   lv_bar.o
         0          0          0          0          0       5155   lv_bidi.o
        52          6         28          0          0       1387   lv_btn.o
      4114         26         65         28          0      54761   lv_btnmatrix.o
      1236         24         55         28          0      58716   lv_calendar.o
       440         32        129         48          0      51115   lv_calendar_header_arrow.o
       340         20        680          8          0      34366   lv_calendar_header_dropdown.o
      8320         28         28          0          0      91892   lv_chart.o
       988         16         28          0          0      45188   lv_checkbox.o
       908         16        380          0          0      10894   lv_color.o
      2680         12         28          8          0      76275   lv_colorwheel.o
      1368         38          0          0          0      55557   lv_disp.o
        12          0          0          0          0      31388   lv_draw.o
      1038          0          0          0          0      22032   lv_draw_arc.o
       932         38          0          0          0      29279   lv_draw_img.o
      1560         16          0          0          0      29006   lv_draw_label.o
       178          0          0          0          0      18053   lv_draw_layer.o
        88          0          0          0          0      30738   lv_draw_line.o
      5324         36          0          0          0      26115   lv_draw_mask.o
       244          4          0          0          0      22439   lv_draw_rect.o
       248         54          0          0          0      39051   lv_draw_sw.o
      2672          0          0          0          0      37538   lv_draw_sw_arc.o
      3514         16          0          0          0      52251   lv_draw_sw_blend.o
      1024         20          0         12          0      20490   lv_draw_sw_gradient.o
      1248          0          0          0          0      25805   lv_draw_sw_img.o
       468          0          0          0          0      31897   lv_draw_sw_layer.o
       988         12        278          8        256      23171   lv_draw_sw_letter.o
      1996          4         33          0          0      24196   lv_draw_sw_line.o
       636          4          8          0          0      20079   lv_draw_sw_polygon.o
      7082          0          0          0          0      19004   lv_draw_sw_rect.o
      1700          6          0          0          0      40946   lv_draw_sw_transform.o
        54          0          0          0          0      12232   lv_draw_transform.o
      3660         60         56          0          0      56319   lv_dropdown.o
      1388         34          0          8          0      51449   lv_event.o
        14          0          0          0          0        520   lv_extra.o
      2780         56          0         12          0      72915   lv_flex.o
       198          0          0          0          0       6427   lv_font.o
       696         14          0          0          0       7029   lv_font_fmt_txt.o
         0          0      13633          8          0       2408   lv_font_montserrat_14.o
      1296         16          0          0          0      10361   lv_fs.o
       192         12          0         24        508       2150   lv_gc.o
      2768         40          0         22          0      77267   lv_grid.o
      1412         24          0          4          0      54602   lv_group.o
      1992         64          0         16          0      58379   lv_hal_disp.o
       316          8          0          0          0      46959   lv_hal_indev.o
        48          6          0          8          0       1590   lv_hal_tick.o
      3014         10         28          0          0      52058   lv_img.o
      1654         38          0          0          0      15227   lv_img_buf.o
        88          4          0          0          0       5811   lv_img_cache.o
      2072         36          0          0          0      18055   lv_img_decoder.o
      3580         16          0         12          0      35220   lv_indev.o
      3006          8          0          0          0      49663   lv_indev_scroll.o
       864         62       1317         72          0      56310   lv_keyboard.o
      4328         72         28          0          0      62983   lv_label.o
       872         10         28          0          0      54469   lv_led.o
       484          6         28          0          0      12774   lv_line.o
         0          0         84          0          0      48845   lv_list.o
       688          0          0          0          0       5777   lv_ll.o
       492         10        182          4          0       3897   lv_math.o
      1122         22          0         16      40960       6981   lv_mem.o
      2020         40        252          0          0      59938   lv_menu.o
      3240         22         28          0          0      78311   lv_meter.o
         0          0         84          0          0      51892   lv_msgbox.o
      3544         34         28          8          0      58390   lv_obj.o
       468          4          0          0          0       2904   lv_obj_class.o
      1892          0          0          0          0      64219   lv_obj_draw.o
      5724         56          8          8          0      64200   lv_obj_pos.o
      4220         34          0          0          0      59730   lv_obj_scroll.o
      3816         46          0          1          0      62409   lv_obj_style.o
       990          0          0          0          0      37931   lv_obj_style_gen.o
      1280          8          0          0          0      35567   lv_obj_tree.o
       156         20          0          8       6508       2272   lv_port_disp.o
       104         20          0          8         32       2598   lv_port_indev.o
      1692         10          0          0          0       9347   lv_printf.o
      4984         90          0         16         24      64184   lv_refr.o
      2748         84         56          0          0      51016   lv_roller.o
      2034          4         28          0          0      50162   lv_slider.o
      1158         12         28          0          0      59734   lv_spinbox.o
       168         22         28          8          0      52691   lv_spinner.o
      1164         30        117          8          0      23258   lv_style.o
       820          0          0          0          0      31436   lv_style_gen.o
       832         12         28          0          0      45246   lv_switch.o
      4484         16         28          0          0      59204   lv_table.o
      1264         30         28          4          0      67535   lv_tabview.o
      4376         90         28          4          0      66338   lv_textarea.o
       212         10          0          0          0      51724   lv_theme.o
      9512        308         22         32         76      63882   lv_theme_default.o
       556         14         56         12          0      52575   lv_tileview.o
       532         14          0         20          0       5243   lv_timer.o
      2104          8          0          0          0      20660   lv_tlsf.o
      1764         18          0         28          0      14741   lv_txt.o
        72          0          0          0          0        984   lv_utils.o
       256         10         28          2          0      52762   lv_win.o
         0          0          0          0          0      32935   lvgl_font.o
      2728        802        152         56          0     404216   main.o
       176         12          0          0          0       2005   misc.o
        52          6          0          0          0        668   mq135.o
       228         22          0          0          0       1003   mq2.o
       232         22          0          0          0       1007   mq7.o
        50          0          0          0          0       1156   my_lib.o
       786         46          0         12          0       8865   port.o
      3052         14          0          0         64      21950   queue.o
       126          0          0          0          0       1001   rtc.o
        36          8        392          0       4096        840   startup_stm32f40_41xxx.o
       852         20          0          0          0      10974   stm32f4xx_adc.o
       224         10          0          0          0       2455   stm32f4xx_exti.o
      1096         10         28          0          0       6158   stm32f4xx_fsmc.o
       524         44          0          0          0       4525   stm32f4xx_gpio.o
        12          0          0          0          0        935   stm32f4xx_it.o
       296         12          0          0          0       3811   stm32f4xx_pwr.o
      1152         48          0         16          0      13400   stm32f4xx_rcc.o
      2636         48          0          0          0      16294   stm32f4xx_rtc.o
       124         16          0          0          0       1917   stm32f4xx_syscfg.o
      2524         52          0          0          0      24058   stm32f4xx_tim.o
       856         32          0          0          0       8348   stm32f4xx_usart.o
       380         36          0         20          0       1903   system_stm32f4xx.o
      4940         86          0         60        260      31129   tasks.o
       128          6          0          0          0        782   timer.o
      1264         46          0         20         40      20890   timers.o
       972         36          0         14       1536       5592   uart.o

    ----------------------------------------------------------------------
    221050       4892     182200        952      87148    4464751   Object Totals
         0          0         32          0          0          0   (incl. Generated)
        38          0         29         11          6          0   (incl. Padding)

    ----------------------------------------------------------------------

      Code (inc. data)   RO Data    RW Data    ZI Data      Debug   Library Member Name

       122          0          0          0          0        148   sqrt.o
        56          8          0          0          0         84   __0sscanf.o
        86          0          0          0          0          0   __dczerorl2.o
        28          0          0          0          0         68   _chval.o
       816          6          0          0          0        112   _scanf.o
       224          0          0          0          0         96   _scanf_str.o
        64          0          0          0          0         84   _sgetc.o
       158          0          0          0          0         92   _strtoul.o
        26          0          0          0          0         80   atoi.o
         8          4        133          0          0         68   ctype_o.o
         0          0          0          0          0          0   entry.o
         0          0          0          0          0          0   entry10a.o
         0          0          0          0          0          0   entry11a.o
         4          0          0          0          0          0   entry12b.o
         8          4          0          0          0          0   entry2.o
         4          0          0          0          0          0   entry5.o
         0          0          0          0          0          0   entry7b.o
         0          0          0          0          0          0   entry8b.o
         8          4          0          0          0          0   entry9a.o
        20         10          0          4          0        136   errno.o
        30          0          0          0          0          0   handlers.o
        36          8          0          0          0         68   init.o
        18          0          0          0          0         76   isspace_o.o
         0          0          0          0          0          0   iusefp.o
        30          0          0          0          0         68   llshl.o
        36          0          0          0          0         68   llsshr.o
        32          0          0          0          0         68   llushr.o
        26          0          0          0          0         80   memcmp.o
        64          0          0          0          0         76   memmovea.o
        36          0          0          0          0        108   memseta.o
      2268         96          0          0          0        616   printfa.o
        40          8          0          0          0         84   scanf_char.o
        24          0          0          0          0         68   strcat.o
        28          0          0          0          0         76   strcmp.o
        18          0          0          0          0         68   strcpy.o
        14          0          0          0          0         68   strlen.o
        30          0          0          0          0         80   strncmp.o
        36          0          0          0          0         80   strstr.o
       112          0          0          0          0         88   strtol.o
        44          0          0          0          0         80   uidiv.o
        98          0          0          0          0         92   uldiv.o
        48          0          0          0          0         68   cdcmple.o
        48          0          0          0          0         68   cdrcmple.o
       334          0          0          0          0        148   dadd.o
       222          0          0          0          0        100   ddiv.o
       186          0          0          0          0        176   depilogue.o
        50          0          0          0          0         76   dfixui.o
        48          0          0          0          0         68   dfixul.o
        26          0          0          0          0         76   dfltui.o
       228          0          0          0          0         96   dmul.o
       162          0          0          0          0        100   dsqrt.o
        38          0          0          0          0         68   f2d.o

    ----------------------------------------------------------------------
      6046        148        136          4          0       4024   Library Totals
         4          0          3          0          0          0   (incl. Padding)

    ----------------------------------------------------------------------

      Code (inc. data)   RO Data    RW Data    ZI Data      Debug   Library Name

       122          0          0          0          0        148   m_wm.l
      4530        148        133          4          0       2832   mc_w.l
      1390          0          0          0          0       1044   mf_w.l

    ----------------------------------------------------------------------
      6046        148        136          4          0       4024   Library Totals

    ----------------------------------------------------------------------

==============================================================================


      Code (inc. data)   RO Data    RW Data    ZI Data      Debug   

    227096       5040     182336        956      87148    4437827   Grand Totals
    227096       5040     182336        308      87148    4437827   ELF Image Totals (compressed)
    227096       5040     182336        308          0          0   ROM Totals

==============================================================================

    Total RO  Size (Code + RO Data)               409432 ( 399.84kB)
    Total RW  Size (RW Data + ZI Data)             88104 (  86.04kB)
    Total ROM Size (Code + RO Data + RW Data)     409740 ( 400.14kB)

==============================================================================

