Component: ARM Compiler 5.06 update 7 (build 960) Tool: armlink [4d3601]

==============================================================================

Section Cross References

    main.o(.text) refers to event_groups.o(.text) for xEventGroupWaitBits
    main.o(.text) refers to queue.o(.text) for xQueueSemaphoreTake
    main.o(.text) refers to memseta.o(.text) for __aeabi_memclr4
    main.o(.text) refers to printfa.o(i.__0printf) for __2printf
    main.o(.text) refers to esp8266_getweather.o(.text) for ESP8266_GetWeatherFunc
    main.o(.text) refers to strcpy.o(.text) for strcpy
    main.o(.text) refers to tasks.o(.text) for vTaskDelay
    main.o(.text) refers to esp8266.o(.text) for ESP8266_OnLineInit
    main.o(.text) refers to esp8266_gettime.o(.text) for ESP8266_GetTimeFunc
    main.o(.text) refers to mq135.o(.text) for Get_MQ135_DO_Level
    main.o(.text) refers to mq7.o(.text) for Get_MQ7_AO_Voltage
    main.o(.text) refers to mq2.o(.text) for Get_MQ2_AO_Voltage
    main.o(.text) refers to dht11.o(.text) for DHT11_GetData
    main.o(.text) refers to adc.o(.text) for ADC3_IN5_GetLightVal
    main.o(.text) refers to rtc.o(.text) for RTC_SetDateTime
    main.o(.text) refers to stm32f4xx_rtc.o(.text) for RTC_GetTime
    main.o(.text) refers to atoi.o(.text) for atoi
    main.o(.text) refers to memmovea.o(.text) for __aeabi_memcpy4
    main.o(.text) refers to strcmp.o(.text) for strcmp
    main.o(.text) refers to lv_img.o(.text) for lv_img_create
    main.o(.text) refers to lv_obj_pos.o(.text) for lv_obj_align
    main.o(.text) refers to lv_label.o(.text) for lv_label_create
    main.o(.text) refers to main.o(.data) for .data
    main.o(.text) refers to esp8266_getweather.o(.bss) for results
    main.o(.text) refers to main.o(.constdata) for .constdata
    main.o(.text) refers to chezaibeijing.o(.constdata) for image_chezaibeijing
    main.o(.text) refers to lv_obj_style_gen.o(.text) for lv_obj_set_style_text_color
    main.o(.text) refers to printfa.o(i.__0sprintf) for __2sprintf
    main.o(.text) refers to f2d.o(.text) for __aeabi_f2d
    main.o(.text) refers to lv_timer.o(.text) for lv_timer_handler
    main.o(.text) refers to uart.o(.text) for UART1_Init
    main.o(.text) refers to led.o(.text) for LED_Init
    main.o(.text) refers to buzzer.o(.text) for BUZZER_Init
    main.o(.text) refers to key.o(.text) for KEY_Init
    main.o(.text) refers to lv_obj.o(.text) for lv_init
    main.o(.text) refers to lv_port_disp.o(.text) for lv_port_disp_init
    main.o(.text) refers to lv_port_indev.o(.text) for lv_port_indev_init
    main.o(.text) refers to asrpro.o(.text) for ASRPRO_Init
    main.o(.text) refers to my_font.o(.constdata) for my_font
    main.o(.text) refers to misc.o(.text) for NVIC_PriorityGroupConfig
    main.o(.text) refers to lv_hal_tick.o(.text) for lv_tick_inc
    main.o(.text) refers to lv_hal_disp.o(.text) for lv_disp_get_default
    main.o(.text) refers to lv_disp.o(.text) for lv_disp_get_scr_act
    main.o(.text) refers to system_stm32f4xx.o(.data) for SystemCoreClock
    main.o(.constdata) refers to main.o(.conststring) for .conststring
    system_stm32f4xx.o(.text) refers to system_stm32f4xx.o(.data) for .data
    lvgl_font.o(.constdata) refers to lvgl_font.o(.constdata) for unicode_list_1
    lvgl_font.o(.constdata) refers to lvgl_font.o(.constdata) for glyph_bitmap
    lvgl_font.o(.constdata) refers to lvgl_font.o(.constdata) for glyph_dsc
    lvgl_font.o(.constdata) refers to lvgl_font.o(.constdata) for cmaps
    lvgl_font.o(.constdata) refers to lvgl_font.o(.data) for cache
    lvgl_font.o(.constdata) refers to lv_font_fmt_txt.o(.text) for lv_font_get_glyph_dsc_fmt_txt
    lvgl_font.o(.constdata) refers to lvgl_font.o(.constdata) for font_dsc
    tupian.o(.constdata) refers to tupian.o(.constdata) for img_tupian_map
    chezaibeijing.o(.constdata) refers to chezaibeijing.o(.constdata) for img_chezaibeijing_map
    my_font.o(.constdata) refers to my_font.o(.constdata) for unicode_list_1
    my_font.o(.constdata) refers to my_font.o(.constdata) for glyph_bitmap
    my_font.o(.constdata) refers to my_font.o(.constdata) for glyph_dsc
    my_font.o(.constdata) refers to my_font.o(.constdata) for cmaps
    my_font.o(.constdata) refers to my_font.o(.data) for cache
    my_font.o(.constdata) refers to lv_font_fmt_txt.o(.text) for lv_font_get_glyph_dsc_fmt_txt
    my_font.o(.constdata) refers to my_font.o(.constdata) for font_dsc
    buzzer.o(.text) refers to stm32f4xx_rcc.o(.text) for RCC_AHB1PeriphClockCmd
    buzzer.o(.text) refers to stm32f4xx_gpio.o(.text) for GPIO_Init
    buzzer.o(.text) refers to delay.o(.text) for delay_ms
    key.o(.text) refers to stm32f4xx_rcc.o(.text) for RCC_AHB1PeriphClockCmd
    key.o(.text) refers to stm32f4xx_gpio.o(.text) for GPIO_Init
    led.o(.text) refers to stm32f4xx_rcc.o(.text) for RCC_AHB1PeriphClockCmd
    led.o(.text) refers to stm32f4xx_gpio.o(.text) for GPIO_Init
    led.o(.text) refers to delay.o(.text) for delay_ms
[...]
    lv_textarea_get_cursor_pos               0x0803294d   Thumb Code     4  lv_textarea.o(.text)
    lv_textarea_set_cursor_pos               0x08032c07   Thumb Code   226  lv_textarea.o(.text)
    lv_textarea_get_password_bullet          0x08032ce9   Thumb Code    42  lv_textarea.o(.text)
    lv_textarea_clear_selection              0x08032ded   Thumb Code    50  lv_textarea.o(.text)
    lv_textarea_get_text                     0x08032e1f   Thumb Code    18  lv_textarea.o(.text)
    lv_textarea_get_max_length               0x08032e31   Thumb Code     4  lv_textarea.o(.text)
    lv_textarea_get_accepted_chars           0x08032e35   Thumb Code     4  lv_textarea.o(.text)
    lv_textarea_add_text                     0x08032e39   Thumb Code   206  lv_textarea.o(.text)
    lv_textarea_add_char                     0x08032f3d   Thumb Code   250  lv_textarea.o(.text)
    lv_textarea_del_char                     0x08033037   Thumb Code   142  lv_textarea.o(.text)
    lv_textarea_del_char_forward             0x080330c5   Thumb Code    28  lv_textarea.o(.text)
    lv_textarea_set_text                     0x080330e1   Thumb Code   224  lv_textarea.o(.text)
    lv_textarea_set_placeholder_text         0x080331c1   Thumb Code    74  lv_textarea.o(.text)
    lv_textarea_set_cursor_click_pos         0x0803320b   Thumb Code    12  lv_textarea.o(.text)
    lv_textarea_set_password_mode            0x08033217   Thumb Code   108  lv_textarea.o(.text)
    lv_textarea_set_password_bullet          0x08033283   Thumb Code    54  lv_textarea.o(.text)
    lv_textarea_set_one_line                 0x080332b9   Thumb Code   120  lv_textarea.o(.text)
    lv_textarea_set_accepted_chars           0x08033331   Thumb Code     4  lv_textarea.o(.text)
    lv_textarea_set_max_length               0x08033335   Thumb Code     4  lv_textarea.o(.text)
    lv_textarea_set_insert_replace           0x08033339   Thumb Code     6  lv_textarea.o(.text)
    lv_textarea_set_text_selection           0x0803333f   Thumb Code    20  lv_textarea.o(.text)
    lv_textarea_set_password_show_time       0x08033353   Thumb Code     4  lv_textarea.o(.text)
    lv_textarea_get_label                    0x08033357   Thumb Code     4  lv_textarea.o(.text)
    lv_textarea_set_align                    0x0803335b   Thumb Code    52  lv_textarea.o(.text)
    lv_textarea_get_placeholder_text         0x0803338f   Thumb Code    12  lv_textarea.o(.text)
    lv_textarea_get_cursor_click_pos         0x0803339b   Thumb Code    10  lv_textarea.o(.text)
    lv_textarea_get_password_mode            0x080333a5   Thumb Code    10  lv_textarea.o(.text)
    lv_textarea_get_one_line                 0x080333af   Thumb Code    10  lv_textarea.o(.text)
    lv_textarea_text_is_selected             0x080333b9   Thumb Code    36  lv_textarea.o(.text)
    lv_textarea_get_text_selection           0x080333dd   Thumb Code    10  lv_textarea.o(.text)
    lv_textarea_get_password_show_time       0x080333e7   Thumb Code     4  lv_textarea.o(.text)
    lv_textarea_cursor_right                 0x080333eb   Thumb Code     6  lv_textarea.o(.text)
    lv_textarea_cursor_left                  0x080333f1   Thumb Code    12  lv_textarea.o(.text)
    lv_textarea_cursor_down                  0x080333fd   Thumb Code    94  lv_textarea.o(.text)
    lv_textarea_cursor_up                    0x0803345b   Thumb Code    82  lv_textarea.o(.text)
    lv_port_disp_init                        0x08033a79   Thumb Code    80  lv_port_disp.o(.text)
    disp_enable_update                       0x08033ac9   Thumb Code     8  lv_port_disp.o(.text)
    disp_disable_update                      0x08033ad1   Thumb Code     8  lv_port_disp.o(.text)
    lv_port_indev_init                       0x08033b21   Thumb Code    32  lv_port_indev.o(.text)
    xEventGroupCreate                        0x08033b55   Thumb Code    26  event_groups.o(.text)
    xEventGroupSetBits                       0x08033b6f   Thumb Code   140  event_groups.o(.text)
    xEventGroupSync                          0x08033bfb   Thumb Code   194  event_groups.o(.text)
    xEventGroupWaitBits                      0x08033cbd   Thumb Code   258  event_groups.o(.text)
    xEventGroupClearBits                     0x08033dbf   Thumb Code    64  event_groups.o(.text)
    xEventGroupGetBitsFromISR                0x08033dff   Thumb Code    26  event_groups.o(.text)
    vEventGroupDelete                        0x08033e19   Thumb Code    70  event_groups.o(.text)
    vEventGroupSetBitsCallback               0x08033e5f   Thumb Code     2  event_groups.o(.text)
    vEventGroupClearBitsCallback             0x08033e61   Thumb Code     2  event_groups.o(.text)
    uxEventGroupGetNumber                    0x08033e63   Thumb Code     8  event_groups.o(.text)
    vEventGroupSetNumber                     0x08033e6b   Thumb Code     4  event_groups.o(.text)
    vListInitialise                          0x08033e89   Thumb Code    22  list.o(.text)
    vListInitialiseItem                      0x08033e9f   Thumb Code     6  list.o(.text)
    vListInsertEnd                           0x08033ea5   Thumb Code    24  list.o(.text)
    vListInsert                              0x08033ebd   Thumb Code    48  list.o(.text)
    uxListRemove                             0x08033eed   Thumb Code    38  list.o(.text)
    xQueueGenericReset                       0x08033f15   Thumb Code   132  queue.o(.text)
    xQueueGenericCreate                      0x08033f99   Thumb Code    82  queue.o(.text)
    xQueueGenericSend                        0x080340bf   Thumb Code   350  queue.o(.text)
    xQueueCreateMutex                        0x0803421d   Thumb Code    36  queue.o(.text)
    xQueueGiveMutexRecursive                 0x08034241   Thumb Code    62  queue.o(.text)
    xQueueSemaphoreTake                      0x0803427f   Thumb Code   378  queue.o(.text)
    xQueueTakeMutexRecursive                 0x080343f9   Thumb Code    64  queue.o(.text)
    xQueueCreateCountingSemaphore            0x08034439   Thumb Code    58  queue.o(.text)
    xQueueGenericSendFromISR                 0x08034473   Thumb Code   188  queue.o(.text)
    xQueueGiveFromISR                        0x0803452f   Thumb Code   156  queue.o(.text)
    xQueueReceive                            0x080345f1   Thumb Code   306  queue.o(.text)
    xQueuePeek                               0x08034723   Thumb Code   304  queue.o(.text)
    xQueueReceiveFromISR                     0x08034853   Thumb Code   152  queue.o(.text)
    xQueuePeekFromISR                        0x080348eb   Thumb Code   116  queue.o(.text)
    uxQueueMessagesWaiting                   0x0803495f   Thumb Code    36  queue.o(.text)
    uxQueueSpacesAvailable                   0x08034983   Thumb Code    40  queue.o(.text)
    uxQueueMessagesWaitingFromISR            0x080349ab   Thumb Code    22  queue.o(.text)
    vQueueUnregisterQueue                    0x080349c1   Thumb Code    36  queue.o(.text)
    vQueueDelete                             0x080349e5   Thumb Code    36  queue.o(.text)
    uxQueueGetQueueNumber                    0x08034a09   Thumb Code     4  queue.o(.text)
    vQueueSetQueueNumber                     0x08034a0d   Thumb Code     4  queue.o(.text)
    ucQueueGetQueueType                      0x08034a11   Thumb Code     6  queue.o(.text)
    xQueueIsQueueEmptyFromISR                0x08034a17   Thumb Code    30  queue.o(.text)
    xQueueIsQueueFullFromISR                 0x08034a35   Thumb Code    34  queue.o(.text)
    vQueueAddToRegistry                      0x08034a57   Thumb Code    32  queue.o(.text)
    pcQueueGetName                           0x08034a77   Thumb Code    34  queue.o(.text)
    vQueueWaitForMessageRestricted           0x08034a99   Thumb Code    68  queue.o(.text)
    xTaskCreate                              0x08034bc5   Thumb Code    86  tasks.o(.text)
    vTaskDelete                              0x08034c1b   Thumb Code   158  tasks.o(.text)
    xTaskIncrementTick                       0x08034cb9   Thumb Code   200  tasks.o(.text)
    xTaskResumeAll                           0x08034d81   Thumb Code   184  tasks.o(.text)
    vTaskSuspendAll                          0x08034e9f   Thumb Code    10  tasks.o(.text)
    vTaskDelayUntil                          0x08034ea9   Thumb Code   148  tasks.o(.text)
    vTaskDelay                               0x08034f3d   Thumb Code    66  tasks.o(.text)
    eTaskGetState                            0x08034f7f   Thumb Code   104  tasks.o(.text)
    uxTaskPriorityGet                        0x08034fe7   Thumb Code    24  tasks.o(.text)
    uxTaskPriorityGetFromISR                 0x08034fff   Thumb Code    40  tasks.o(.text)
    vTaskPrioritySet                         0x08035027   Thumb Code   184  tasks.o(.text)
    vTaskSwitchContext                       0x080350df   Thumb Code    84  tasks.o(.text)
    vTaskSuspend                             0x08035133   Thumb Code   170  tasks.o(.text)
    vTaskResume                              0x0803520d   Thumb Code   114  tasks.o(.text)
    xTaskResumeFromISR                       0x0803527f   Thumb Code   128  tasks.o(.text)
    vTaskStartScheduler                      0x0803535f   Thumb Code    94  tasks.o(.text)
    vTaskEndScheduler                        0x080353bd   Thumb Code    26  tasks.o(.text)
    xTaskGetTickCount                        0x080353d7   Thumb Code     8  tasks.o(.text)
    xTaskGetTickCountFromISR                 0x080353df   Thumb Code    14  tasks.o(.text)
    uxTaskGetNumberOfTasks                   0x080353ed   Thumb Code     8  tasks.o(.text)
    pcTaskGetName                            0x080353f5   Thumb Code    30  tasks.o(.text)
    vTaskGetInfo                             0x08035413   Thumb Code   122  tasks.o(.text)
    uxTaskGetSystemState                     0x080354e1   Thumb Code   162  tasks.o(.text)
    vTaskPlaceOnEventList                    0x08035583   Thumb Code    44  tasks.o(.text)
    vTaskPlaceOnUnorderedEventList           0x080355af   Thumb Code    72  tasks.o(.text)
    vTaskPlaceOnEventListRestricted          0x080355f7   Thumb Code    52  tasks.o(.text)
    xTaskRemoveFromEventList                 0x0803562b   Thumb Code   108  tasks.o(.text)
    vTaskRemoveFromUnorderedEventList        0x08035697   Thumb Code   106  tasks.o(.text)
    vTaskSetTimeOutState                     0x08035701   Thumb Code    46  tasks.o(.text)
    vTaskInternalSetTimeOutState             0x0803572f   Thumb Code    34  tasks.o(.text)
    xTaskCheckForTimeOut                     0x08035751   Thumb Code   110  tasks.o(.text)
    vTaskMissedYield                         0x080357bf   Thumb Code     8  tasks.o(.text)
    uxTaskGetTaskNumber                      0x080357c7   Thumb Code     8  tasks.o(.text)
    vTaskSetTaskNumber                       0x080357cf   Thumb Code     8  tasks.o(.text)
    xTaskGetCurrentTaskHandle                0x080357d7   Thumb Code     6  tasks.o(.text)
    xTaskGetSchedulerState                   0x080357dd   Thumb Code    22  tasks.o(.text)
    xTaskPriorityInherit                     0x080357f3   Thumb Code   140  tasks.o(.text)
    xTaskPriorityDisinherit                  0x0803587f   Thumb Code   144  tasks.o(.text)
    vTaskPriorityDisinheritAfterTimeout      0x0803590f   Thumb Code   162  tasks.o(.text)
    uxTaskResetEventItemValue                0x080359b1   Thumb Code    20  tasks.o(.text)
    pvTaskIncrementMutexHeldCount            0x080359c5   Thumb Code    18  tasks.o(.text)
    ulTaskNotifyTake                         0x080359d7   Thumb Code    96  tasks.o(.text)
    xTaskNotifyWait                          0x08035a37   Thumb Code   128  tasks.o(.text)
    xTaskGenericNotify                       0x08035ab7   Thumb Code   226  tasks.o(.text)
    xTaskGenericNotifyFromISR                0x08035b99   Thumb Code   248  tasks.o(.text)
    vTaskNotifyGiveFromISR                   0x08035c91   Thumb Code   170  tasks.o(.text)
    xTaskNotifyStateClear                    0x08035d3b   Thumb Code    44  tasks.o(.text)
    xTimerGenericCommand                     0x08035e81   Thumb Code    88  timers.o(.text)
    xTimerCreateTimerTask                    0x08036023   Thumb Code    58  timers.o(.text)
    xTimerCreate                             0x0803605d   Thumb Code    98  timers.o(.text)
    xTimerGetTimerDaemonTaskHandle           0x080360bf   Thumb Code    26  timers.o(.text)
    xTimerGetPeriod                          0x080360d9   Thumb Code    22  timers.o(.text)
    vTimerSetReloadMode                      0x080360ef   Thumb Code    54  timers.o(.text)
    xTimerGetExpiryTime                      0x08036125   Thumb Code    22  timers.o(.text)
    pcTimerGetName                           0x0803613b   Thumb Code    22  timers.o(.text)
    xTimerIsTimerActive                      0x08036151   Thumb Code    48  timers.o(.text)
    pvTimerGetTimerID                        0x08036181   Thumb Code    36  timers.o(.text)
    vTimerSetTimerID                         0x080361a5   Thumb Code    38  timers.o(.text)
    uxTimerGetTimerNumber                    0x080361cb   Thumb Code     4  timers.o(.text)
    vTimerSetTimerNumber                     0x080361cf   Thumb Code     4  timers.o(.text)
    pvPortMalloc                             0x08036385   Thumb Code   210  heap_4.o(.text)
    vPortFree                                0x08036457   Thumb Code    90  heap_4.o(.text)
    xPortGetFreeHeapSize                     0x080364b1   Thumb Code     8  heap_4.o(.text)
    xPortGetMinimumEverFreeHeapSize          0x080364b9   Thumb Code     8  heap_4.o(.text)
    vPortInitialiseBlocks                    0x080364c1   Thumb Code     2  heap_4.o(.text)
    pxPortInitialiseStack                    0x08036531   Thumb Code    40  port.o(.text)
    vPortSetupTimerInterrupt                 0x08036559   Thumb Code    32  port.o(.text)
    xPortStartScheduler                      0x08036579   Thumb Code   224  port.o(.text)
    vPortEndScheduler                        0x08036659   Thumb Code    28  port.o(.text)
    vPortEnterCritical                       0x08036675   Thumb Code    56  port.o(.text)
    vPortExitCritical                        0x080366ad   Thumb Code    34  port.o(.text)
    SysTick_Handler                          0x080366cf   Thumb Code    40  port.o(.text)
    vPortValidateInterruptPriority           0x080366f7   Thumb Code    76  port.o(.text)
    RTC_ConfigInit                           0x08036761   Thumb Code    70  rtc.o(.text)
    RTC_SetDateTime                          0x080367a7   Thumb Code    56  rtc.o(.text)
    __aeabi_uldivmod                         0x080367df   Thumb Code    98  uldiv.o(.text)
    ___aeabi_memcpy8$move                    0x08036841   Thumb Code     0  memmovea.o(.text)
    __aeabi_memcpy                           0x08036841   Thumb Code    64  memmovea.o(.text)
    __aeabi_memcpy4                          0x08036841   Thumb Code     0  memmovea.o(.text)
    __aeabi_memmove                          0x08036841   Thumb Code     0  memmovea.o(.text)
    __aeabi_memmove4                         0x08036841   Thumb Code     0  memmovea.o(.text)
    __aeabi_memmove8                         0x08036841   Thumb Code     0  memmovea.o(.text)
    __aeabi_memset                           0x08036881   Thumb Code    14  memseta.o(.text)
    __aeabi_memset4                          0x08036881   Thumb Code     0  memseta.o(.text)
    __aeabi_memset8                          0x08036881   Thumb Code     0  memseta.o(.text)
    __aeabi_memclr                           0x0803688f   Thumb Code     4  memseta.o(.text)
    __aeabi_memclr4                          0x0803688f   Thumb Code     0  memseta.o(.text)
    __aeabi_memclr8                          0x0803688f   Thumb Code     0  memseta.o(.text)
    memset                                   0x08036893   Thumb Code    18  memseta.o(.text)
    strcat                                   0x080368a5   Thumb Code    24  strcat.o(.text)
    strstr                                   0x080368bd   Thumb Code    36  strstr.o(.text)
    strncpy                                  0x080368e1   Thumb Code    24  strncpy.o(.text)
    strchr                                   0x080368f9   Thumb Code    20  strchr.o(.text)
    strlen                                   0x0803690d   Thumb Code    14  strlen.o(.text)
    strcmp                                   0x0803691b   Thumb Code    28  strcmp.o(.text)
    memcmp                                   0x08036937   Thumb Code    26  memcmp.o(.text)
    strcpy                                   0x08036951   Thumb Code    18  strcpy.o(.text)
    strncmp                                  0x08036963   Thumb Code    30  strncmp.o(.text)
    __0sscanf                                0x08036981   Thumb Code    48  __0sscanf.o(.text)
    _scanf_string                            0x080369b9   Thumb Code   224  _scanf_str.o(.text)
    atoi                                     0x08036a99   Thumb Code    26  atoi.o(.text)
    __aeabi_dmul                             0x08036ab3   Thumb Code   228  dmul.o(.text)
    __aeabi_ui2d                             0x08036b97   Thumb Code    26  dfltui.o(.text)
    __aeabi_d2uiz                            0x08036bb1   Thumb Code    50  dfixui.o(.text)
    __aeabi_f2d                              0x08036be3   Thumb Code    38  f2d.o(.text)
    __aeabi_cdcmpeq                          0x08036c09   Thumb Code     0  cdcmple.o(.text)
    __aeabi_cdcmple                          0x08036c09   Thumb Code    48  cdcmple.o(.text)
    __aeabi_cdrcmple                         0x08036c39   Thumb Code    48  cdrcmple.o(.text)
    __aeabi_uidiv                            0x08036c69   Thumb Code     0  uidiv.o(.text)
    __aeabi_uidivmod                         0x08036c69   Thumb Code    44  uidiv.o(.text)
    __aeabi_llsl                             0x08036c95   Thumb Code    30  llshl.o(.text)
    _ll_shift_l                              0x08036c95   Thumb Code     0  llshl.o(.text)
    __aeabi_llsr                             0x08036cb3   Thumb Code    32  llushr.o(.text)
    _ll_ushift_r                             0x08036cb3   Thumb Code     0  llushr.o(.text)
    __vfscanf_char                           0x08036ce1   Thumb Code    20  scanf_char.o(.text)
    _sgetc                                   0x08036cfd   Thumb Code    30  _sgetc.o(.text)
    _sbackspace                              0x08036d1b   Thumb Code    34  _sgetc.o(.text)
    strtol                                   0x08036d3d   Thumb Code   112  strtol.o(.text)
    __I$use$fp                               0x08036dad   Thumb Code     0  iusefp.o(.text)
    _double_round                            0x08036dad   Thumb Code    30  depilogue.o(.text)
    _double_epilogue                         0x08036dcb   Thumb Code   156  depilogue.o(.text)
    __aeabi_dadd                             0x08036e67   Thumb Code   322  dadd.o(.text)
    __aeabi_dsub                             0x08036fa9   Thumb Code     6  dadd.o(.text)
    __aeabi_drsub                            0x08036faf   Thumb Code     6  dadd.o(.text)
    __aeabi_ddiv                             0x08036fb5   Thumb Code   222  ddiv.o(.text)
    _dsqrt                                   0x08037093   Thumb Code   162  dsqrt.o(.text)
    __aeabi_d2ulz                            0x08037135   Thumb Code    48  dfixul.o(.text)
    __scatterload                            0x08037165   Thumb Code    28  init.o(.text)
    __scatterload_rt2                        0x08037165   Thumb Code     0  init.o(.text)
    __aeabi_lasr                             0x08037189   Thumb Code    36  llsshr.o(.text)
    _ll_sshift_r                             0x08037189   Thumb Code     0  llsshr.o(.text)
    __rt_ctype_table                         0x080371ad   Thumb Code     4  ctype_o.o(.text)
    isspace                                  0x080371b5   Thumb Code    18  isspace_o.o(.text)
    __vfscanf                                0x080371c9   Thumb Code   810  _scanf.o(.text)
    _strtoul                                 0x080374f9   Thumb Code   158  _strtoul.o(.text)
    _chval                                   0x08037597   Thumb Code    28  _chval.o(.text)
    __decompress                             0x080375b3   Thumb Code     0  __dczerorl2.o(.text)
    __decompress1                            0x080375b3   Thumb Code    86  __dczerorl2.o(.text)
    __0printf                                0x08037609   Thumb Code    22  printfa.o(i.__0printf)
    __1printf                                0x08037609   Thumb Code     0  printfa.o(i.__0printf)
    __2printf                                0x08037609   Thumb Code     0  printfa.o(i.__0printf)
    __c89printf                              0x08037609   Thumb Code     0  printfa.o(i.__0printf)
    printf                                   0x08037609   Thumb Code     0  printfa.o(i.__0printf)
    __0sprintf                               0x08037629   Thumb Code    34  printfa.o(i.__0sprintf)
    __1sprintf                               0x08037629   Thumb Code     0  printfa.o(i.__0sprintf)
    __2sprintf                               0x08037629   Thumb Code     0  printfa.o(i.__0sprintf)
    __c89sprintf                             0x08037629   Thumb Code     0  printfa.o(i.__0sprintf)
    sprintf                                  0x08037629   Thumb Code     0  printfa.o(i.__0sprintf)
    __aeabi_errno_addr                       0x08037651   Thumb Code     4  errno.o(i.__aeabi_errno_addr)
    __rt_errno_addr                          0x08037651   Thumb Code     0  errno.o(i.__aeabi_errno_addr)
    __hardfp_sqrt                            0x08037659   Thumb Code   122  sqrt.o(i.__hardfp_sqrt)
    __scatterload_copy                       0x080376d3   Thumb Code    14  handlers.o(i.__scatterload_copy)
    __scatterload_null                       0x080376e1   Thumb Code     2  handlers.o(i.__scatterload_null)
    __scatterload_zeroinit                   0x080376e3   Thumb Code    14  handlers.o(i.__scatterload_zeroinit)
    __set_errno                              0x080376f1   Thumb Code     6  errno.o(i.__set_errno)
    img_chezaibeijing_map                    0x08037fdc   Data       153600  chezaibeijing.o(.constdata)
    image_chezaibeijing                      0x0805d7dc   Data          12  chezaibeijing.o(.constdata)
    my_font                                  0x08060b2c   Data          28  my_font.o(.constdata)
    asc2_1206                                0x08060b48   Data        1140  lcd_font.o(.constdata)
    asc2_1608                                0x08060fbc   Data        1520  lcd_font.o(.constdata)
    asc2_2412                                0x080615ac   Data        3420  lcd_font.o(.constdata)
    g_font_dot_matrix_32                     0x08062308   Data        3584  lcd_font.o(.constdata)
    TP_REMIND_MSG_TBL                        0x08063108   Data           4  lcd_touch.o(.constdata)
    FSMC_DefaultTimingStruct                 0x080631fc   Data          28  stm32f4xx_fsmc.o(.constdata)
    lv_obj_class                             0x08063218   Data          28  lv_obj.o(.constdata)
    _lv_bpp1_opa_table                       0x0806323c   Data           2  lv_draw_sw_letter.o(.constdata)
    _lv_bpp2_opa_table                       0x0806323e   Data           4  lv_draw_sw_letter.o(.constdata)
    _lv_bpp4_opa_table                       0x08063242   Data          16  lv_draw_sw_letter.o(.constdata)
    _lv_bpp8_opa_table                       0x08063252   Data         256  lv_draw_sw_letter.o(.constdata)
    lv_calendar_class                        0x08063394   Data          28  lv_calendar.o(.constdata)
    lv_calendar_header_arrow_class           0x080633b0   Data          28  lv_calendar_header_arrow.o(.constdata)
    lv_calendar_header_dropdown_class        0x080633cc   Data          28  lv_calendar_header_dropdown.o(.constdata)
    lv_chart_class                           0x080633e8   Data          28  lv_chart.o(.constdata)
    lv_colorwheel_class                      0x08063404   Data          28  lv_colorwheel.o(.constdata)
    lv_keyboard_class                        0x08063420   Data          28  lv_keyboard.o(.constdata)
    lv_led_class                             0x080637b4   Data          28  lv_led.o(.constdata)
    lv_list_class                            0x080637d0   Data          28  lv_list.o(.constdata)
    lv_list_btn_class                        0x080637ec   Data          28  lv_list.o(.constdata)
    lv_list_text_class                       0x08063808   Data          28  lv_list.o(.constdata)
    lv_menu_class                            0x08063824   Data          28  lv_menu.o(.constdata)
    lv_menu_page_class                       0x08063840   Data          28  lv_menu.o(.constdata)
    lv_menu_cont_class                       0x0806385c   Data          28  lv_menu.o(.constdata)
    lv_menu_section_class                    0x08063878   Data          28  lv_menu.o(.constdata)
    lv_menu_separator_class                  0x08063894   Data          28  lv_menu.o(.constdata)
    lv_menu_sidebar_cont_class               0x080638b0   Data          28  lv_menu.o(.constdata)
    lv_menu_main_cont_class                  0x080638cc   Data          28  lv_menu.o(.constdata)
    lv_menu_main_header_cont_class           0x080638e8   Data          28  lv_menu.o(.constdata)
    lv_menu_sidebar_header_cont_class        0x08063904   Data          28  lv_menu.o(.constdata)
    lv_meter_class                           0x08063920   Data          28  lv_meter.o(.constdata)
    lv_msgbox_class                          0x0806393c   Data          28  lv_msgbox.o(.constdata)
    lv_msgbox_content_class                  0x08063958   Data          28  lv_msgbox.o(.constdata)
    lv_msgbox_backdrop_class                 0x08063974   Data          28  lv_msgbox.o(.constdata)
    lv_spinbox_class                         0x08063990   Data          28  lv_spinbox.o(.constdata)
    lv_spinner_class                         0x080639ac   Data          28  lv_spinner.o(.constdata)
    lv_tabview_class                         0x080639c8   Data          28  lv_tabview.o(.constdata)
    lv_tileview_class                        0x080639e4   Data          28  lv_tileview.o(.constdata)
    lv_tileview_tile_class                   0x08063a00   Data          28  lv_tileview.o(.constdata)
    lv_win_class                             0x08063a1c   Data          28  lv_win.o(.constdata)
    lv_font_montserrat_14                    0x08066f60   Data          28  lv_font_montserrat_14.o(.constdata)
    _lv_style_builtin_prop_flag_lookup_table 0x080671b4   Data         113  lv_style.o(.constdata)
    lv_arc_class                             0x08067228   Data          28  lv_arc.o(.constdata)
    lv_bar_class                             0x08067244   Data          28  lv_bar.o(.constdata)
    lv_btn_class                             0x08067260   Data          28  lv_btn.o(.constdata)
    lv_btnmatrix_class                       0x0806727c   Data          28  lv_btnmatrix.o(.constdata)
    lv_checkbox_class                        0x08067298   Data          28  lv_checkbox.o(.constdata)
    lv_dropdown_class                        0x080672b4   Data          28  lv_dropdown.o(.constdata)
    lv_dropdownlist_class                    0x080672d0   Data          28  lv_dropdown.o(.constdata)
    lv_img_class                             0x080672ec   Data          28  lv_img.o(.constdata)
    lv_label_class                           0x08067308   Data          28  lv_label.o(.constdata)
    lv_line_class                            0x08067324   Data          28  lv_line.o(.constdata)
    lv_roller_class                          0x08067340   Data          28  lv_roller.o(.constdata)
    lv_roller_label_class                    0x0806735c   Data          28  lv_roller.o(.constdata)
    lv_slider_class                          0x08067378   Data          28  lv_slider.o(.constdata)
    lv_switch_class                          0x08067394   Data          28  lv_switch.o(.constdata)
    lv_table_class                           0x080673b0   Data          28  lv_table.o(.constdata)
    lv_textarea_class                        0x080673cc   Data          28  lv_textarea.o(.constdata)
    __ctype_table                            0x080673e8   Data         129  ctype_o.o(.constdata)
    Region$$Table$$Base                      0x08067c64   Number         0  anon$$obj.o(Region$$Table)
    Region$$Table$$Limit                     0x08067c84   Number         0  anon$$obj.o(Region$$Table)
    app_task1_init_handle                    0x20000000   Data           4  main.o(.data)
    app_task2_lvgl_task_handle               0x20000004   Data           4  main.o(.data)
    app_task3_lvgl_handle                    0x20000008   Data           4  main.o(.data)
    app_task4_rtc_handle                     0x2000000c   Data           4  main.o(.data)
    app_task5_adc_handle                     0x20000010   Data           4  main.o(.data)
    app_task6_dht11_handle                   0x20000014   Data           4  main.o(.data)
    app_task8_asrpro_handle                  0x20000018   Data           4  main.o(.data)
    app_task9_mq2_handle                     0x2000001c   Data           4  main.o(.data)
    app_task10_mq7_handle                    0x20000020   Data           4  main.o(.data)
    app_task11_mq135_handle                  0x20000024   Data           4  main.o(.data)
    app_task12_esp8266_handle                0x20000028   Data           4  main.o(.data)
    app_task13_weather_handle                0x2000002c   Data           4  main.o(.data)
    SystemCoreClock                          0x20000044   Data           4  system_stm32f4xx.o(.data)
    AHBPrescTable                            0x20000048   Data          16  system_stm32f4xx.o(.data)
    g_font_dot_matrix_32_index               0x20000060   Data         112  lcd_font.o(.data)
    POINT_COLOR                              0x200000d0   Data           2  lcd_screen.o(.data)
    BACK_COLOR                               0x200000d2   Data           2  lcd_screen.o(.data)
    CMD_RDX                                  0x200000d4   Data           1  lcd_touch.o(.data)
    CMD_RDY                                  0x200000d5   Data           1  lcd_touch.o(.data)
    tp_dev                                   0x200000d8   Data          52  lcd_touch.o(.data)
    ret_val                                  0x2000010c   Data           2  adc.o(.data)
    esp8266_transparent_transmission_sta     0x20000110   Data           4  esp8266.o(.data)
    u1_count                                 0x20000118   Data           1  uart.o(.data)
    u1_flag                                  0x20000119   Data           1  uart.o(.data)
    u2_count                                 0x2000011a   Data           1  uart.o(.data)
    u2_flag                                  0x2000011b   Data           1  uart.o(.data)
    u3_flag                                  0x2000011c   Data           1  uart.o(.data)
    u3_count                                 0x2000011e   Data           2  uart.o(.data)
    u3_len                                   0x20000120   Data           2  uart.o(.data)
    __stdout                                 0x20000124   Data           4  uart.o(.data)
    LV_LAYOUT_FLEX                           0x20000188   Data           2  lv_flex.o(.data)
    LV_STYLE_FLEX_FLOW                       0x2000018a   Data           2  lv_flex.o(.data)
    LV_STYLE_FLEX_MAIN_PLACE                 0x2000018c   Data           2  lv_flex.o(.data)
    LV_STYLE_FLEX_CROSS_PLACE                0x2000018e   Data           2  lv_flex.o(.data)
    LV_STYLE_FLEX_TRACK_PLACE                0x20000190   Data           2  lv_flex.o(.data)
    LV_STYLE_FLEX_GROW                       0x20000192   Data           2  lv_flex.o(.data)
    LV_LAYOUT_GRID                           0x20000194   Data           2  lv_grid.o(.data)
    LV_STYLE_GRID_COLUMN_DSC_ARRAY           0x20000196   Data           2  lv_grid.o(.data)
    LV_STYLE_GRID_COLUMN_ALIGN               0x20000198   Data           2  lv_grid.o(.data)
    LV_STYLE_GRID_ROW_DSC_ARRAY              0x2000019a   Data           2  lv_grid.o(.data)
    LV_STYLE_GRID_ROW_ALIGN                  0x2000019c   Data           2  lv_grid.o(.data)
    LV_STYLE_GRID_CELL_COLUMN_POS            0x2000019e   Data           2  lv_grid.o(.data)
    LV_STYLE_GRID_CELL_COLUMN_SPAN           0x200001a0   Data           2  lv_grid.o(.data)
    LV_STYLE_GRID_CELL_X_ALIGN               0x200001a2   Data           2  lv_grid.o(.data)
    LV_STYLE_GRID_CELL_ROW_POS               0x200001a4   Data           2  lv_grid.o(.data)
    LV_STYLE_GRID_CELL_ROW_SPAN              0x200001a6   Data           2  lv_grid.o(.data)
    LV_STYLE_GRID_CELL_Y_ALIGN               0x200001a8   Data           2  lv_grid.o(.data)
    _lv_layout_list                          0x200002c4   Data           4  lv_gc.o(.data)
    _lv_timer_act                            0x200002c8   Data           4  lv_gc.o(.data)
    _lv_theme_default_styles                 0x200002cc   Data           4  lv_gc.o(.data)
    _lv_theme_basic_styles                   0x200002d0   Data           4  lv_gc.o(.data)
    _lv_grad_cache_mem                       0x200002d4   Data           4  lv_gc.o(.data)
    _lv_style_custom_prop_flag_lookup_table  0x200002d8   Data           4  lv_gc.o(.data)
    _lv_style_custom_prop_flag_lookup_table_size 0x200002f4   Data           4  lv_style.o(.data)
    _lv_txt_encoded_size                     0x2000030c   Data           4  lv_txt.o(.data)
    _lv_txt_encoded_next                     0x20000310   Data           4  lv_txt.o(.data)
    _lv_txt_encoded_get_byte_id              0x20000314   Data           4  lv_txt.o(.data)
    _lv_txt_unicode_to_encoded               0x20000318   Data           4  lv_txt.o(.data)
    _lv_txt_encoded_prev                     0x2000031c   Data           4  lv_txt.o(.data)
    _lv_txt_encoded_get_char_id              0x20000320   Data           4  lv_txt.o(.data)
    _lv_txt_get_encoded_length               0x20000324   Data           4  lv_txt.o(.data)
    disp_flush_enabled                       0x20000348   Data           1  lv_port_disp.o(.data)
    g_disp_drvp                              0x2000034c   Data           4  lv_port_disp.o(.data)
    indev_touchpad                           0x20000354   Data           4  lv_port_indev.o(.data)
    pxCurrentTCB                             0x20000358   Data           4  tasks.o(.data)
    lcddev                                   0x200003d0   Data          14  lcd_screen.o(.bss)
    results                                  0x200003de   Data          52  esp8266_getweather.o(.bss)
    u1_recvbuf                               0x20000412   Data         512  uart.o(.bss)
    u2_recvbuf                               0x20000612   Data         512  uart.o(.bss)
    u3_recvbuf                               0x20000812   Data         512  uart.o(.bss)
    _lv_timer_ll                             0x20000b78   Data          12  lv_gc.o(.bss)
    _lv_disp_ll                              0x20000b84   Data          12  lv_gc.o(.bss)
    _lv_indev_ll                             0x20000b90   Data          12  lv_gc.o(.bss)
    _lv_fsdrv_ll                             0x20000b9c   Data          12  lv_gc.o(.bss)
    _lv_anim_ll                              0x20000ba8   Data          12  lv_gc.o(.bss)
    _lv_group_ll                             0x20000bb4   Data          12  lv_gc.o(.bss)
    _lv_img_decoder_ll                       0x20000bc0   Data          12  lv_gc.o(.bss)
    _lv_obj_style_trans_ll                   0x20000bcc   Data          12  lv_gc.o(.bss)
    _lv_img_cache_single                     0x20000bd8   Data          44  lv_gc.o(.bss)
    lv_mem_buf                               0x20000c04   Data         128  lv_gc.o(.bss)
    _lv_circle_cache                         0x20000c84   Data         112  lv_gc.o(.bss)
    _lv_draw_mask_list                       0x20000cf4   Data         128  lv_gc.o(.bss)
    xQueueRegistry                           0x2000c700   Data          64  queue.o(.bss)
    __initial_sp                             0x20015870   Data           0  startup_stm32f40_41xxx.o(STACK)



==============================================================================

Memory Map of the image

  Image Entry point : 0x08000189

  Load Region LR_IROM1 (Base: 0x08000000, Size: 0x00068054, Max: 0x00080000, ABSOLUTE, COMPRESSED[0x00067dbc])

    Execution Region ER_IROM1 (Exec base: 0x08000000, Load base: 0x08000000, Size: 0x00067c84, Max: 0x00080000, ABSOLUTE)

    Exec Addr    Load Addr    Size         Type   Attr      Idx    E Section Name        Object

    0x08000000   0x08000000   0x00000188   Data   RO         2307    RESET               startup_stm32f40_41xxx.o
    0x08000188   0x08000188   0x00000000   Code   RO        27354  * .ARM.Collect$$$$00000000  mc_w.l(entry.o)
    0x08000188   0x08000188   0x00000004   Code   RO        27668    .ARM.Collect$$$$00000001  mc_w.l(entry2.o)
    0x0800018c   0x0800018c   0x00000004   Code   RO        27671    .ARM.Collect$$$$00000004  mc_w.l(entry5.o)
    0x08000190   0x08000190   0x00000000   Code   RO        27673    .ARM.Collect$$$$00000008  mc_w.l(entry7b.o)
    0x08000190   0x08000190   0x00000000   Code   RO        27675    .ARM.Collect$$$$0000000A  mc_w.l(entry8b.o)
    0x08000190   0x08000190   0x00000008   Code   RO        27676    .ARM.Collect$$$$0000000B  mc_w.l(entry9a.o)
    0x08000198   0x08000198   0x00000004   Code   RO        27683    .ARM.Collect$$$$0000000E  mc_w.l(entry12b.o)
    0x0800019c   0x0800019c   0x00000000   Code   RO        27678    .ARM.Collect$$$$0000000F  mc_w.l(entry10a.o)
    0x0800019c   0x0800019c   0x00000000   Code   RO        27680    .ARM.Collect$$$$00000011  mc_w.l(entry11a.o)
    0x0800019c   0x0800019c   0x00000004   Code   RO        27669    .ARM.Collect$$$$00002712  mc_w.l(entry2.o)
    0x080001a0   0x080001a0   0x000000be   Code   RO        27291    .emb_text           port.o
    0x0800025e   0x0800025e   0x00000002   PAD
    0x08000260   0x08000260   0x00000efc   Code   RO            3    .text               main.o
    0x0800115c   0x0800115c   0x0000000c   Code   RO          687    .text               stm32f4xx_it.o
    0x08001168   0x08001168   0x0000017c   Code   RO          718    .text               system_stm32f4xx.o
    0x080012e4   0x080012e4   0x00000032   Code   RO          768    .text               my_lib.o
    0x08001316   0x08001316   0x00000002   PAD
    0x08001318   0x08001318   0x0000008c   Code   RO         1095    .text               buzzer.o
    0x080013a4   0x080013a4   0x00000044   Code   RO         1147    .text               key.o
    0x080013e8   0x080013e8   0x000001c4   Code   RO         1167    .text               led.o
    0x080015ac   0x080015ac   0x00000118   Code   RO         1187    .text               exti.o
    0x080016c4   0x080016c4   0x00000080   Code   RO         1211    .text               timer.o
    0x08001744   0x08001744   0x0000013e   Code   RO         1635    .text               at24cxx.o
    0x08001882   0x08001882   0x00000002   PAD
    0x08001884   0x08001884   0x00000224   Code   RO         1661    .text               iic.o
    0x08001aa8   0x08001aa8   0x00004778   Code   RO         1726    .text               lcd_screen.o
    0x08006220   0x08006220   0x00000c0c   Code   RO         1764    .text               lcd_touch.o
    0x08006e2c   0x08006e2c   0x000000a8   Code   RO         1801    .text               adc.o
    0x08006ed4   0x08006ed4   0x000001b4   Code   RO         1824    .text               dht11.o
    0x08007088   0x08007088   0x00000008   Code   RO         1844    .text               asrpro.o
    0x08007090   0x08007090   0x000000e4   Code   RO         1867    .text               mq2.o
    0x08007174   0x08007174   0x000000e8   Code   RO         1887    .text               mq7.o
    0x0800725c   0x0800725c   0x00000034   Code   RO         1907    .text               mq135.o
    0x08007290   0x08007290   0x00000448   Code   RO         1927    .text               esp8266.o
    0x080076d8   0x080076d8   0x00000260   Code   RO         1954    .text               esp8266_gettime.o
    0x08007938   0x08007938   0x00000268   Code   RO         1974    .text               esp8266_getweather.o
    0x08007ba0   0x08007ba0   0x000000d4   Code   RO         1999    .text               delay.o
    0x08007c74   0x08007c74   0x000003cc   Code   RO         2027    .text               uart.o
    0x08008040   0x08008040   0x0000020c   Code   RO         2060    .text               stm32f4xx_gpio.o
    0x0800824c   0x0800824c   0x00000480   Code   RO         2080    .text               stm32f4xx_rcc.o
    0x080086cc   0x080086cc   0x000000e0   Code   RO         2102    .text               stm32f4xx_exti.o
    0x080087ac   0x080087ac   0x0000007c   Code   RO         2122    .text               stm32f4xx_syscfg.o
    0x08008828   0x08008828   0x000000b0   Code   RO         2142    .text               misc.o
    0x080088d8   0x080088d8   0x000009dc   Code   RO         2162    .text               stm32f4xx_tim.o
    0x080092b4   0x080092b4   0x00000358   Code   RO         2183    .text               stm32f4xx_usart.o
    0x0800960c   0x0800960c   0x00000448   Code   RO         2223    .text               stm32f4xx_fsmc.o
    0x08009a54   0x08009a54   0x00000128   Code   RO         2246    .text               stm32f4xx_pwr.o
    0x08009b7c   0x08009b7c   0x00000a4c   Code   RO         2266    .text               stm32f4xx_rtc.o
    0x0800a5c8   0x0800a5c8   0x00000354   Code   RO         2287    .text               stm32f4xx_adc.o
    0x0800a91c   0x0800a91c   0x00000024   Code   RO         2308    .text               startup_stm32f40_41xxx.o
    0x0800a940   0x0800a940   0x00000558   Code   RO         2312    .text               lv_disp.o
    0x0800ae98   0x0800ae98   0x0000056c   Code   RO         2483    .text               lv_event.o
    0x0800b404   0x0800b404   0x00000584   Code   RO         2623    .text               lv_group.o
    0x0800b988   0x0800b988   0x00000dfc   Code   RO         2785    .text               lv_indev.o
    0x0800c784   0x0800c784   0x00000bbe   Code   RO         2844    .text               lv_indev_scroll.o
    0x0800d342   0x0800d342   0x00000002   PAD
    0x0800d344   0x0800d344   0x00000dd8   Code   RO         2929    .text               lv_obj.o
    0x0800e11c   0x0800e11c   0x000001d4   Code   RO         3271    .text               lv_obj_class.o
    0x0800e2f0   0x0800e2f0   0x00000764   Code   RO         3285    .text               lv_obj_draw.o
    0x0800ea54   0x0800ea54   0x0000165c   Code   RO         3438    .text               lv_obj_pos.o
    0x080100b0   0x080100b0   0x0000107c   Code   RO         3537    .text               lv_obj_scroll.o
    0x0801112c   0x0801112c   0x00000ee8   Code   RO         3638    .text               lv_obj_style.o
    0x08012014   0x08012014   0x000003de   Code   RO         3738    .text               lv_obj_style_gen.o
    0x080123f2   0x080123f2   0x00000002   PAD
    0x080123f4   0x080123f4   0x00000500   Code   RO         3783    .text               lv_obj_tree.o
    0x080128f4   0x080128f4   0x00001378   Code   RO         3863    .text               lv_refr.o
    0x08013c6c   0x08013c6c   0x000000d4   Code   RO         3974    .text               lv_theme.o
    0x08013d40   0x08013d40   0x0000000c   Code   RO         4391    .text               lv_draw.o
    0x08013d4c   0x08013d4c   0x0000040e   Code   RO         4531    .text               lv_draw_arc.o
    0x0801415a   0x0801415a   0x00000002   PAD
    0x0801415c   0x0801415c   0x000003a4   Code   RO         4582    .text               lv_draw_img.o
    0x08014500   0x08014500   0x00000618   Code   RO         4701    .text               lv_draw_label.o
    0x08014b18   0x08014b18   0x000000b2   Code   RO         4796    .text               lv_draw_layer.o
    0x08014bca   0x08014bca   0x00000058   Code   RO         4853    .text               lv_draw_line.o
    0x08014c22   0x08014c22   0x00000002   PAD
    0x08014c24   0x08014c24   0x000014cc   Code   RO         5005    .text               lv_draw_mask.o
    0x080160f0   0x080160f0   0x000000f4   Code   RO         5071    .text               lv_draw_rect.o
    0x080161e4   0x080161e4   0x00000036   Code   RO         5126    .text               lv_draw_transform.o
    0x0801621a   0x0801621a   0x00000002   PAD
    0x0801621c   0x0801621c   0x00000676   Code   RO         5171    .text               lv_img_buf.o
    0x08016892   0x08016892   0x00000002   PAD
    0x08016894   0x08016894   0x00000058   Code   RO         5208    .text               lv_img_cache.o
    0x080168ec   0x080168ec   0x00000818   Code   RO         5255    .text               lv_img_decoder.o
    0x08017104   0x08017104   0x000000f8   Code   RO         5316    .text               lv_draw_sw.o
    0x080171fc   0x080171fc   0x00000a70   Code   RO         5456    .text               lv_draw_sw_arc.o
    0x08017c6c   0x08017c6c   0x00000dba   Code   RO         5557    .text               lv_draw_sw_blend.o
    0x08018a26   0x08018a26   0x00000002   PAD
    0x08018a28   0x08018a28   0x00000400   Code   RO         5694    .text               lv_draw_sw_gradient.o
    0x08018e28   0x08018e28   0x000004e0   Code   RO         5752    .text               lv_draw_sw_img.o
    0x08019308   0x08019308   0x000001d4   Code   RO         5839    .text               lv_draw_sw_layer.o
    0x080194dc   0x080194dc   0x000003dc   Code   RO         5923    .text               lv_draw_sw_letter.o
    0x080198b8   0x080198b8   0x000007cc   Code   RO         6020    .text               lv_draw_sw_line.o
    0x0801a084   0x0801a084   0x0000027c   Code   RO         6112    .text               lv_draw_sw_polygon.o
    0x0801a300   0x0801a300   0x00001baa   Code   RO         6177    .text               lv_draw_sw_rect.o
    0x0801beaa   0x0801beaa   0x00000002   PAD
    0x0801beac   0x0801beac   0x000006a4   Code   RO         6225    .text               lv_draw_sw_transform.o
    0x0801c550   0x0801c550   0x0000000e   Code   RO         6312    .text               lv_extra.o
    0x0801c55e   0x0801c55e   0x00000002   PAD
    0x0801c560   0x0801c560   0x00000adc   Code   RO         6728    .text               lv_flex.o
    0x0801d03c   0x0801d03c   0x00000ad0   Code   RO         6903    .text               lv_grid.o
    0x0801db0c   0x0801db0c   0x00002528   Code   RO        13644    .text               lv_theme_default.o
    0x08020034   0x08020034   0x000004d4   Code   RO        14910    .text               lv_calendar.o
    0x08020508   0x08020508   0x000001b8   Code   RO        15331    .text               lv_calendar_header_arrow.o
    0x080206c0   0x080206c0   0x00000154   Code   RO        15520    .text               lv_calendar_header_dropdown.o
    0x08020814   0x08020814   0x00002080   Code   RO        15633    .text               lv_chart.o
    0x08022894   0x08022894   0x00000a78   Code   RO        16052    .text               lv_colorwheel.o
    0x0802330c   0x0802330c   0x00000360   Code   RO        16890    .text               lv_keyboard.o
    0x0802366c   0x0802366c   0x00000368   Code   RO        17085    .text               lv_led.o
    0x080239d4   0x080239d4   0x000007e4   Code   RO        17693    .text               lv_menu.o
    0x080241b8   0x080241b8   0x00000ca8   Code   RO        17877    .text               lv_meter.o
    0x08024e60   0x08024e60   0x00000486   Code   RO        19133    .text               lv_spinbox.o
    0x080252e6   0x080252e6   0x00000002   PAD
    0x080252e8   0x080252e8   0x000000a8   Code   RO        19552    .text               lv_spinner.o
    0x08025390   0x08025390   0x000004f0   Code   RO        19971    .text               lv_tabview.o
    0x08025880   0x08025880   0x0000022c   Code   RO        20391    .text               lv_tileview.o
    0x08025aac   0x08025aac   0x00000100   Code   RO        20563    .text               lv_win.o
    0x08025bac   0x08025bac   0x000000c6   Code   RO        20983    .text               lv_font.o
    0x08025c72   0x08025c72   0x00000002   PAD
    0x08025c74   0x08025c74   0x000002b8   Code   RO        21032    .text               lv_font_fmt_txt.o
    0x08025f2c   0x08025f2c   0x000007c8   Code   RO        22074    .text               lv_hal_disp.o
    0x080266f4   0x080266f4   0x0000013c   Code   RO        22278    .text               lv_hal_indev.o
    0x08026830   0x08026830   0x00000030   Code   RO        22443    .text               lv_hal_tick.o
    0x08026860   0x08026860   0x00000508   Code   RO        22467    .text               lv_anim.o
    0x08026d68   0x08026d68   0x000008c8   Code   RO        22561    .text               lv_area.o
    0x08027630   0x08027630   0x0000009c   Code   RO        22578    .text               lv_async.o
    0x080276cc   0x080276cc   0x0000038c   Code   RO        22622    .text               lv_color.o
    0x08027a58   0x08027a58   0x00000510   Code   RO        22639    .text               lv_fs.o
    0x08027f68   0x08027f68   0x000000c0   Code   RO        22680    .text               lv_gc.o
    0x08028028   0x08028028   0x000002b0   Code   RO        22705    .text               lv_ll.o
    0x080282d8   0x080282d8   0x000001ec   Code   RO        22739    .text               lv_math.o
    0x080284c4   0x080284c4   0x00000462   Code   RO        22754    .text               lv_mem.o
    0x08028926   0x08028926   0x00000002   PAD
    0x08028928   0x08028928   0x0000069c   Code   RO        22773    .text               lv_printf.o
    0x08028fc4   0x08028fc4   0x0000048c   Code   RO        22785    .text               lv_style.o
    0x08029450   0x08029450   0x00000334   Code   RO        22855    .text               lv_style_gen.o
    0x08029784   0x08029784   0x00000214   Code   RO        22881    .text               lv_timer.o
    0x08029998   0x08029998   0x00000838   Code   RO        22896    .text               lv_tlsf.o
    0x0802a1d0   0x0802a1d0   0x000006e4   Code   RO        22909    .text               lv_txt.o
    0x0802a8b4   0x0802a8b4   0x00000048   Code   RO        23017    .text               lv_utils.o
    0x0802a8fc   0x0802a8fc   0x00000f68   Code   RO        23032    .text               lv_arc.o
    0x0802b864   0x0802b864   0x0000085c   Code   RO        23203    .text               lv_bar.o
    0x0802c0c0   0x0802c0c0   0x00000034   Code   RO        23306    .text               lv_btn.o
    0x0802c0f4   0x0802c0f4   0x00001012   Code   RO        23330    .text               lv_btnmatrix.o
    0x0802d106   0x0802d106   0x00000002   PAD
    0x0802d108   0x0802d108   0x000003dc   Code   RO        23516    .text               lv_checkbox.o
    0x0802d4e4   0x0802d4e4   0x00000e4c   Code   RO        23607    .text               lv_dropdown.o
    0x0802e330   0x0802e330   0x00000bc6   Code   RO        23706    .text               lv_img.o
    0x0802eef6   0x0802eef6   0x00000002   PAD
    0x0802eef8   0x0802eef8   0x000010e8   Code   RO        23803    .text               lv_label.o
    0x0802ffe0   0x0802ffe0   0x000001e4   Code   RO        23901    .text               lv_line.o
    0x080301c4   0x080301c4   0x00000abc   Code   RO        23926    .text               lv_roller.o
    0x08030c80   0x08030c80   0x000007f2   Code   RO        24008    .text               lv_slider.o
    0x08031472   0x08031472   0x00000002   PAD
    0x08031474   0x08031474   0x00000340   Code   RO        24121    .text               lv_switch.o
    0x080317b4   0x080317b4   0x00001184   Code   RO        24222    .text               lv_table.o
    0x08032938   0x08032938   0x00001118   Code   RO        24305    .text               lv_textarea.o
    0x08033a50   0x08033a50   0x0000009c   Code   RO        24407    .text               lv_port_disp.o
    0x08033aec   0x08033aec   0x00000068   Code   RO        24436    .text               lv_port_indev.o
    0x08033b54   0x08033b54   0x00000334   Code   RO        27140    .text               event_groups.o
    0x08033e88   0x08033e88   0x0000008a   Code   RO        27170    .text               list.o
    0x08033f12   0x08033f12   0x00000002   PAD
    0x08033f14   0x08033f14   0x00000bec   Code   RO        27185    .text               queue.o
    0x08034b00   0x08034b00   0x0000134c   Code   RO        27223    .text               tasks.o
    0x08035e4c   0x08035e4c   0x000004f0   Code   RO        27246    .text               timers.o
    0x0803633c   0x0803633c   0x000001d0   Code   RO        27276    .text               heap_4.o
    0x0803650c   0x0803650c   0x00000254   Code   RO        27292    .text               port.o
    0x08036760   0x08036760   0x0000007e   Code   RO        27324    .text               rtc.o
    0x080367de   0x080367de   0x00000062   Code   RO        27357    .text               mc_w.l(uldiv.o)
    0x08036840   0x08036840   0x00000040   Code   RO        27361    .text               mc_w.l(memmovea.o)
    0x08036880   0x08036880   0x00000024   Code   RO        27365    .text               mc_w.l(memseta.o)
    0x080368a4   0x080368a4   0x00000018   Code   RO        27367    .text               mc_w.l(strcat.o)
    0x080368bc   0x080368bc   0x00000024   Code   RO        27369    .text               mc_w.l(strstr.o)
    0x080368e0   0x080368e0   0x00000018   Code   RO        27371    .text               mc_w.l(strncpy.o)
    0x080368f8   0x080368f8   0x00000014   Code   RO        27373    .text               mc_w.l(strchr.o)
    0x0803690c   0x0803690c   0x0000000e   Code   RO        27375    .text               mc_w.l(strlen.o)
    0x0803691a   0x0803691a   0x0000001c   Code   RO        27377    .text               mc_w.l(strcmp.o)
    0x08036936   0x08036936   0x0000001a   Code   RO        27379    .text               mc_w.l(memcmp.o)
    0x08036950   0x08036950   0x00000012   Code   RO        27381    .text               mc_w.l(strcpy.o)
    0x08036962   0x08036962   0x0000001e   Code   RO        27383    .text               mc_w.l(strncmp.o)
    0x08036980   0x08036980   0x00000038   Code   RO        27650    .text               mc_w.l(__0sscanf.o)
    0x080369b8   0x080369b8   0x000000e0   Code   RO        27652    .text               mc_w.l(_scanf_str.o)
    0x08036a98   0x08036a98   0x0000001a   Code   RO        27654    .text               mc_w.l(atoi.o)
    0x08036ab2   0x08036ab2   0x000000e4   Code   RO        27656    .text               mf_w.l(dmul.o)
    0x08036b96   0x08036b96   0x0000001a   Code   RO        27658    .text               mf_w.l(dfltui.o)
    0x08036bb0   0x08036bb0   0x00000032   Code   RO        27660    .text               mf_w.l(dfixui.o)
    0x08036be2   0x08036be2   0x00000026   Code   RO        27662    .text               mf_w.l(f2d.o)
    0x08036c08   0x08036c08   0x00000030   Code   RO        27664    .text               mf_w.l(cdcmple.o)
    0x08036c38   0x08036c38   0x00000030   Code   RO        27666    .text               mf_w.l(cdrcmple.o)
    0x08036c68   0x08036c68   0x0000002c   Code   RO        27684    .text               mc_w.l(uidiv.o)
    0x08036c94   0x08036c94   0x0000001e   Code   RO        27686    .text               mc_w.l(llshl.o)
    0x08036cb2   0x08036cb2   0x00000020   Code   RO        27688    .text               mc_w.l(llushr.o)
    0x08036cd2   0x08036cd2   0x00000002   PAD
    0x08036cd4   0x08036cd4   0x00000028   Code   RO        27697    .text               mc_w.l(scanf_char.o)
    0x08036cfc   0x08036cfc   0x00000040   Code   RO        27699    .text               mc_w.l(_sgetc.o)
    0x08036d3c   0x08036d3c   0x00000070   Code   RO        27701    .text               mc_w.l(strtol.o)
    0x08036dac   0x08036dac   0x00000000   Code   RO        27703    .text               mc_w.l(iusefp.o)
    0x08036dac   0x08036dac   0x000000ba   Code   RO        27704    .text               mf_w.l(depilogue.o)
    0x08036e66   0x08036e66   0x0000014e   Code   RO        27706    .text               mf_w.l(dadd.o)
    0x08036fb4   0x08036fb4   0x000000de   Code   RO        27708    .text               mf_w.l(ddiv.o)
    0x08037092   0x08037092   0x000000a2   Code   RO        27710    .text               mf_w.l(dsqrt.o)
    0x08037134   0x08037134   0x00000030   Code   RO        27712    .text               mf_w.l(dfixul.o)
    0x08037164   0x08037164   0x00000024   Code   RO        27714    .text               mc_w.l(init.o)
    0x08037188   0x08037188   0x00000024   Code   RO        27716    .text               mc_w.l(llsshr.o)
    0x080371ac   0x080371ac   0x00000008   Code   RO        27720    .text               mc_w.l(ctype_o.o)
    0x080371b4   0x080371b4   0x00000012   Code   RO        27742    .text               mc_w.l(isspace_o.o)
    0x080371c6   0x080371c6   0x00000002   PAD
    0x080371c8   0x080371c8   0x00000330   Code   RO        27748    .text               mc_w.l(_scanf.o)
    0x080374f8   0x080374f8   0x0000009e   Code   RO        27750    .text               mc_w.l(_strtoul.o)
    0x08037596   0x08037596   0x0000001c   Code   RO        27755    .text               mc_w.l(_chval.o)
    0x080375b2   0x080375b2   0x00000056   Code   RO        27765    .text               mc_w.l(__dczerorl2.o)
    0x08037608   0x08037608   0x00000020   Code   RO        27622    i.__0printf         mc_w.l(printfa.o)
    0x08037628   0x08037628   0x00000028   Code   RO        27624    i.__0sprintf        mc_w.l(printfa.o)
    0x08037650   0x08037650   0x00000008   Code   RO        27690    i.__aeabi_errno_addr  mc_w.l(errno.o)
    0x08037658   0x08037658   0x0000007a   Code   RO        27342    i.__hardfp_sqrt     m_wm.l(sqrt.o)
    0x080376d2   0x080376d2   0x0000000e   Code   RO        27759    i.__scatterload_copy  mc_w.l(handlers.o)
    0x080376e0   0x080376e0   0x00000002   Code   RO        27760    i.__scatterload_null  mc_w.l(handlers.o)
    0x080376e2   0x080376e2   0x0000000e   Code   RO        27761    i.__scatterload_zeroinit  mc_w.l(handlers.o)
    0x080376f0   0x080376f0   0x0000000c   Code   RO        27692    i.__set_errno       mc_w.l(errno.o)
    0x080376fc   0x080376fc   0x00000184   Code   RO        27629    i._fp_digits        mc_w.l(printfa.o)
    0x08037880   0x08037880   0x000006b4   Code   RO        27630    i._printf_core      mc_w.l(printfa.o)
    0x08037f34   0x08037f34   0x00000024   Code   RO        27631    i._printf_post_padding  mc_w.l(printfa.o)
    0x08037f58   0x08037f58   0x0000002e   Code   RO        27632    i._printf_pre_padding  mc_w.l(printfa.o)
    0x08037f86   0x08037f86   0x0000000a   Code   RO        27634    i._sputc            mc_w.l(printfa.o)
    0x08037f90   0x08037f90   0x0000004c   Data   RO            4    .constdata          main.o
    0x08037fdc   0x08037fdc   0x00025800   Data   RO         1068    .constdata          chezaibeijing.o
    0x0805d7dc   0x0805d7dc   0x0000000c   Data   RO         1069    .constdata          chezaibeijing.o
    0x0805d7e8   0x0805d7e8   0x00002e3d   Data   RO         1078    .constdata          my_font.o
    0x08060625   0x08060625   0x00000003   PAD
    0x08060628   0x08060628   0x00000468   Data   RO         1079    .constdata          my_font.o
    0x08060a90   0x08060a90   0x0000005a   Data   RO         1080    .constdata          my_font.o
    0x08060aea   0x08060aea   0x00000002   PAD
    0x08060aec   0x08060aec   0x00000028   Data   RO         1081    .constdata          my_font.o
    0x08060b14   0x08060b14   0x00000018   Data   RO         1082    .constdata          my_font.o
    0x08060b2c   0x08060b2c   0x0000001c   Data   RO         1083    .constdata          my_font.o
    0x08060b48   0x08060b48   0x00000474   Data   RO         1681    .constdata          lcd_font.o
    0x08060fbc   0x08060fbc   0x000005f0   Data   RO         1682    .constdata          lcd_font.o
    0x080615ac   0x080615ac   0x00000d5c   Data   RO         1683    .constdata          lcd_font.o
    0x08062308   0x08062308   0x00000e00   Data   RO         1684    .constdata          lcd_font.o
    0x08063108   0x08063108   0x00000004   Data   RO         1765    .constdata          lcd_touch.o
    0x0806310c   0x0806310c   0x000000f0   Data   RO         1976    .constdata          esp8266_getweather.o
    0x080631fc   0x080631fc   0x0000001c   Data   RO         2224    .constdata          stm32f4xx_fsmc.o
    0x08063218   0x08063218   0x0000001c   Data   RO         2930    .constdata          lv_obj.o
    0x08063234   0x08063234   0x00000008   Data   RO         3439    .constdata          lv_obj_pos.o
    0x0806323c   0x0806323c   0x00000116   Data   RO         5925    .constdata          lv_draw_sw_letter.o
    0x08063352   0x08063352   0x00000021   Data   RO         6021    .constdata          lv_draw_sw_line.o
    0x08063373   0x08063373   0x00000001   PAD
    0x08063374   0x08063374   0x00000008   Data   RO         6113    .constdata          lv_draw_sw_polygon.o
    0x0806337c   0x0806337c   0x00000016   Data   RO        13646    .constdata          lv_theme_default.o
    0x08063392   0x08063392   0x00000002   PAD
    0x08063394   0x08063394   0x0000001c   Data   RO        14911    .constdata          lv_calendar.o
    0x080633b0   0x080633b0   0x0000001c   Data   RO        15332    .constdata          lv_calendar_header_arrow.o
    0x080633cc   0x080633cc   0x0000001c   Data   RO        15521    .constdata          lv_calendar_header_dropdown.o
    0x080633e8   0x080633e8   0x0000001c   Data   RO        15634    .constdata          lv_chart.o
    0x08063404   0x08063404   0x0000001c   Data   RO        16053    .constdata          lv_colorwheel.o
    0x08063420   0x08063420   0x0000001c   Data   RO        16891    .constdata          lv_keyboard.o
    0x0806343c   0x0806343c   0x000000b0   Data   RO        16892    .constdata          lv_keyboard.o
    0x080634ec   0x080634ec   0x00000050   Data   RO        16893    .constdata          lv_keyboard.o
    0x0806353c   0x0806353c   0x000000b0   Data   RO        16894    .constdata          lv_keyboard.o
    0x080635ec   0x080635ec   0x00000050   Data   RO        16895    .constdata          lv_keyboard.o
    0x0806363c   0x0806363c   0x000000b0   Data   RO        16896    .constdata          lv_keyboard.o
    0x080636ec   0x080636ec   0x00000050   Data   RO        16897    .constdata          lv_keyboard.o
    0x0806373c   0x0806373c   0x00000054   Data   RO        16898    .constdata          lv_keyboard.o
    0x08063790   0x08063790   0x00000022   Data   RO        16899    .constdata          lv_keyboard.o
    0x080637b2   0x080637b2   0x00000002   PAD
    0x080637b4   0x080637b4   0x0000001c   Data   RO        17086    .constdata          lv_led.o
    0x080637d0   0x080637d0   0x00000054   Data   RO        17505    .constdata          lv_list.o
    0x08063824   0x08063824   0x000000fc   Data   RO        17694    .constdata          lv_menu.o
    0x08063920   0x08063920   0x0000001c   Data   RO        17878    .constdata          lv_meter.o
    0x0806393c   0x0806393c   0x00000054   Data   RO        18296    .constdata          lv_msgbox.o
    0x08063990   0x08063990   0x0000001c   Data   RO        19134    .constdata          lv_spinbox.o
    0x080639ac   0x080639ac   0x0000001c   Data   RO        19553    .constdata          lv_spinner.o
    0x080639c8   0x080639c8   0x0000001c   Data   RO        19972    .constdata          lv_tabview.o
    0x080639e4   0x080639e4   0x00000038   Data   RO        20392    .constdata          lv_tileview.o
    0x08063a1c   0x08063a1c   0x0000001c   Data   RO        20564    .constdata          lv_win.o
    0x08063a38   0x08063a38   0x00002280   Data   RO        21524    .constdata          lv_font_montserrat_14.o
    0x08065cb8   0x08065cb8   0x000004f0   Data   RO        21525    .constdata          lv_font_montserrat_14.o
    0x080661a8   0x080661a8   0x0000007c   Data   RO        21526    .constdata          lv_font_montserrat_14.o
    0x08066224   0x08066224   0x00000028   Data   RO        21527    .constdata          lv_font_montserrat_14.o
    0x0806624c   0x0806624c   0x0000009e   Data   RO        21528    .constdata          lv_font_montserrat_14.o
    0x080662ea   0x080662ea   0x0000009e   Data   RO        21529    .constdata          lv_font_montserrat_14.o
    0x08066388   0x08066388   0x00000bad   Data   RO        21530    .constdata          lv_font_montserrat_14.o
    0x08066f35   0x08066f35   0x00000003   PAD
    0x08066f38   0x08066f38   0x00000010   Data   RO        21531    .constdata          lv_font_montserrat_14.o
    0x08066f48   0x08066f48   0x00000018   Data   RO        21532    .constdata          lv_font_montserrat_14.o
    0x08066f60   0x08066f60   0x0000001c   Data   RO        21533    .constdata          lv_font_montserrat_14.o
    0x08066f7c   0x08066f7c   0x0000017c   Data   RO        22623    .constdata          lv_color.o
    0x080670f8   0x080670f8   0x000000b6   Data   RO        22740    .constdata          lv_math.o
    0x080671ae   0x080671ae   0x00000002   PAD
    0x080671b0   0x080671b0   0x00000075   Data   RO        22786    .constdata          lv_style.o
    0x08067225   0x08067225   0x00000003   PAD
    0x08067228   0x08067228   0x0000001c   Data   RO        23033    .constdata          lv_arc.o
    0x08067244   0x08067244   0x0000001c   Data   RO        23204    .constdata          lv_bar.o
    0x08067260   0x08067260   0x0000001c   Data   RO        23307    .constdata          lv_btn.o
    0x0806727c   0x0806727c   0x0000001c   Data   RO        23331    .constdata          lv_btnmatrix.o
    0x08067298   0x08067298   0x0000001c   Data   RO        23517    .constdata          lv_checkbox.o
    0x080672b4   0x080672b4   0x00000038   Data   RO        23608    .constdata          lv_dropdown.o
    0x080672ec   0x080672ec   0x0000001c   Data   RO        23707    .constdata          lv_img.o
    0x08067308   0x08067308   0x0000001c   Data   RO        23804    .constdata          lv_label.o
    0x08067324   0x08067324   0x0000001c   Data   RO        23902    .constdata          lv_line.o
    0x08067340   0x08067340   0x00000038   Data   RO        23927    .constdata          lv_roller.o
    0x08067378   0x08067378   0x0000001c   Data   RO        24009    .constdata          lv_slider.o
    0x08067394   0x08067394   0x0000001c   Data   RO        24122    .constdata          lv_switch.o
    0x080673b0   0x080673b0   0x0000001c   Data   RO        24223    .constdata          lv_table.o
    0x080673cc   0x080673cc   0x0000001c   Data   RO        24306    .constdata          lv_textarea.o
    0x080673e8   0x080673e8   0x00000081   Data   RO        27721    .constdata          mc_w.l(ctype_o.o)
    0x08067469   0x08067469   0x00000003   PAD
    0x0806746c   0x0806746c   0x00000004   Data   RO        27722    .constdata          mc_w.l(ctype_o.o)
    0x08067470   0x08067470   0x0000004c   Data   RO            5    .conststring        main.o
    0x080674bc   0x080674bc   0x0000006f   Data   RO         1685    .conststring        lcd_font.o
    0x0806752b   0x0806752b   0x00000001   PAD
    0x0806752c   0x0806752c   0x00000079   Data   RO         1766    .conststring        lcd_touch.o
    0x080675a5   0x080675a5   0x00000003   PAD
    0x080675a8   0x080675a8   0x00000218   Data   RO         1977    .conststring        esp8266_getweather.o
    0x080677c0   0x080677c0   0x0000001b   Data   RO        14912    .conststring        lv_calendar.o
    0x080677db   0x080677db   0x00000001   PAD
    0x080677dc   0x080677dc   0x00000065   Data   RO        15333    .conststring        lv_calendar_header_arrow.o
    0x08067841   0x08067841   0x00000003   PAD
    0x08067844   0x08067844   0x0000028c   Data   RO        15522    .conststring        lv_calendar_header_dropdown.o
    0x08067ad0   0x08067ad0   0x0000009d   Data   RO        16900    .conststring        lv_keyboard.o
    0x08067b6d   0x08067b6d   0x00000003   PAD
    0x08067b70   0x08067b70   0x0000006c   Data   RO        16901    .conststring        lv_keyboard.o
    0x08067bdc   0x08067bdc   0x0000005a   Data   RO        16902    .conststring        lv_keyboard.o
    0x08067c36   0x08067c36   0x00000002   PAD
    0x08067c38   0x08067c38   0x00000004   Data   RO        16903    .conststring        lv_keyboard.o
    0x08067c3c   0x08067c3c   0x00000025   Data   RO        23332    .conststring        lv_btnmatrix.o
    0x08067c61   0x08067c61   0x00000003   PAD
    0x08067c64   0x08067c64   0x00000020   Data   RO        27757    Region$$Table       anon$$obj.o


    Execution Region RW_IRAM1 (Exec base: 0x20000000, Load base: 0x08067c84, Size: 0x00015870, Max: 0x00020000, ABSOLUTE, COMPRESSED[0x00000138])

    Exec Addr    Load Addr    Size         Type   Attr      Idx    E Section Name        Object

    0x20000000   COMPRESSED   0x00000044   Data   RW            6    .data               main.o
    0x20000044   COMPRESSED   0x00000014   Data   RW          719    .data               system_stm32f4xx.o
    0x20000058   COMPRESSED   0x00000008   Data   RW         1084    .data               my_font.o
    0x20000060   COMPRESSED   0x00000070   Data   RW         1686    .data               lcd_font.o
    0x200000d0   COMPRESSED   0x00000004   Data   RW         1728    .data               lcd_screen.o
    0x200000d4   COMPRESSED   0x00000038   Data   RW         1767    .data               lcd_touch.o
    0x2000010c   COMPRESSED   0x00000002   Data   RW         1802    .data               adc.o
    0x2000010e   COMPRESSED   0x00000002   PAD
    0x20000110   COMPRESSED   0x00000004   Data   RW         1928    .data               esp8266.o
    0x20000114   COMPRESSED   0x00000004   Data   RW         2000    .data               delay.o
    0x20000118   COMPRESSED   0x0000000a   Data   RW         2029    .data               uart.o
    0x20000122   COMPRESSED   0x00000002   PAD
    0x20000124   COMPRESSED   0x00000004   Data   RW         2030    .data               uart.o
    0x20000128   COMPRESSED   0x00000010   Data   RW         2081    .data               stm32f4xx_rcc.o
    0x20000138   COMPRESSED   0x00000008   Data   RW         2484    .data               lv_event.o
    0x20000140   COMPRESSED   0x00000004   Data   RW         2624    .data               lv_group.o
    0x20000144   COMPRESSED   0x0000000c   Data   RW         2786    .data               lv_indev.o
    0x20000150   COMPRESSED   0x00000008   Data   RW         2931    .data               lv_obj.o
    0x20000158   COMPRESSED   0x00000008   Data   RW         3440    .data               lv_obj_pos.o
    0x20000160   COMPRESSED   0x00000001   Data   RW         3639    .data               lv_obj_style.o
    0x20000161   COMPRESSED   0x00000003   PAD
    0x20000164   COMPRESSED   0x00000010   Data   RW         3865    .data               lv_refr.o
    0x20000174   COMPRESSED   0x0000000c   Data   RW         5695    .data               lv_draw_sw_gradient.o
    0x20000180   COMPRESSED   0x00000008   Data   RW         5927    .data               lv_draw_sw_letter.o
    0x20000188   COMPRESSED   0x0000000c   Data   RW         6729    .data               lv_flex.o
    0x20000194   COMPRESSED   0x00000016   Data   RW         6904    .data               lv_grid.o
    0x200001aa   COMPRESSED   0x00000002   PAD
    0x200001ac   COMPRESSED   0x00000020   Data   RW        13647    .data               lv_theme_default.o
    0x200001cc   COMPRESSED   0x0000001c   Data   RW        14913    .data               lv_calendar.o
    0x200001e8   COMPRESSED   0x00000030   Data   RW        15334    .data               lv_calendar_header_arrow.o
    0x20000218   COMPRESSED   0x00000008   Data   RW        15523    .data               lv_calendar_header_dropdown.o
    0x20000220   COMPRESSED   0x00000008   Data   RW        16054    .data               lv_colorwheel.o
    0x20000228   COMPRESSED   0x00000048   Data   RW        16904    .data               lv_keyboard.o
    0x20000270   COMPRESSED   0x00000008   Data   RW        19554    .data               lv_spinner.o
    0x20000278   COMPRESSED   0x00000004   Data   RW        19973    .data               lv_tabview.o
    0x2000027c   COMPRESSED   0x0000000c   Data   RW        20393    .data               lv_tileview.o
    0x20000288   COMPRESSED   0x00000002   Data   RW        20565    .data               lv_win.o
    0x2000028a   COMPRESSED   0x00000002   PAD
    0x2000028c   COMPRESSED   0x00000008   Data   RW        21534    .data               lv_font_montserrat_14.o
    0x20000294   COMPRESSED   0x00000010   Data   RW        22075    .data               lv_hal_disp.o
    0x200002a4   COMPRESSED   0x00000008   Data   RW        22444    .data               lv_hal_tick.o
    0x200002ac   COMPRESSED   0x0000000c   Data   RW        22468    .data               lv_anim.o
    0x200002b8   COMPRESSED   0x0000000c   Data   RW        22562    .data               lv_area.o
    0x200002c4   COMPRESSED   0x00000018   Data   RW        22682    .data               lv_gc.o
    0x200002dc   COMPRESSED   0x00000004   Data   RW        22741    .data               lv_math.o
    0x200002e0   COMPRESSED   0x00000010   Data   RW        22756    .data               lv_mem.o
    0x200002f0   COMPRESSED   0x00000008   Data   RW        22787    .data               lv_style.o
    0x200002f8   COMPRESSED   0x00000014   Data   RW        22882    .data               lv_timer.o
    0x2000030c   COMPRESSED   0x0000000c   Data   RW        22910    .data               lv_txt.o
    0x20000318   COMPRESSED   0x00000004   Data   RW        22911    .data               lv_txt.o
    0x2000031c   COMPRESSED   0x00000004   Data   RW        22913    .data               lv_txt.o
    0x20000320   COMPRESSED   0x00000004   Data   RW        22914    .data               lv_txt.o
    0x20000324   COMPRESSED   0x00000004   Data   RW        22915    .data               lv_txt.o
    0x20000328   COMPRESSED   0x0000001c   Data   RW        23333    .data               lv_btnmatrix.o
    0x20000344   COMPRESSED   0x00000004   Data   RW        24307    .data               lv_textarea.o
    0x20000348   COMPRESSED   0x00000008   Data   RW        24409    .data               lv_port_disp.o
    0x20000350   COMPRESSED   0x00000008   Data   RW        24438    .data               lv_port_indev.o
    0x20000358   COMPRESSED   0x0000003c   Data   RW        27225    .data               tasks.o
    0x20000394   COMPRESSED   0x00000014   Data   RW        27248    .data               timers.o
    0x200003a8   COMPRESSED   0x00000018   Data   RW        27278    .data               heap_4.o
    0x200003c0   COMPRESSED   0x0000000c   Data   RW        27293    .data               port.o
    0x200003cc   COMPRESSED   0x00000004   Data   RW        27693    .data               mc_w.l(errno.o)
    0x200003d0        -       0x0000000e   Zero   RW         1727    .bss                lcd_screen.o
    0x200003de        -       0x00000034   Zero   RW         1975    .bss                esp8266_getweather.o
    0x20000412        -       0x00000600   Zero   RW         2028    .bss                uart.o
    0x20000a12   COMPRESSED   0x00000002   PAD
    0x20000a14        -       0x00000018   Zero   RW         3864    .bss                lv_refr.o
    0x20000a2c        -       0x00000100   Zero   RW         5924    .bss                lv_draw_sw_letter.o
    0x20000b2c        -       0x0000004c   Zero   RW        13645    .bss                lv_theme_default.o
    0x20000b78        -       0x000001fc   Zero   RW        22681    .bss                lv_gc.o
    0x20000d74        -       0x0000a000   Zero   RW        22755    .bss                lv_mem.o
    0x2000ad74        -       0x0000196c   Zero   RW        24408    .bss                lv_port_disp.o
    0x2000c6e0        -       0x00000020   Zero   RW        24437    .bss                lv_port_indev.o
    0x2000c700        -       0x00000040   Zero   RW        27186    .bss                queue.o
    0x2000c740        -       0x00000104   Zero   RW        27224    .bss                tasks.o
    0x2000c844        -       0x00000028   Zero   RW        27247    .bss                timers.o
    0x2000c86c        -       0x00008000   Zero   RW        27277    .bss                heap_4.o
    0x2001486c   COMPRESSED   0x00000004   PAD
    0x20014870        -       0x00001000   Zero   RW         2305    STACK               startup_stm32f40_41xxx.o


==============================================================================

Image component sizes


      Code (inc. data)   RO Data    RW Data    ZI Data      Debug   Object Name

       168         12          0          2          0       1072   adc.o
         8          0          0          0          0        470   asrpro.o
       318          0          0          0          0       2902   at24cxx.o
       140          8          0          0          0     246379   buzzer.o
         0          0     153612          0          0        664   chezaibeijing.o
       212         14          0          4          0       1670   delay.o
       436         10          0          0          0       2004   dht11.o
      1096        406          0          4          0       4125   esp8266.o
       608        338          0          0          0       1038   esp8266_gettime.o
       616        242        776          0         52       2439   esp8266_getweather.o
       820          6          0          0          0      15827   event_groups.o
       280         10          0          0          0       1179   exti.o
       464          8          0         24      32768       3808   heap_4.o
       548          8          0          0          0       2028   iic.o
        68          8          0          0          0        539   key.o
         0          0       9775        112          0        840   lcd_font.o
     18296        148          0          4         14      27152   lcd_screen.o
      3084        256        125         56          0       7363   lcd_touch.o
       452         16          0          0          0       2000   led.o
       138          0          0          0          0       1978   list.o
      1288         24          0         12          0      28889   lv_anim.o
      3944          8         28          0          0      74773   lv_arc.o
      2248         26          0         12          0      10958   lv_area.o
       156          6          0          0          0       2185   lv_async.o
      2140         24         28          0          0      56101   lv_bar.o
         0          0          0          0          0       5155   lv_bidi.o
        52          6         28          0          0       1387   lv_btn.o
      4114         26         65         28          0      54761   lv_btnmatrix.o
      1236         24         55         28          0      58760   lv_calendar.o
       440         32        129         48          0      51155   lv_calendar_header_arrow.o
       340         20        680          8          0      34366   lv_calendar_header_dropdown.o
      8320         28         28          0          0      91936   lv_chart.o
       988         16         28          0          0      45188   lv_checkbox.o
       908         16        380          0          0      10934   lv_color.o
      2680         12         28          8          0      76315   lv_colorwheel.o
      1368         38          0          0          0      55601   lv_disp.o
        12          0          0          0          0      31428   lv_draw.o
      1038          0          0          0          0      22072   lv_draw_arc.o
       932         38          0          0          0      29319   lv_draw_img.o
      1560         16          0          0          0      29046   lv_draw_label.o
       178          0          0          0          0      18053   lv_draw_layer.o
        88          0          0          0          0      30778   lv_draw_line.o
      5324         36          0          0          0      26115   lv_draw_mask.o
       244          4          0          0          0      22479   lv_draw_rect.o
       248         54          0          0          0      39091   lv_draw_sw.o
      2672          0          0          0          0      37578   lv_draw_sw_arc.o
      3514         16          0          0          0      52291   lv_draw_sw_blend.o
      1024         20          0         12          0      20530   lv_draw_sw_gradient.o
      1248          0          0          0          0      25845   lv_draw_sw_img.o
       468          0          0          0          0      31897   lv_draw_sw_layer.o
       988         12        278          8        256      23171   lv_draw_sw_letter.o
      1996          4         33          0          0      24196   lv_draw_sw_line.o
       636          4          8          0          0      20079   lv_draw_sw_polygon.o
      7082          0          0          0          0      19004   lv_draw_sw_rect.o
      1700          6          0          0          0      40986   lv_draw_sw_transform.o
        54          0          0          0          0      12232   lv_draw_transform.o
      3660         60         56          0          0      56319   lv_dropdown.o
      1388         34          0          8          0      51489   lv_event.o
        14          0          0          0          0        520   lv_extra.o
      2780         56          0         12          0      72955   lv_flex.o
       198          0          0          0          0       6427   lv_font.o
       696         14          0          0          0       7029   lv_font_fmt_txt.o
         0          0      13633          8          0       2408   lv_font_montserrat_14.o
      1296         16          0          0          0      10361   lv_fs.o
       192         12          0         24        508       2150   lv_gc.o
      2768         40          0         22          0      77307   lv_grid.o
      1412         24          0          4          0      54642   lv_group.o
      1992         64          0         16          0      58423   lv_hal_disp.o
       316          8          0          0          0      47003   lv_hal_indev.o
        48          6          0          8          0       1590   lv_hal_tick.o
      3014         10         28          0          0      52058   lv_img.o
      1654         38          0          0          0      15271   lv_img_buf.o
        88          4          0          0          0       5811   lv_img_cache.o
      2072         36          0          0          0      18095   lv_img_decoder.o
      3580         16          0         12          0      35220   lv_indev.o
      3006          8          0          0          0      49663   lv_indev_scroll.o
       864         62       1273         72          0      56354   lv_keyboard.o
      4328         72         28          0          0      62983   lv_label.o
       872         10         28          0          0      54513   lv_led.o
       484          6         28          0          0      12774   lv_line.o
         0          0         84          0          0      48885   lv_list.o
       688          0          0          0          0       5777   lv_ll.o
       492         10        182          4          0       3897   lv_math.o
      1122         22          0         16      40960       6981   lv_mem.o
      2020         40        252          0          0      59978   lv_menu.o
      3240         22         28          0          0      78351   lv_meter.o
         0          0         84          0          0      51932   lv_msgbox.o
      3544         34         28          8          0      58390   lv_obj.o
       468          4          0          0          0       2904   lv_obj_class.o
      1892          0          0          0          0      64259   lv_obj_draw.o
      5724         56          8          8          0      64200   lv_obj_pos.o
      4220         34          0          0          0      59730   lv_obj_scroll.o
      3816         46          0          1          0      62449   lv_obj_style.o
       990          0          0          0          0      37931   lv_obj_style_gen.o
      1280          8          0          0          0      35567   lv_obj_tree.o
       156         20          0          8       6508       2272   lv_port_disp.o
       104         20          0          8         32       2598   lv_port_indev.o
      1692         10          0          0          0       9347   lv_printf.o
      4984         90          0         16         24      64224   lv_refr.o
      2748         84         56          0          0      51016   lv_roller.o
      2034          4         28          0          0      50162   lv_slider.o
      1158         12         28          0          0      59774   lv_spinbox.o
       168         22         28          8          0      52731   lv_spinner.o
      1164         30        117          8          0      23298   lv_style.o
       820          0          0          0          0      31476   lv_style_gen.o
       832         12         28          0          0      45246   lv_switch.o
      4484         16         28          0          0      59204   lv_table.o
      1264         30         28          4          0      67575   lv_tabview.o
      4376         90         28          4          0      66338   lv_textarea.o
       212         10          0          0          0      51764   lv_theme.o
      9512        308         22         32         76      63922   lv_theme_default.o
       556         14         56         12          0      52615   lv_tileview.o
       532         14          0         20          0       5243   lv_timer.o
      2104          8          0          0          0      20660   lv_tlsf.o
      1764         18          0         28          0      14741   lv_txt.o
        72          0          0          0          0        984   lv_utils.o
       256         10         28          2          0      52802   lv_win.o
         0          0          0          0          0      32979   lvgl_font.o
      3836       1150        152         68          0     405686   main.o
       176         12          0          0          0       2005   misc.o
        52          6          0          0          0        668   mq135.o
       228         22          0          0          0       1003   mq2.o
       232         22          0          0          0       1007   mq7.o
         0          0      13147          8          0        710   my_font.o
        50          0          0          0          0       1156   my_lib.o
       786         46          0         12          0       8865   port.o
      3052         14          0          0         64      21950   queue.o
       126          0          0          0          0       1001   rtc.o
        36          8        392          0       4096        840   startup_stm32f40_41xxx.o
       852         20          0          0          0      10974   stm32f4xx_adc.o
       224         10          0          0          0       2455   stm32f4xx_exti.o
      1096         10         28          0          0       6158   stm32f4xx_fsmc.o
       524         44          0          0          0       4525   stm32f4xx_gpio.o
        12          0          0          0          0        935   stm32f4xx_it.o
       296         12          0          0          0       3811   stm32f4xx_pwr.o
      1152         48          0         16          0      13400   stm32f4xx_rcc.o
      2636         48          0          0          0      16294   stm32f4xx_rtc.o
       124         16          0          0          0       1917   stm32f4xx_syscfg.o
      2524         52          0          0          0      24058   stm32f4xx_tim.o
       856         32          0          0          0       8348   stm32f4xx_usart.o
       380         36          0         20          0       1903   system_stm32f4xx.o
      4940         86          0         60        260      31129   tasks.o
       128          6          0          0          0        782   timer.o
      1264         46          0         20         40      20890   timers.o
       972         36          0         14       1536       5592   uart.o

    ----------------------------------------------------------------------
    222782       5482     196084        972      87200    4471760   Object Totals
         0          0         32          0          0          0   (incl. Generated)
        38          0         34         11          6          0   (incl. Padding)

    ----------------------------------------------------------------------

      Code (inc. data)   RO Data    RW Data    ZI Data      Debug   Library Member Name

       122          0          0          0          0        148   sqrt.o
        56          8          0          0          0         84   __0sscanf.o
        86          0          0          0          0          0   __dczerorl2.o
        28          0          0          0          0         68   _chval.o
       816          6          0          0          0        112   _scanf.o
       224          0          0          0          0         96   _scanf_str.o
        64          0          0          0          0         84   _sgetc.o
       158          0          0          0          0         92   _strtoul.o
        26          0          0          0          0         80   atoi.o
         8          4        133          0          0         68   ctype_o.o
         0          0          0          0          0          0   entry.o
         0          0          0          0          0          0   entry10a.o
         0          0          0          0          0          0   entry11a.o
         4          0          0          0          0          0   entry12b.o
         8          4          0          0          0          0   entry2.o
         4          0          0          0          0          0   entry5.o
         0          0          0          0          0          0   entry7b.o
         0          0          0          0          0          0   entry8b.o
         8          4          0          0          0          0   entry9a.o
        20         10          0          4          0        136   errno.o
        30          0          0          0          0          0   handlers.o
        36          8          0          0          0         68   init.o
        18          0          0          0          0         76   isspace_o.o
         0          0          0          0          0          0   iusefp.o
        30          0          0          0          0         68   llshl.o
        36          0          0          0          0         68   llsshr.o
        32          0          0          0          0         68   llushr.o
        26          0          0          0          0         80   memcmp.o
        64          0          0          0          0         76   memmovea.o
        36          0          0          0          0        108   memseta.o
      2268         96          0          0          0        616   printfa.o
        40          8          0          0          0         84   scanf_char.o
        24          0          0          0          0         68   strcat.o
        20          0          0          0          0         68   strchr.o
        28          0          0          0          0         76   strcmp.o
        18          0          0          0          0         68   strcpy.o
        14          0          0          0          0         68   strlen.o
        30          0          0          0          0         80   strncmp.o
        24          0          0          0          0         76   strncpy.o
        36          0          0          0          0         80   strstr.o
       112          0          0          0          0         88   strtol.o
        44          0          0          0          0         80   uidiv.o
        98          0          0          0          0         92   uldiv.o
        48          0          0          0          0         68   cdcmple.o
        48          0          0          0          0         68   cdrcmple.o
       334          0          0          0          0        148   dadd.o
       222          0          0          0          0        100   ddiv.o
       186          0          0          0          0        176   depilogue.o
        50          0          0          0          0         76   dfixui.o
        48          0          0          0          0         68   dfixul.o
        26          0          0          0          0         76   dfltui.o
       228          0          0          0          0         96   dmul.o
       162          0          0          0          0        100   dsqrt.o
        38          0          0          0          0         68   f2d.o

    ----------------------------------------------------------------------
      6090        148        136          4          0       4168   Library Totals
         4          0          3          0          0          0   (incl. Padding)

    ----------------------------------------------------------------------

      Code (inc. data)   RO Data    RW Data    ZI Data      Debug   Library Name

       122          0          0          0          0        148   m_wm.l
      4574        148        133          4          0       2976   mc_w.l
      1390          0          0          0          0       1044   mf_w.l

    ----------------------------------------------------------------------
      6090        148        136          4          0       4168   Library Totals

    ----------------------------------------------------------------------

==============================================================================


      Code (inc. data)   RO Data    RW Data    ZI Data      Debug   

    228872       5630     196220        976      87200    4444676   Grand Totals
    228872       5630     196220        312      87200    4444676   ELF Image Totals (compressed)
    228872       5630     196220        312          0          0   ROM Totals

==============================================================================

    Total RO  Size (Code + RO Data)               425092 ( 415.13kB)
    Total RW  Size (RW Data + ZI Data)             88176 (  86.11kB)
    Total ROM Size (Code + RO Data + RW Data)     425404 ( 415.43kB)

==============================================================================

