<html>
<body>
<pre>
<h1>�Vision Build Log</h1>
<h2>Tool Versions:</h2>
IDE-Version: ��Vision V5.38.0.0
Copyright (C) 2022 ARM Ltd and ARM Germany GmbH. All rights reserved.
License Information: dsv Z88666J, HP Inc., LIC=8MZI6-DC26K-IN8A7-EBHMK-ARN7B-53XEP
 
Tool Versions:
Toolchain:       MDK-ARM Professional  Version: 5.38.0.0
Toolchain Path:  D:\keil_538_new\ARM\ARMCC\Bin
C Compiler:      Armcc.exe V5.06 update 7 (build 960)
Assembler:       Armasm.exe V5.06 update 7 (build 960)
Linker/Locator:  ArmLink.exe V5.06 update 7 (build 960)
Library Manager: ArmAr.exe V5.06 update 7 (build 960)
Hex Converter:   FromElf.exe V5.06 update 7 (build 960)
CPU DLL:         SARMCM3.DLL V5.38.0.0
Dialog DLL:      DCM.DLL V1.17.5.0
Target DLL:      Segger\JL2CM3.dll V2.99.42.0
Dialog DLL:      TCM.DLL V1.56.4.0
 
<h2>Project:</h2>
C:\Users\Z8866\Desktop\em_monitor\car_em_project4.0\USER\stm32_poject.uvprojx
Project File Date:  04/30/2026

<h2>Output:</h2>
*** Using Compiler 'V5.06 update 7 (build 960)', folder: 'D:\keil_538_new\ARM\ARMCC\Bin'
Rebuild target 'PROJECT'
compiling led.c...
compiling lcd_screen.c...
compiling main.c...
..\MYM4_LIB\mq2\mq2.h(10): warning:  #1-D: last line of file ends without a newline
  #endif
..\MYM4_LIB\mq7\mq7.h(10): warning:  #1-D: last line of file ends without a newline
  #endif
..\MYM4_LIB\mq135\mq135.h(9): warning:  #1-D: last line of file ends without a newline
  #endif
..\MYM4_LIB\esp8266\esp8266_getweather.h(105): warning:  #1-D: last line of file ends without a newline
  #endif
main.c(646): warning:  #186-D: pointless comparison of unsigned integer with zero
                  if (msg.date.RTC_Year >= 0 && msg.date.RTC_Year <= 99 &&
main.c(737): warning:  #870-D: invalid multibyte character sequence
  			printf("【DHT11温湿度】温度：%d�?  湿度�?%d%%RH\r\n", 
main.c(737): warning:  #870-D: invalid multibyte character sequence
  			printf("【DHT11温湿度】温度：%d�?  湿度�?%d%%RH\r\n", 
main.c(908): warning:  #870-D: invalid multibyte character sequence
  				printf("##### 获取天气�? #####\r\n");
main.c(911): warning:  #870-D: invalid multibyte character sequence
  				printf("##### 获取天气中成�? #####\r\n");
main.c(915): warning:  #870-D: invalid multibyte character sequence
  				printf("城市�?%s\n", 	msg.weather_name);
main.c(916): warning:  #870-D: invalid multibyte character sequence
  				printf("天气�?%s\n", msg.weather_text);
main.c(922): warning:  #1-D: last line of file ends without a newline
  }
main.c: 12 warnings, 0 errors
compiling my_config.c...
compiling my_lib.c...
compiling buzzer.c...
compiling tupian.c...
compiling lvgl_font.c...
compiling my_font.c...
compiling chezaibeijing.c...
compiling system_stm32f4xx.c...
compiling adc.c...
compiling exti.c...
compiling key.c...
compiling at24cxx.c...
compiling my_reg.c...
compiling dht11.c...
compiling ASRPRO.c...
..\MYM4_LIB\ASRPRO\ASRPRO.c(28): warning:  #177-D: function "ASRPRO_UART_Init"  was declared but never referenced
  static void ASRPRO_UART_Init(void)
..\MYM4_LIB\ASRPRO\ASRPRO.c: 1 warning, 0 errors
compiling lcd_font.c...
compiling iic.c...
compiling lcd_image.c...
compiling stm32f4xx_it.c...
compiling lcd_touch.c...
compiling timer.c...
..\MYM4_LIB\timer\timer.c(51): warning:  #177-D: variable "flag"  was declared but never referenced
  	static int8_t flag = 0;
..\MYM4_LIB\timer\timer.c: 1 warning, 0 errors
compiling mq2.c...
..\MYM4_LIB\mq2\mq2.h(10): warning:  #1-D: last line of file ends without a newline
  #endif
..\MYM4_LIB\mq2\mq2.c(86): warning:  #1-D: last line of file ends without a newline
  }
..\MYM4_LIB\mq2\mq2.c: 2 warnings, 0 errors
compiling mq7.c...
..\MYM4_LIB\mq7\mq7.h(10): warning:  #1-D: last line of file ends without a newline
  #endif
..\MYM4_LIB\mq7\mq7.c(85): warning:  #1-D: last line of file ends without a newline
  }
..\MYM4_LIB\mq7\mq7.c: 2 warnings, 0 errors
compiling mq135.c...
..\MYM4_LIB\mq135\mq135.h(9): warning:  #1-D: last line of file ends without a newline
  #endif
..\MYM4_LIB\mq135\mq135.c(30): warning:  #1-D: last line of file ends without a newline
  }
..\MYM4_LIB\mq135\mq135.c: 2 warnings, 0 errors
compiling esp8266.c...
..\MYM4_LIB\esp8266\esp8266.c(39): warning:  #870-D: invalid multibyte character sequence
  	printf("02：关闭回显成�?!\r\n");
..\MYM4_LIB\esp8266\esp8266.c(50): warning:  #870-D: invalid multibyte character sequence
  	printf("03：连接热点成�?!\r\n");
..\MYM4_LIB\esp8266\esp8266.c: 2 warnings, 0 errors
compiling esp8266_gettime.c...
compiling esp8266_getweather.c...
..\MYM4_LIB\esp8266\esp8266_getweather.h(105): warning:  #1-D: last line of file ends without a newline
  #endif
..\MYM4_LIB\esp8266\esp8266_getweather.c(298): warning:  #870-D: invalid multibyte character sequence
      printf("天气情况�?%s\r\n", weathre_str[flag]);
..\MYM4_LIB\esp8266\esp8266_getweather.c(299): warning:  #870-D: invalid multibyte character sequence
      printf("城市�?%s\r\n", results[0].location.name);
..\MYM4_LIB\esp8266\esp8266_getweather.c(300): warning:  #870-D: invalid multibyte character sequence
      printf("天气�?%s\r\n", results[0].now.text);
..\MYM4_LIB\esp8266\esp8266_getweather.c: 4 warnings, 0 errors
compiling delay.c...
..\SYSTEM\delay\delay.c(5): warning:  #550-D: variable "fac_us"  was set but never used
  static u8  fac_us=0;			// us��ʱ������			   
..\SYSTEM\delay\delay.c: 1 warning, 0 errors
compiling uart.c...
compiling stm32f4xx_gpio.c...
compiling stm32f4xx_rcc.c...
compiling stm32f4xx_exti.c...
compiling stm32f4xx_syscfg.c...
compiling misc.c...
compiling stm32f4xx_tim.c...
compiling stm32f4xx_usart.c...
compiling stm32f4xx_spi.c...
compiling stm32f4xx_fsmc.c...
assembling startup_stm32f40_41xxx.s...
compiling stm32f4xx_pwr.c...
compiling stm32f4xx_adc.c...
compiling stm32f4xx_rtc.c...
compiling lv_disp.c...
compiling lv_event.c...
..\LVGL\src\core\lv_event.c(120): warning:  #188-D: enumerated type mixed with another type
      return e->code & ~LV_EVENT_PREPROCESS;
..\LVGL\src\core\lv_event.c: 1 warning, 0 errors
compiling lv_group.c...
compiling lv_indev.c...
compiling lv_indev_scroll.c...
compiling lv_obj_class.c...
compiling lv_obj.c...
compiling lv_obj_draw.c...
..\LVGL\src\core\lv_obj_draw.c(392): warning:  #188-D: enumerated type mixed with another type
      if(obj->spec_attr) return obj->spec_attr->layer_type;
..\LVGL\src\core\lv_obj_draw.c: 1 warning, 0 errors
compiling lv_obj_scroll.c...
compiling lv_obj_style.c...
compiling lv_obj_pos.c...
compiling lv_obj_style_gen.c...
compiling lv_obj_tree.c...
compiling lv_refr.c...
compiling lv_theme.c...
compiling lv_draw.c...
compiling lv_draw_arc.c...
compiling lv_draw_img.c...
compiling lv_draw_label.c...
compiling lv_draw_layer.c...
compiling lv_draw_line.c...
compiling lv_draw_rect.c...
compiling lv_draw_transform.c...
compiling lv_draw_mask.c...
compiling lv_draw_triangle.c...
compiling lv_img_buf.c...
compiling lv_img_cache.c...
compiling lv_img_decoder.c...
compiling lv_draw_sw.c...
compiling lv_draw_sw_arc.c...
compiling lv_draw_sw_blend.c...
compiling lv_draw_sw_dither.c...
compiling lv_draw_sw_gradient.c...
compiling lv_draw_sw_img.c...
compiling lv_draw_sw_layer.c...
compiling lv_draw_sw_letter.c...
compiling lv_draw_sw_line.c...
compiling lv_draw_sw_polygon.c...
compiling lv_draw_sw_transform.c...
compiling lv_draw_sw_rect.c...
..\LVGL\src\draw\sw\lv_draw_sw_rect.c(238): warning:  #546-D: transfer of control bypasses initialization of:
            variable "mask_any_center"  (declared at line 285)
          goto bg_clean_up;
          ^
..\LVGL\src\draw\sw\lv_draw_sw_rect.c: 1 warning, 0 errors
compiling lv_extra.c...
compiling lv_flex.c...
compiling lv_grid.c...
..\LVGL\src\extra\layouts\grid\lv_grid.c(591): warning:  #188-D: enumerated type mixed with another type
      lv_grid_align_t col_align = get_cell_col_align(item);
..\LVGL\src\extra\layouts\grid\lv_grid.c(592): warning:  #188-D: enumerated type mixed with another type
      lv_grid_align_t row_align = get_cell_row_align(item);
..\LVGL\src\extra\layouts\grid\lv_grid.c: 2 warnings, 0 errors
compiling lv_bmp.c...
compiling lv_ffmpeg.c...
compiling lv_freetype.c...
compiling lv_fs_fatfs.c...
compiling lv_fs_littlefs.c...
compiling lv_fs_posix.c...
compiling lv_fs_stdio.c...
compiling lv_fs_win32.c...
compiling gifdec.c...
compiling lv_gif.c...
compiling lodepng.c...
compiling lv_png.c...
compiling lv_qrcode.c...
compiling qrcodegen.c...
..\LVGL\src\extra\libs\qrcode\qrcodegen.c(278): warning:  #188-D: enumerated type mixed with another type
  	applyMask(tempBuffer, qrcode, mask);
..\LVGL\src\extra\libs\qrcode\qrcodegen.c(279): warning:  #188-D: enumerated type mixed with another type
  	drawFormatBits(ecl, mask, qrcode);
..\LVGL\src\extra\libs\qrcode\qrcodegen.c(620): warning:  #111-D: statement is unreachable
  				default:  LV_ASSERT(false);  return;
..\LVGL\src\extra\libs\qrcode\qrcodegen.c(853): warning:  #111-D: statement is unreachable
  		return -1;
..\LVGL\src\extra\libs\qrcode\qrcodegen.c(1008): warning:  #111-D: statement is unreachable
  		default:  LV_ASSERT(false);  return -1;  // Dummy value
..\LVGL\src\extra\libs\qrcode\qrcodegen.c: 5 warnings, 0 errors
compiling lv_rlottie.c...
compiling lv_sjpg.c...
compiling tjpgd.c...
compiling lv_tiny_ttf.c...
compiling lv_fragment.c...
compiling lv_fragment_manager.c...
compiling lv_gridnav.c...
compiling lv_ime_pinyin.c...
compiling lv_imgfont.c...
compiling lv_msg.c...
compiling lv_monkey.c...
compiling lv_snapshot.c...
compiling lv_theme_basic.c...
compiling lv_theme_mono.c...
compiling lv_theme_default.c...
..\LVGL\src\extra\themes\default\lv_theme_default.c(213): warning:  #188-D: enumerated type mixed with another type
..\LVGL\src\extra\themes\default\lv_theme_default.c: 1 warning, 0 errors
compiling lv_animimg.c...
compiling lv_calendar_header_arrow.c...
compiling lv_calendar.c...
compiling lv_calendar_header_dropdown.c...
compiling lv_colorwheel.c...
compiling lv_keyboard.c...
compiling lv_imgbtn.c...
compiling lv_chart.c...
compiling lv_led.c...
compiling lv_list.c...
compiling lv_menu.c...
compiling lv_meter.c...
compiling lv_msgbox.c...
compiling lv_span.c...
..\LVGL\src\extra\widgets\span\lv_span.c(901): warning:  #546-D: transfer of control bypasses initialization of:
            variable "align"  (declared at line 905)
              goto Next_line_init;
              ^
..\LVGL\src\extra\widgets\span\lv_span.c: 1 warning, 0 errors
compiling lv_spinbox.c...
compiling lv_spinner.c...
compiling lv_tileview.c...
compiling lv_win.c...
compiling lv_tabview.c...
compiling lv_font.c...
compiling lv_font_fmt_txt.c...
..\LVGL\src\font\lv_font_fmt_txt.c(137): warning:  #111-D: statement is unreachable
      return NULL;
..\LVGL\src\font\lv_font_fmt_txt.c: 1 warning, 0 errors
compiling lv_font_dejavu_16_persian_hebrew.c...
compiling lv_font_loader.c...
compiling lv_font_montserrat_8.c...
compiling lv_font_montserrat_10.c...
compiling lv_font_montserrat_12.c...
compiling lv_font_montserrat_12_subpx.c...
compiling lv_font_montserrat_14.c...
compiling lv_font_montserrat_16.c...
compiling lv_font_montserrat_18.c...
compiling lv_font_montserrat_20.c...
compiling lv_font_montserrat_22.c...
compiling lv_font_montserrat_24.c...
compiling lv_font_montserrat_26.c...
compiling lv_font_montserrat_28.c...
compiling lv_font_montserrat_28_compressed.c...
compiling lv_font_montserrat_30.c...
compiling lv_font_montserrat_32.c...
compiling lv_font_montserrat_34.c...
compiling lv_font_montserrat_36.c...
compiling lv_font_montserrat_38.c...
compiling lv_font_montserrat_40.c...
compiling lv_font_montserrat_42.c...
compiling lv_font_montserrat_44.c...
compiling lv_font_montserrat_46.c...
compiling lv_font_montserrat_48.c...
compiling lv_font_simsun_16_cjk.c...
compiling lv_font_unscii_8.c...
compiling lv_font_unscii_16.c...
compiling lv_hal_disp.c...
..\LVGL\src\hal\lv_hal_disp.c(582): warning:  #188-D: enumerated type mixed with another type
      return disp->driver->rotated;
..\LVGL\src\hal\lv_hal_disp.c: 1 warning, 0 errors
compiling lv_hal_indev.c...
compiling lv_hal_tick.c...
compiling lv_anim.c...
compiling lv_anim_timeline.c...
compiling lv_area.c...
compiling lv_async.c...
compiling lv_bidi.c...
compiling lv_color.c...
compiling lv_fs.c...
compiling lv_gc.c...
compiling lv_ll.c...
compiling lv_log.c...
compiling lv_lru.c...
..\LVGL\src\misc\lv_lru.c(241): warning:  #68-D: integer conversion resulted in a change of sign
      uint32_t i = 0, min_index = -1;
..\LVGL\src\misc\lv_lru.c(242): warning:  #68-D: integer conversion resulted in a change of sign
      uint64_t min_access_count = -1;
..\LVGL\src\misc\lv_lru.c: 2 warnings, 0 errors
compiling lv_math.c...
compiling lv_mem.c...
..\LVGL\src\misc\lv_mem.c(325): warning:  #111-D: statement is unreachable
      return NULL;
..\LVGL\src\misc\lv_mem.c: 1 warning, 0 errors
compiling lv_printf.c...
compiling lv_style.c...
..\LVGL\src\misc\lv_style.c(214): warning:  #188-D: enumerated type mixed with another type
      return last_custom_prop_id;
..\LVGL\src\misc\lv_style.c(219): warning:  #188-D: enumerated type mixed with another type
      return last_custom_prop_id - _LV_STYLE_LAST_BUILT_IN_PROP;
..\LVGL\src\misc\lv_style.c(290): warning:  #188-D: enumerated type mixed with another type
      lv_style_set_prop_internal(style, prop | meta, null_style_value, lv_style_set_prop_meta_helper);
..\LVGL\src\misc\lv_style.c: 3 warnings, 0 errors
compiling lv_style_gen.c...
compiling lv_templ.c...
compiling lv_timer.c...
compiling lv_tlsf.c...
..\LVGL\src\misc\lv_tlsf.c(898): warning:  #68-D: integer conversion resulted in a change of sign
          offset_to_block(pool, -(int)block_header_overhead);
..\LVGL\src\misc\lv_tlsf.c(1000): warning:  #68-D: integer conversion resulted in a change of sign
      block = offset_to_block(mem, -(tlsfptr_t)block_header_overhead);
..\LVGL\src\misc\lv_tlsf.c(1018): warning:  #68-D: integer conversion resulted in a change of sign
      block_header_t * block = offset_to_block(pool, -(int)block_header_overhead);
..\LVGL\src\misc\lv_tlsf.c: 3 warnings, 0 errors
compiling lv_txt_ap.c...
compiling lv_txt.c...
compiling lv_utils.c...
compiling lv_bar.c...
compiling lv_arc.c...
compiling lv_btn.c...
compiling lv_btnmatrix.c...
compiling lv_canvas.c...
compiling lv_checkbox.c...
compiling lv_dropdown.c...
compiling lv_img.c...
compiling lv_label.c...
compiling lv_line.c...
compiling lv_objx_templ.c...
compiling lv_roller.c...
compiling lv_slider.c...
compiling lv_switch.c...
compiling lv_table.c...
compiling lv_textarea.c...
compiling lv_port_fs.c...
compiling lv_demo_benchmark.c...
compiling lv_port_disp.c...
..\LVGL\examples\porting\lv_port_disp.c(24): warning:  #1215-D: #warning directive: Please define or replace the macro MY_DISP_HOR_RES with the actual screen width, default value 320 is used for now.
      #warning Please define or replace the macro MY_DISP_HOR_RES with the actual screen width, default value 320 is used for now.
..\LVGL\examples\porting\lv_port_disp.c(29): warning:  #1215-D: #warning directive: Please define or replace the macro MY_DISP_HOR_RES with the actual screen height, default value 240 is used for now.
      #warning Please define or replace the macro MY_DISP_HOR_RES with the actual screen height, default value 240 is used for now.
..\LVGL\examples\porting\lv_port_disp.c(204): warning:  #177-D: variable "x"  was declared but never referenced
  	int32_t x;
..\LVGL\examples\porting\lv_port_disp.c(205): warning:  #177-D: variable "y"  was declared but never referenced
  	int32_t y;
..\LVGL\examples\porting\lv_port_disp.c: 4 warnings, 0 errors
compiling lv_port_indev.c...
..\LVGL\examples\porting\lv_port_indev.c(239): warning:  #177-D: function "mouse_init"  was declared but never referenced
  static void mouse_init(void)
..\LVGL\examples\porting\lv_port_indev.c(245): warning:  #177-D: function "mouse_read"  was declared but never referenced
  static void mouse_read(lv_indev_drv_t * indev_drv, lv_indev_data_t * data)
..\LVGL\examples\porting\lv_port_indev.c(281): warning:  #177-D: function "keypad_init"  was declared but never referenced
  static void keypad_init(void)
..\LVGL\examples\porting\lv_port_indev.c(287): warning:  #177-D: function "keypad_read"  was declared but never referenced
  static void keypad_read(lv_indev_drv_t * indev_drv, lv_indev_data_t * data)
..\LVGL\examples\porting\lv_port_indev.c(340): warning:  #177-D: function "encoder_init"  was declared but never referenced
  static void encoder_init(void)
..\LVGL\examples\porting\lv_port_indev.c(346): warning:  #177-D: function "encoder_read"  was declared but never referenced
  static void encoder_read(lv_indev_drv_t * indev_drv, lv_indev_data_t * data)
..\LVGL\examples\porting\lv_port_indev.c(354): warning:  #177-D: function "encoder_handler"  was declared but never referenced
  static void encoder_handler(void)
..\LVGL\examples\porting\lv_port_indev.c(367): warning:  #177-D: function "button_init"  was declared but never referenced
  static void button_init(void)
..\LVGL\examples\porting\lv_port_indev.c(373): warning:  #177-D: function "button_read"  was declared but never referenced
  static void button_read(lv_indev_drv_t * indev_drv, lv_indev_data_t * data)
..\LVGL\examples\porting\lv_port_indev.c: 9 warnings, 0 errors
compiling img_benchmark_cogwheel_alpha16.c...
compiling img_benchmark_cogwheel_argb.c...
compiling img_benchmark_cogwheel_chroma_keyed.c...
compiling img_benchmark_cogwheel_indexed16.c...
compiling img_benchmark_cogwheel_rgb.c...
compiling img_benchmark_cogwheel_rgb565a8.c...
compiling lv_font_bechmark_montserrat_12_compr_az.c.c...
compiling lv_font_bechmark_montserrat_16_compr_az.c.c...
compiling lv_font_bechmark_montserrat_28_compr_az.c.c...
compiling lv_demo_stress.c...
compiling img_clothes.c...
compiling croutine.c...
compiling img_lvgl_logo.c...
compiling lv_demo_keypad_encoder.c...
compiling img_demo_widgets_avatar.c...
compiling lv_demo_widgets.c...
..\LVGL\demos\widgets\lv_demo_widgets.c(1103): warning:  #188-D: enumerated type mixed with another type
          lv_palette_t palette_secondary = (*palette_primary) + 3; /*Use another palette as secondary*/
..\LVGL\demos\widgets\lv_demo_widgets.c(1104): warning:  #188-D: enumerated type mixed with another type
          if(palette_secondary >= _LV_PALETTE_LAST) palette_secondary = 0;
..\LVGL\demos\widgets\lv_demo_widgets.c: 2 warnings, 0 errors
compiling event_groups.c...
compiling list.c...
compiling queue.c...
compiling stream_buffer.c...
compiling tasks.c...
compiling timers.c...
compiling heap_4.c...
compiling port.c...
compiling rtc.c...
linking...
Program Size: Code=228756 RO-data=196220 RW-data=972 ZI-data=87196  
"..\OBJ\stm32_poject.axf" - 0 Error(s), 65 Warning(s).

<h2>Software Packages used:</h2>

Package Vendor: Keil
                http://www.keil.com/pack/Keil.STM32F4xx_DFP.1.0.8.pack
                Keil.STM32F4xx_DFP.1.0.8
                STMicroelectronics STM32F4 Series Device Support, Drivers and Examples

<h2>Collection of Component include folders:</h2>
  D:/keil_538_new_data/Keil/STM32F4xx_DFP/1.0.8/Device/Include

<h2>Collection of Component Files used:</h2>
Build Time Elapsed:  00:00:27
</pre>
</body>
</html>
