<html>
<body>
<pre>
<h1>�Vision Build Log</h1>
<h2>Tool Versions:</h2>
IDE-Version: ��Vision V5.38.0.0
Copyright (C) 2022 ARM Ltd and ARM Germany GmbH. All rights reserved.
License Information: dsv Z88666J, HP Inc., LIC=8MZI6-DC26K-IN8A7-EBHMK-ARN7B-53XEP
 
Tool Versions:
Toolchain:       MDK-ARM Professional  Version: 5.38.0.0
Toolchain Path:  D:\keil_538_new\ARM\ARMCC\Bin
C Compiler:      Armcc.exe V5.06 update 7 (build 960)
Assembler:       Armasm.exe V5.06 update 7 (build 960)
Linker/Locator:  ArmLink.exe V5.06 update 7 (build 960)
Library Manager: ArmAr.exe V5.06 update 7 (build 960)
Hex Converter:   FromElf.exe V5.06 update 7 (build 960)
CPU DLL:         SARMCM3.DLL V5.38.0.0
Dialog DLL:      DCM.DLL V1.17.5.0
Target DLL:      Segger\JL2CM3.dll V2.99.42.0
Dialog DLL:      TCM.DLL V1.56.4.0
 
<h2>Project:</h2>
C:\Users\Z8866\Desktop\em_monitor\car_em_project4.3\USER\stm32_poject.uvprojx
Project File Date:  05/05/2026

<h2>Output:</h2>
*** Using Compiler 'V5.06 update 7 (build 960)', folder: 'D:\keil_538_new\ARM\ARMCC\Bin'
Build target 'PROJECT'
compiling main.c...
..\MYM4_LIB\mq2\mq2.h(10): warning:  #1-D: last line of file ends without a newline
  #endif
..\MYM4_LIB\mq7\mq7.h(10): warning:  #1-D: last line of file ends without a newline
  #endif
..\MYM4_LIB\mq135\mq135.h(9): warning:  #1-D: last line of file ends without a newline
  #endif
..\MYM4_LIB\esp8266\esp8266_getweather.h(105): warning:  #1-D: last line of file ends without a newline
  #endif
..\MYM4_LIB\pir\pir.h(13): warning:  #1-D: last line of file ends without a newline
  #endif
main.c(687): warning:  #186-D: pointless comparison of unsigned integer with zero
                  if (msg.date.RTC_Year >= 0 && msg.date.RTC_Year <= 99 &&
main.c(778): warning:  #870-D: invalid multibyte character sequence
  			printf("【DHT11温湿度】温度：%d�?  湿度�?%d%%RH\r\n", 
main.c(778): warning:  #870-D: invalid multibyte character sequence
  			printf("【DHT11温湿度】温度：%d�?  湿度�?%d%%RH\r\n", 
main.c(952): warning:  #870-D: invalid multibyte character sequence
  				printf("##### 获取天气�? #####\r\n");
main.c(955): warning:  #870-D: invalid multibyte character sequence
  				printf("##### 获取天气中成�? #####\r\n");
main.c(959): warning:  #870-D: invalid multibyte character sequence
  				printf("城市�?%s\n", 	msg.weather_name);
main.c(960): warning:  #870-D: invalid multibyte character sequence
  				printf("天气�?%s\n", msg.weather_text);
main.c(966): warning:  #1-D: last line of file ends without a newline
  }
main.c: 13 warnings, 0 errors
linking...
Program Size: Code=229068 RO-data=196220 RW-data=996 ZI-data=87196  
"..\OBJ\stm32_poject.axf" - 0 Error(s), 13 Warning(s).

<h2>Software Packages used:</h2>

Package Vendor: Keil
                http://www.keil.com/pack/Keil.STM32F4xx_DFP.1.0.8.pack
                Keil.STM32F4xx_DFP.1.0.8
                STMicroelectronics STM32F4 Series Device Support, Drivers and Examples

<h2>Collection of Component include folders:</h2>
  D:/keil_538_new_data/Keil/STM32F4xx_DFP/1.0.8/Device/Include

<h2>Collection of Component Files used:</h2>
Build Time Elapsed:  00:00:03
</pre>
</body>
</html>
