Component: ARM Compiler 5.06 update 7 (build 960) Tool: armlink [4d3601]

==============================================================================

Section Cross References

    main.o(.text) refers to printfa.o(i.__0printf) for __2printf
    main.o(.text) refers to event_groups.o(.text) for xEventGroupWaitBits
    main.o(.text) refers to queue.o(.text) for xQueueSemaphoreTake
    main.o(.text) refers to memseta.o(.text) for __aeabi_memclr4
    main.o(.text) refers to esp8266_getweather.o(.text) for ESP8266_GetWeatherFunc
    main.o(.text) refers to tasks.o(.text) for vTaskDelay
    main.o(.text) refers to strcpy.o(.text) for strcpy
    main.o(.text) refers to esp8266.o(.text) for ESP8266_OnLineInit
    main.o(.text) refers to esp8266_gettime.o(.text) for ESP8266_GetTimeFunc
    main.o(.text) refers to esp8266_bemfayun_tcp.o(.text) for ESP8266_BemFaYun_Tcp_Connect
    main.o(.text) refers to strstr.o(.text) for strstr
    main.o(.text) refers to my_lib.o(.text) for MY_LIB_ClearArray
    main.o(.text) refers to printfa.o(i.__0sprintf) for __2sprintf
    main.o(.text) refers to f2d.o(.text) for __aeabi_f2d
    main.o(.text) refers to mq7.o(.text) for Get_MQ7_AO_Voltage
    main.o(.text) refers to mq135.o(.text) for Get_MQ135_DO_Level
    main.o(.text) refers to main.o(.data) for .data
    main.o(.text) refers to esp8266_getweather.o(.bss) for results
    main.o(.text) refers to uart.o(.data) for u3_flag
    main.o(.text) refers to uart.o(.bss) for u3_recvbuf
    main.o(.text) refers to mq2.o(.text) for Get_MQ2_AO_Voltage
    main.o(.text) refers to dht11.o(.text) for DHT11_GetData
    main.o(.text) refers to adc.o(.text) for ADC3_IN5_GetLightVal
    main.o(.text) refers to rtc.o(.text) for RTC_SetDateTime
    main.o(.text) refers to stm32f4xx_rtc.o(.text) for RTC_GetTime
    main.o(.text) refers to atoi.o(.text) for atoi
    main.o(.text) refers to memmovea.o(.text) for __aeabi_memcpy4
    main.o(.text) refers to strcmp.o(.text) for strcmp
    main.o(.text) refers to lv_img.o(.text) for lv_img_create
    main.o(.text) refers to lv_obj_pos.o(.text) for lv_obj_align
    main.o(.text) refers to lv_label.o(.text) for lv_label_create
    main.o(.text) refers to lv_obj_style_gen.o(.text) for lv_obj_set_style_text_color
    main.o(.text) refers to main.o(.constdata) for .constdata
    main.o(.text) refers to chezaibeijing.o(.constdata) for image_chezaibeijing
    main.o(.text) refers to my_font.o(.constdata) for my_font
    main.o(.text) refers to pir.o(.text) for PIR_Scan
    main.o(.text) refers to lv_timer.o(.text) for lv_timer_handler
    main.o(.text) refers to uart.o(.text) for UART1_Init
    main.o(.text) refers to led.o(.text) for LED_Init
    main.o(.text) refers to buzzer.o(.text) for BUZZER_Init
    main.o(.text) refers to key.o(.text) for KEY_Init
    main.o(.text) refers to lv_obj.o(.text) for lv_init
    main.o(.text) refers to lv_port_disp.o(.text) for lv_port_disp_init
    main.o(.text) refers to lv_port_indev.o(.text) for lv_port_indev_init
    main.o(.text) refers to asrpro.o(.text) for ASRPRO_Init
    main.o(.text) refers to misc.o(.text) for NVIC_PriorityGroupConfig
    main.o(.text) refers to lv_hal_tick.o(.text) for lv_tick_inc
    main.o(.text) refers to lv_hal_disp.o(.text) for lv_disp_get_default
    main.o(.text) refers to lv_disp.o(.text) for lv_disp_get_scr_act
    main.o(.text) refers to system_stm32f4xx.o(.data) for SystemCoreClock
    main.o(.constdata) refers to main.o(.conststring) for .conststring
    system_stm32f4xx.o(.text) refers to system_stm32f4xx.o(.data) for .data
    lvgl_font.o(.constdata) refers to lvgl_font.o(.constdata) for unicode_list_1
    lvgl_font.o(.constdata) refers to lvgl_font.o(.constdata) for glyph_bitmap
    lvgl_font.o(.constdata) refers to lvgl_font.o(.constdata) for glyph_dsc
    lvgl_font.o(.constdata) refers to lvgl_font.o(.constdata) for cmaps
    lvgl_font.o(.constdata) refers to lvgl_font.o(.data) for cache
    lvgl_font.o(.constdata) refers to lv_font_fmt_txt.o(.text) for lv_font_get_glyph_dsc_fmt_txt
    lvgl_font.o(.constdata) refers to lvgl_font.o(.constdata) for font_dsc
    tupian.o(.constdata) refers to tupian.o(.constdata) for img_tupian_map
    chezaibeijing.o(.constdata) refers to chezaibeijing.o(.constdata) for img_chezaibeijing_map
    my_font.o(.constdata) refers to my_font.o(.constdata) for unicode_list_1
    my_font.o(.constdata) refers to my_font.o(.constdata) for glyph_bitmap
    my_font.o(.constdata) refers to my_font.o(.constdata) for glyph_dsc
    my_font.o(.constdata) refers to my_font.o(.constdata) for cmaps
    my_font.o(.constdata) refers to my_font.o(.data) for cache
    my_font.o(.constdata) refers to lv_font_fmt_txt.o(.text) for lv_font_get_glyph_dsc_fmt_txt
    my_font.o(.constdata) refers to my_font.o(.constdata) for font_dsc
    buzzer.o(.text) refers to stm32f4xx_rcc.o(.text) for RCC_AHB1PeriphClockCmd
    buzzer.o(.text) refers to stm32f4xx_gpio.o(.text) for GPIO_Init
[...]
    lv_textarea_del_char_forward             0x0803399d   Thumb Code    28  lv_textarea.o(.text)
    lv_textarea_set_text                     0x080339b9   Thumb Code   224  lv_textarea.o(.text)
    lv_textarea_set_placeholder_text         0x08033a99   Thumb Code    74  lv_textarea.o(.text)
    lv_textarea_set_cursor_click_pos         0x08033ae3   Thumb Code    12  lv_textarea.o(.text)
    lv_textarea_set_password_mode            0x08033aef   Thumb Code   108  lv_textarea.o(.text)
    lv_textarea_set_password_bullet          0x08033b5b   Thumb Code    54  lv_textarea.o(.text)
    lv_textarea_set_one_line                 0x08033b91   Thumb Code   120  lv_textarea.o(.text)
    lv_textarea_set_accepted_chars           0x08033c09   Thumb Code     4  lv_textarea.o(.text)
    lv_textarea_set_max_length               0x08033c0d   Thumb Code     4  lv_textarea.o(.text)
    lv_textarea_set_insert_replace           0x08033c11   Thumb Code     6  lv_textarea.o(.text)
    lv_textarea_set_text_selection           0x08033c17   Thumb Code    20  lv_textarea.o(.text)
    lv_textarea_set_password_show_time       0x08033c2b   Thumb Code     4  lv_textarea.o(.text)
    lv_textarea_get_label                    0x08033c2f   Thumb Code     4  lv_textarea.o(.text)
    lv_textarea_set_align                    0x08033c33   Thumb Code    52  lv_textarea.o(.text)
    lv_textarea_get_placeholder_text         0x08033c67   Thumb Code    12  lv_textarea.o(.text)
    lv_textarea_get_cursor_click_pos         0x08033c73   Thumb Code    10  lv_textarea.o(.text)
    lv_textarea_get_password_mode            0x08033c7d   Thumb Code    10  lv_textarea.o(.text)
    lv_textarea_get_one_line                 0x08033c87   Thumb Code    10  lv_textarea.o(.text)
    lv_textarea_text_is_selected             0x08033c91   Thumb Code    36  lv_textarea.o(.text)
    lv_textarea_get_text_selection           0x08033cb5   Thumb Code    10  lv_textarea.o(.text)
    lv_textarea_get_password_show_time       0x08033cbf   Thumb Code     4  lv_textarea.o(.text)
    lv_textarea_cursor_right                 0x08033cc3   Thumb Code     6  lv_textarea.o(.text)
    lv_textarea_cursor_left                  0x08033cc9   Thumb Code    12  lv_textarea.o(.text)
    lv_textarea_cursor_down                  0x08033cd5   Thumb Code    94  lv_textarea.o(.text)
    lv_textarea_cursor_up                    0x08033d33   Thumb Code    82  lv_textarea.o(.text)
    lv_port_disp_init                        0x08034351   Thumb Code    80  lv_port_disp.o(.text)
    disp_enable_update                       0x080343a1   Thumb Code     8  lv_port_disp.o(.text)
    disp_disable_update                      0x080343a9   Thumb Code     8  lv_port_disp.o(.text)
    lv_port_indev_init                       0x080343f9   Thumb Code    32  lv_port_indev.o(.text)
    xEventGroupCreate                        0x0803442d   Thumb Code    26  event_groups.o(.text)
    xEventGroupSetBits                       0x08034447   Thumb Code   140  event_groups.o(.text)
    xEventGroupSync                          0x080344d3   Thumb Code   194  event_groups.o(.text)
    xEventGroupWaitBits                      0x08034595   Thumb Code   258  event_groups.o(.text)
    xEventGroupClearBits                     0x08034697   Thumb Code    64  event_groups.o(.text)
    xEventGroupGetBitsFromISR                0x080346d7   Thumb Code    26  event_groups.o(.text)
    vEventGroupDelete                        0x080346f1   Thumb Code    70  event_groups.o(.text)
    vEventGroupSetBitsCallback               0x08034737   Thumb Code     2  event_groups.o(.text)
    vEventGroupClearBitsCallback             0x08034739   Thumb Code     2  event_groups.o(.text)
    uxEventGroupGetNumber                    0x0803473b   Thumb Code     8  event_groups.o(.text)
    vEventGroupSetNumber                     0x08034743   Thumb Code     4  event_groups.o(.text)
    vListInitialise                          0x08034761   Thumb Code    22  list.o(.text)
    vListInitialiseItem                      0x08034777   Thumb Code     6  list.o(.text)
    vListInsertEnd                           0x0803477d   Thumb Code    24  list.o(.text)
    vListInsert                              0x08034795   Thumb Code    48  list.o(.text)
    uxListRemove                             0x080347c5   Thumb Code    38  list.o(.text)
    xQueueGenericReset                       0x080347ed   Thumb Code   132  queue.o(.text)
    xQueueGenericCreate                      0x08034871   Thumb Code    82  queue.o(.text)
    xQueueGenericSend                        0x08034997   Thumb Code   350  queue.o(.text)
    xQueueCreateMutex                        0x08034af5   Thumb Code    36  queue.o(.text)
    xQueueGiveMutexRecursive                 0x08034b19   Thumb Code    62  queue.o(.text)
    xQueueSemaphoreTake                      0x08034b57   Thumb Code   378  queue.o(.text)
    xQueueTakeMutexRecursive                 0x08034cd1   Thumb Code    64  queue.o(.text)
    xQueueCreateCountingSemaphore            0x08034d11   Thumb Code    58  queue.o(.text)
    xQueueGenericSendFromISR                 0x08034d4b   Thumb Code   188  queue.o(.text)
    xQueueGiveFromISR                        0x08034e07   Thumb Code   156  queue.o(.text)
    xQueueReceive                            0x08034ec9   Thumb Code   306  queue.o(.text)
    xQueuePeek                               0x08034ffb   Thumb Code   304  queue.o(.text)
    xQueueReceiveFromISR                     0x0803512b   Thumb Code   152  queue.o(.text)
    xQueuePeekFromISR                        0x080351c3   Thumb Code   116  queue.o(.text)
    uxQueueMessagesWaiting                   0x08035237   Thumb Code    36  queue.o(.text)
    uxQueueSpacesAvailable                   0x0803525b   Thumb Code    40  queue.o(.text)
    uxQueueMessagesWaitingFromISR            0x08035283   Thumb Code    22  queue.o(.text)
    vQueueUnregisterQueue                    0x08035299   Thumb Code    36  queue.o(.text)
    vQueueDelete                             0x080352bd   Thumb Code    36  queue.o(.text)
    uxQueueGetQueueNumber                    0x080352e1   Thumb Code     4  queue.o(.text)
    vQueueSetQueueNumber                     0x080352e5   Thumb Code     4  queue.o(.text)
    ucQueueGetQueueType                      0x080352e9   Thumb Code     6  queue.o(.text)
    xQueueIsQueueEmptyFromISR                0x080352ef   Thumb Code    30  queue.o(.text)
    xQueueIsQueueFullFromISR                 0x0803530d   Thumb Code    34  queue.o(.text)
    vQueueAddToRegistry                      0x0803532f   Thumb Code    32  queue.o(.text)
    pcQueueGetName                           0x0803534f   Thumb Code    34  queue.o(.text)
    vQueueWaitForMessageRestricted           0x08035371   Thumb Code    68  queue.o(.text)
    xTaskCreate                              0x0803549d   Thumb Code    86  tasks.o(.text)
    vTaskDelete                              0x080354f3   Thumb Code   158  tasks.o(.text)
    xTaskIncrementTick                       0x08035591   Thumb Code   200  tasks.o(.text)
    xTaskResumeAll                           0x08035659   Thumb Code   184  tasks.o(.text)
    vTaskSuspendAll                          0x08035777   Thumb Code    10  tasks.o(.text)
    vTaskDelayUntil                          0x08035781   Thumb Code   148  tasks.o(.text)
    vTaskDelay                               0x08035815   Thumb Code    66  tasks.o(.text)
    eTaskGetState                            0x08035857   Thumb Code   104  tasks.o(.text)
    uxTaskPriorityGet                        0x080358bf   Thumb Code    24  tasks.o(.text)
    uxTaskPriorityGetFromISR                 0x080358d7   Thumb Code    40  tasks.o(.text)
    vTaskPrioritySet                         0x080358ff   Thumb Code   184  tasks.o(.text)
    vTaskSwitchContext                       0x080359b7   Thumb Code    84  tasks.o(.text)
    vTaskSuspend                             0x08035a0b   Thumb Code   170  tasks.o(.text)
    vTaskResume                              0x08035ae5   Thumb Code   114  tasks.o(.text)
    xTaskResumeFromISR                       0x08035b57   Thumb Code   128  tasks.o(.text)
    vTaskStartScheduler                      0x08035c37   Thumb Code    94  tasks.o(.text)
    vTaskEndScheduler                        0x08035c95   Thumb Code    26  tasks.o(.text)
    xTaskGetTickCount                        0x08035caf   Thumb Code     8  tasks.o(.text)
    xTaskGetTickCountFromISR                 0x08035cb7   Thumb Code    14  tasks.o(.text)
    uxTaskGetNumberOfTasks                   0x08035cc5   Thumb Code     8  tasks.o(.text)
    pcTaskGetName                            0x08035ccd   Thumb Code    30  tasks.o(.text)
    vTaskGetInfo                             0x08035ceb   Thumb Code   122  tasks.o(.text)
    uxTaskGetSystemState                     0x08035db9   Thumb Code   162  tasks.o(.text)
    vTaskPlaceOnEventList                    0x08035e5b   Thumb Code    44  tasks.o(.text)
    vTaskPlaceOnUnorderedEventList           0x08035e87   Thumb Code    72  tasks.o(.text)
    vTaskPlaceOnEventListRestricted          0x08035ecf   Thumb Code    52  tasks.o(.text)
    xTaskRemoveFromEventList                 0x08035f03   Thumb Code   108  tasks.o(.text)
    vTaskRemoveFromUnorderedEventList        0x08035f6f   Thumb Code   106  tasks.o(.text)
    vTaskSetTimeOutState                     0x08035fd9   Thumb Code    46  tasks.o(.text)
    vTaskInternalSetTimeOutState             0x08036007   Thumb Code    34  tasks.o(.text)
    xTaskCheckForTimeOut                     0x08036029   Thumb Code   110  tasks.o(.text)
    vTaskMissedYield                         0x08036097   Thumb Code     8  tasks.o(.text)
    uxTaskGetTaskNumber                      0x0803609f   Thumb Code     8  tasks.o(.text)
    vTaskSetTaskNumber                       0x080360a7   Thumb Code     8  tasks.o(.text)
    xTaskGetCurrentTaskHandle                0x080360af   Thumb Code     6  tasks.o(.text)
    xTaskGetSchedulerState                   0x080360b5   Thumb Code    22  tasks.o(.text)
    xTaskPriorityInherit                     0x080360cb   Thumb Code   140  tasks.o(.text)
    xTaskPriorityDisinherit                  0x08036157   Thumb Code   144  tasks.o(.text)
    vTaskPriorityDisinheritAfterTimeout      0x080361e7   Thumb Code   162  tasks.o(.text)
    uxTaskResetEventItemValue                0x08036289   Thumb Code    20  tasks.o(.text)
    pvTaskIncrementMutexHeldCount            0x0803629d   Thumb Code    18  tasks.o(.text)
    ulTaskNotifyTake                         0x080362af   Thumb Code    96  tasks.o(.text)
    xTaskNotifyWait                          0x0803630f   Thumb Code   128  tasks.o(.text)
    xTaskGenericNotify                       0x0803638f   Thumb Code   226  tasks.o(.text)
    xTaskGenericNotifyFromISR                0x08036471   Thumb Code   248  tasks.o(.text)
    vTaskNotifyGiveFromISR                   0x08036569   Thumb Code   170  tasks.o(.text)
    xTaskNotifyStateClear                    0x08036613   Thumb Code    44  tasks.o(.text)
    xTimerGenericCommand                     0x08036759   Thumb Code    88  timers.o(.text)
    xTimerCreateTimerTask                    0x080368fb   Thumb Code    58  timers.o(.text)
    xTimerCreate                             0x08036935   Thumb Code    98  timers.o(.text)
    xTimerGetTimerDaemonTaskHandle           0x08036997   Thumb Code    26  timers.o(.text)
    xTimerGetPeriod                          0x080369b1   Thumb Code    22  timers.o(.text)
    vTimerSetReloadMode                      0x080369c7   Thumb Code    54  timers.o(.text)
    xTimerGetExpiryTime                      0x080369fd   Thumb Code    22  timers.o(.text)
    pcTimerGetName                           0x08036a13   Thumb Code    22  timers.o(.text)
    xTimerIsTimerActive                      0x08036a29   Thumb Code    48  timers.o(.text)
    pvTimerGetTimerID                        0x08036a59   Thumb Code    36  timers.o(.text)
    vTimerSetTimerID                         0x08036a7d   Thumb Code    38  timers.o(.text)
    uxTimerGetTimerNumber                    0x08036aa3   Thumb Code     4  timers.o(.text)
    vTimerSetTimerNumber                     0x08036aa7   Thumb Code     4  timers.o(.text)
    pvPortMalloc                             0x08036c5d   Thumb Code   210  heap_4.o(.text)
    vPortFree                                0x08036d2f   Thumb Code    90  heap_4.o(.text)
    xPortGetFreeHeapSize                     0x08036d89   Thumb Code     8  heap_4.o(.text)
    xPortGetMinimumEverFreeHeapSize          0x08036d91   Thumb Code     8  heap_4.o(.text)
    vPortInitialiseBlocks                    0x08036d99   Thumb Code     2  heap_4.o(.text)
    pxPortInitialiseStack                    0x08036e09   Thumb Code    40  port.o(.text)
    vPortSetupTimerInterrupt                 0x08036e31   Thumb Code    32  port.o(.text)
    xPortStartScheduler                      0x08036e51   Thumb Code   224  port.o(.text)
    vPortEndScheduler                        0x08036f31   Thumb Code    28  port.o(.text)
    vPortEnterCritical                       0x08036f4d   Thumb Code    56  port.o(.text)
    vPortExitCritical                        0x08036f85   Thumb Code    34  port.o(.text)
    SysTick_Handler                          0x08036fa7   Thumb Code    40  port.o(.text)
    vPortValidateInterruptPriority           0x08036fcf   Thumb Code    76  port.o(.text)
    RTC_ConfigInit                           0x08037039   Thumb Code    70  rtc.o(.text)
    RTC_SetDateTime                          0x0803707f   Thumb Code    56  rtc.o(.text)
    __aeabi_uldivmod                         0x080370b7   Thumb Code    98  uldiv.o(.text)
    ___aeabi_memcpy8$move                    0x08037119   Thumb Code     0  memmovea.o(.text)
    __aeabi_memcpy                           0x08037119   Thumb Code    64  memmovea.o(.text)
    __aeabi_memcpy4                          0x08037119   Thumb Code     0  memmovea.o(.text)
    __aeabi_memmove                          0x08037119   Thumb Code     0  memmovea.o(.text)
    __aeabi_memmove4                         0x08037119   Thumb Code     0  memmovea.o(.text)
    __aeabi_memmove8                         0x08037119   Thumb Code     0  memmovea.o(.text)
    __aeabi_memset                           0x08037159   Thumb Code    14  memseta.o(.text)
    __aeabi_memset4                          0x08037159   Thumb Code     0  memseta.o(.text)
    __aeabi_memset8                          0x08037159   Thumb Code     0  memseta.o(.text)
    __aeabi_memclr                           0x08037167   Thumb Code     4  memseta.o(.text)
    __aeabi_memclr4                          0x08037167   Thumb Code     0  memseta.o(.text)
    __aeabi_memclr8                          0x08037167   Thumb Code     0  memseta.o(.text)
    memset                                   0x0803716b   Thumb Code    18  memseta.o(.text)
    strcat                                   0x0803717d   Thumb Code    24  strcat.o(.text)
    strstr                                   0x08037195   Thumb Code    36  strstr.o(.text)
    strncpy                                  0x080371b9   Thumb Code    24  strncpy.o(.text)
    strchr                                   0x080371d1   Thumb Code    20  strchr.o(.text)
    strlen                                   0x080371e5   Thumb Code    14  strlen.o(.text)
    strcmp                                   0x080371f3   Thumb Code    28  strcmp.o(.text)
    memcmp                                   0x0803720f   Thumb Code    26  memcmp.o(.text)
    strcpy                                   0x08037229   Thumb Code    18  strcpy.o(.text)
    strncmp                                  0x0803723b   Thumb Code    30  strncmp.o(.text)
    __0sscanf                                0x08037259   Thumb Code    48  __0sscanf.o(.text)
    _scanf_string                            0x08037291   Thumb Code   224  _scanf_str.o(.text)
    atoi                                     0x08037371   Thumb Code    26  atoi.o(.text)
    __aeabi_dmul                             0x0803738b   Thumb Code   228  dmul.o(.text)
    __aeabi_ui2d                             0x0803746f   Thumb Code    26  dfltui.o(.text)
    __aeabi_d2uiz                            0x08037489   Thumb Code    50  dfixui.o(.text)
    __aeabi_f2d                              0x080374bb   Thumb Code    38  f2d.o(.text)
    __aeabi_cdcmpeq                          0x080374e1   Thumb Code     0  cdcmple.o(.text)
    __aeabi_cdcmple                          0x080374e1   Thumb Code    48  cdcmple.o(.text)
    __aeabi_cdrcmple                         0x08037511   Thumb Code    48  cdrcmple.o(.text)
    __aeabi_uidiv                            0x08037541   Thumb Code     0  uidiv.o(.text)
    __aeabi_uidivmod                         0x08037541   Thumb Code    44  uidiv.o(.text)
    __aeabi_llsl                             0x0803756d   Thumb Code    30  llshl.o(.text)
    _ll_shift_l                              0x0803756d   Thumb Code     0  llshl.o(.text)
    __aeabi_llsr                             0x0803758b   Thumb Code    32  llushr.o(.text)
    _ll_ushift_r                             0x0803758b   Thumb Code     0  llushr.o(.text)
    __vfscanf_char                           0x080375b9   Thumb Code    20  scanf_char.o(.text)
    _sgetc                                   0x080375d5   Thumb Code    30  _sgetc.o(.text)
    _sbackspace                              0x080375f3   Thumb Code    34  _sgetc.o(.text)
    strtol                                   0x08037615   Thumb Code   112  strtol.o(.text)
    __I$use$fp                               0x08037685   Thumb Code     0  iusefp.o(.text)
    _double_round                            0x08037685   Thumb Code    30  depilogue.o(.text)
    _double_epilogue                         0x080376a3   Thumb Code   156  depilogue.o(.text)
    __aeabi_dadd                             0x0803773f   Thumb Code   322  dadd.o(.text)
    __aeabi_dsub                             0x08037881   Thumb Code     6  dadd.o(.text)
    __aeabi_drsub                            0x08037887   Thumb Code     6  dadd.o(.text)
    __aeabi_ddiv                             0x0803788d   Thumb Code   222  ddiv.o(.text)
    _dsqrt                                   0x0803796b   Thumb Code   162  dsqrt.o(.text)
    __aeabi_d2ulz                            0x08037a0d   Thumb Code    48  dfixul.o(.text)
    __scatterload                            0x08037a3d   Thumb Code    28  init.o(.text)
    __scatterload_rt2                        0x08037a3d   Thumb Code     0  init.o(.text)
    __aeabi_lasr                             0x08037a61   Thumb Code    36  llsshr.o(.text)
    _ll_sshift_r                             0x08037a61   Thumb Code     0  llsshr.o(.text)
    __rt_ctype_table                         0x08037a85   Thumb Code     4  ctype_o.o(.text)
    isspace                                  0x08037a8d   Thumb Code    18  isspace_o.o(.text)
    __vfscanf                                0x08037aa1   Thumb Code   810  _scanf.o(.text)
    _strtoul                                 0x08037dd1   Thumb Code   158  _strtoul.o(.text)
    _chval                                   0x08037e6f   Thumb Code    28  _chval.o(.text)
    __decompress                             0x08037e8b   Thumb Code     0  __dczerorl2.o(.text)
    __decompress1                            0x08037e8b   Thumb Code    86  __dczerorl2.o(.text)
    __0printf                                0x08037ee1   Thumb Code    22  printfa.o(i.__0printf)
    __1printf                                0x08037ee1   Thumb Code     0  printfa.o(i.__0printf)
    __2printf                                0x08037ee1   Thumb Code     0  printfa.o(i.__0printf)
    __c89printf                              0x08037ee1   Thumb Code     0  printfa.o(i.__0printf)
    printf                                   0x08037ee1   Thumb Code     0  printfa.o(i.__0printf)
    __0sprintf                               0x08037f01   Thumb Code    34  printfa.o(i.__0sprintf)
    __1sprintf                               0x08037f01   Thumb Code     0  printfa.o(i.__0sprintf)
    __2sprintf                               0x08037f01   Thumb Code     0  printfa.o(i.__0sprintf)
    __c89sprintf                             0x08037f01   Thumb Code     0  printfa.o(i.__0sprintf)
    sprintf                                  0x08037f01   Thumb Code     0  printfa.o(i.__0sprintf)
    __aeabi_errno_addr                       0x08037f29   Thumb Code     4  errno.o(i.__aeabi_errno_addr)
    __rt_errno_addr                          0x08037f29   Thumb Code     0  errno.o(i.__aeabi_errno_addr)
    __hardfp_sqrt                            0x08037f31   Thumb Code   122  sqrt.o(i.__hardfp_sqrt)
    __scatterload_copy                       0x08037fab   Thumb Code    14  handlers.o(i.__scatterload_copy)
    __scatterload_null                       0x08037fb9   Thumb Code     2  handlers.o(i.__scatterload_null)
    __scatterload_zeroinit                   0x08037fbb   Thumb Code    14  handlers.o(i.__scatterload_zeroinit)
    __set_errno                              0x08037fc9   Thumb Code     6  errno.o(i.__set_errno)
    img_chezaibeijing_map                    0x080388b4   Data       153600  chezaibeijing.o(.constdata)
    image_chezaibeijing                      0x0805e0b4   Data          12  chezaibeijing.o(.constdata)
    my_font                                  0x08061404   Data          28  my_font.o(.constdata)
    asc2_1206                                0x08061420   Data        1140  lcd_font.o(.constdata)
    asc2_1608                                0x08061894   Data        1520  lcd_font.o(.constdata)
    asc2_2412                                0x08061e84   Data        3420  lcd_font.o(.constdata)
    g_font_dot_matrix_32                     0x08062be0   Data        3584  lcd_font.o(.constdata)
    TP_REMIND_MSG_TBL                        0x080639e0   Data           4  lcd_touch.o(.constdata)
    FSMC_DefaultTimingStruct                 0x08063ad4   Data          28  stm32f4xx_fsmc.o(.constdata)
    lv_obj_class                             0x08063af0   Data          28  lv_obj.o(.constdata)
    _lv_bpp1_opa_table                       0x08063b14   Data           2  lv_draw_sw_letter.o(.constdata)
    _lv_bpp2_opa_table                       0x08063b16   Data           4  lv_draw_sw_letter.o(.constdata)
    _lv_bpp4_opa_table                       0x08063b1a   Data          16  lv_draw_sw_letter.o(.constdata)
    _lv_bpp8_opa_table                       0x08063b2a   Data         256  lv_draw_sw_letter.o(.constdata)
    lv_calendar_class                        0x08063c6c   Data          28  lv_calendar.o(.constdata)
    lv_calendar_header_arrow_class           0x08063c88   Data          28  lv_calendar_header_arrow.o(.constdata)
    lv_calendar_header_dropdown_class        0x08063ca4   Data          28  lv_calendar_header_dropdown.o(.constdata)
    lv_chart_class                           0x08063cc0   Data          28  lv_chart.o(.constdata)
    lv_colorwheel_class                      0x08063cdc   Data          28  lv_colorwheel.o(.constdata)
    lv_keyboard_class                        0x08063cf8   Data          28  lv_keyboard.o(.constdata)
    lv_led_class                             0x0806408c   Data          28  lv_led.o(.constdata)
    lv_list_class                            0x080640a8   Data          28  lv_list.o(.constdata)
    lv_list_btn_class                        0x080640c4   Data          28  lv_list.o(.constdata)
    lv_list_text_class                       0x080640e0   Data          28  lv_list.o(.constdata)
    lv_menu_class                            0x080640fc   Data          28  lv_menu.o(.constdata)
    lv_menu_page_class                       0x08064118   Data          28  lv_menu.o(.constdata)
    lv_menu_cont_class                       0x08064134   Data          28  lv_menu.o(.constdata)
    lv_menu_section_class                    0x08064150   Data          28  lv_menu.o(.constdata)
    lv_menu_separator_class                  0x0806416c   Data          28  lv_menu.o(.constdata)
    lv_menu_sidebar_cont_class               0x08064188   Data          28  lv_menu.o(.constdata)
    lv_menu_main_cont_class                  0x080641a4   Data          28  lv_menu.o(.constdata)
    lv_menu_main_header_cont_class           0x080641c0   Data          28  lv_menu.o(.constdata)
    lv_menu_sidebar_header_cont_class        0x080641dc   Data          28  lv_menu.o(.constdata)
    lv_meter_class                           0x080641f8   Data          28  lv_meter.o(.constdata)
    lv_msgbox_class                          0x08064214   Data          28  lv_msgbox.o(.constdata)
    lv_msgbox_content_class                  0x08064230   Data          28  lv_msgbox.o(.constdata)
    lv_msgbox_backdrop_class                 0x0806424c   Data          28  lv_msgbox.o(.constdata)
    lv_spinbox_class                         0x08064268   Data          28  lv_spinbox.o(.constdata)
    lv_spinner_class                         0x08064284   Data          28  lv_spinner.o(.constdata)
    lv_tabview_class                         0x080642a0   Data          28  lv_tabview.o(.constdata)
    lv_tileview_class                        0x080642bc   Data          28  lv_tileview.o(.constdata)
    lv_tileview_tile_class                   0x080642d8   Data          28  lv_tileview.o(.constdata)
    lv_win_class                             0x080642f4   Data          28  lv_win.o(.constdata)
    lv_font_montserrat_14                    0x08067838   Data          28  lv_font_montserrat_14.o(.constdata)
    _lv_style_builtin_prop_flag_lookup_table 0x08067a8c   Data         113  lv_style.o(.constdata)
    lv_arc_class                             0x08067b00   Data          28  lv_arc.o(.constdata)
    lv_bar_class                             0x08067b1c   Data          28  lv_bar.o(.constdata)
    lv_btn_class                             0x08067b38   Data          28  lv_btn.o(.constdata)
    lv_btnmatrix_class                       0x08067b54   Data          28  lv_btnmatrix.o(.constdata)
    lv_checkbox_class                        0x08067b70   Data          28  lv_checkbox.o(.constdata)
    lv_dropdown_class                        0x08067b8c   Data          28  lv_dropdown.o(.constdata)
    lv_dropdownlist_class                    0x08067ba8   Data          28  lv_dropdown.o(.constdata)
    lv_img_class                             0x08067bc4   Data          28  lv_img.o(.constdata)
    lv_label_class                           0x08067be0   Data          28  lv_label.o(.constdata)
    lv_line_class                            0x08067bfc   Data          28  lv_line.o(.constdata)
    lv_roller_class                          0x08067c18   Data          28  lv_roller.o(.constdata)
    lv_roller_label_class                    0x08067c34   Data          28  lv_roller.o(.constdata)
    lv_slider_class                          0x08067c50   Data          28  lv_slider.o(.constdata)
    lv_switch_class                          0x08067c6c   Data          28  lv_switch.o(.constdata)
    lv_table_class                           0x08067c88   Data          28  lv_table.o(.constdata)
    lv_textarea_class                        0x08067ca4   Data          28  lv_textarea.o(.constdata)
    __ctype_table                            0x08067cc0   Data         129  ctype_o.o(.constdata)
    Region$$Table$$Base                      0x0806867c   Number         0  anon$$obj.o(Region$$Table)
    Region$$Table$$Limit                     0x0806869c   Number         0  anon$$obj.o(Region$$Table)
    bemfa_last_heartbeat                     0x20000004   Data           4  main.o(.data)
    app_task1_init_handle                    0x20000018   Data           4  main.o(.data)
    app_task2_lvgl_task_handle               0x2000001c   Data           4  main.o(.data)
    app_task3_lvgl_handle                    0x20000020   Data           4  main.o(.data)
    app_task4_rtc_handle                     0x20000024   Data           4  main.o(.data)
    app_task5_adc_handle                     0x20000028   Data           4  main.o(.data)
    app_task6_dht11_handle                   0x2000002c   Data           4  main.o(.data)
    app_task8_asrpro_handle                  0x20000030   Data           4  main.o(.data)
    app_task9_mq2_handle                     0x20000034   Data           4  main.o(.data)
    app_task10_mq7_handle                    0x20000038   Data           4  main.o(.data)
    app_task11_serve_handle                  0x2000003c   Data           4  main.o(.data)
    app_task12_esp8266_handle                0x20000040   Data           4  main.o(.data)
    app_task13_weather_handle                0x20000044   Data           4  main.o(.data)
    esp_u3_recvbuf_sem_mutex_handle          0x20000060   Data           4  main.o(.data)
    SystemCoreClock                          0x20000064   Data           4  system_stm32f4xx.o(.data)
    AHBPrescTable                            0x20000068   Data          16  system_stm32f4xx.o(.data)
    g_font_dot_matrix_32_index               0x20000080   Data         112  lcd_font.o(.data)
    POINT_COLOR                              0x200000f0   Data           2  lcd_screen.o(.data)
    BACK_COLOR                               0x200000f2   Data           2  lcd_screen.o(.data)
    CMD_RDX                                  0x200000f4   Data           1  lcd_touch.o(.data)
    CMD_RDY                                  0x200000f5   Data           1  lcd_touch.o(.data)
    tp_dev                                   0x200000f8   Data          52  lcd_touch.o(.data)
    ret_val                                  0x2000012c   Data           2  adc.o(.data)
    esp8266_transparent_transmission_sta     0x20000130   Data           4  esp8266.o(.data)
    u1_count                                 0x2000013c   Data           1  uart.o(.data)
    u1_flag                                  0x2000013d   Data           1  uart.o(.data)
    u2_count                                 0x2000013e   Data           1  uart.o(.data)
    u2_flag                                  0x2000013f   Data           1  uart.o(.data)
    u3_flag                                  0x20000140   Data           1  uart.o(.data)
    u3_count                                 0x20000142   Data           2  uart.o(.data)
    u3_len                                   0x20000144   Data           2  uart.o(.data)
    __stdout                                 0x20000148   Data           4  uart.o(.data)
    LV_LAYOUT_FLEX                           0x200001ac   Data           2  lv_flex.o(.data)
    LV_STYLE_FLEX_FLOW                       0x200001ae   Data           2  lv_flex.o(.data)
    LV_STYLE_FLEX_MAIN_PLACE                 0x200001b0   Data           2  lv_flex.o(.data)
    LV_STYLE_FLEX_CROSS_PLACE                0x200001b2   Data           2  lv_flex.o(.data)
    LV_STYLE_FLEX_TRACK_PLACE                0x200001b4   Data           2  lv_flex.o(.data)
    LV_STYLE_FLEX_GROW                       0x200001b6   Data           2  lv_flex.o(.data)
    LV_LAYOUT_GRID                           0x200001b8   Data           2  lv_grid.o(.data)
    LV_STYLE_GRID_COLUMN_DSC_ARRAY           0x200001ba   Data           2  lv_grid.o(.data)
    LV_STYLE_GRID_COLUMN_ALIGN               0x200001bc   Data           2  lv_grid.o(.data)
    LV_STYLE_GRID_ROW_DSC_ARRAY              0x200001be   Data           2  lv_grid.o(.data)
    LV_STYLE_GRID_ROW_ALIGN                  0x200001c0   Data           2  lv_grid.o(.data)
    LV_STYLE_GRID_CELL_COLUMN_POS            0x200001c2   Data           2  lv_grid.o(.data)
    LV_STYLE_GRID_CELL_COLUMN_SPAN           0x200001c4   Data           2  lv_grid.o(.data)
    LV_STYLE_GRID_CELL_X_ALIGN               0x200001c6   Data           2  lv_grid.o(.data)
    LV_STYLE_GRID_CELL_ROW_POS               0x200001c8   Data           2  lv_grid.o(.data)
    LV_STYLE_GRID_CELL_ROW_SPAN              0x200001ca   Data           2  lv_grid.o(.data)
    LV_STYLE_GRID_CELL_Y_ALIGN               0x200001cc   Data           2  lv_grid.o(.data)
    _lv_layout_list                          0x200002e8   Data           4  lv_gc.o(.data)
    _lv_timer_act                            0x200002ec   Data           4  lv_gc.o(.data)
    _lv_theme_default_styles                 0x200002f0   Data           4  lv_gc.o(.data)
    _lv_theme_basic_styles                   0x200002f4   Data           4  lv_gc.o(.data)
    _lv_grad_cache_mem                       0x200002f8   Data           4  lv_gc.o(.data)
    _lv_style_custom_prop_flag_lookup_table  0x200002fc   Data           4  lv_gc.o(.data)
    _lv_style_custom_prop_flag_lookup_table_size 0x20000318   Data           4  lv_style.o(.data)
    _lv_txt_encoded_size                     0x20000330   Data           4  lv_txt.o(.data)
    _lv_txt_encoded_next                     0x20000334   Data           4  lv_txt.o(.data)
    _lv_txt_encoded_get_byte_id              0x20000338   Data           4  lv_txt.o(.data)
    _lv_txt_unicode_to_encoded               0x2000033c   Data           4  lv_txt.o(.data)
    _lv_txt_encoded_prev                     0x20000340   Data           4  lv_txt.o(.data)
    _lv_txt_encoded_get_char_id              0x20000344   Data           4  lv_txt.o(.data)
    _lv_txt_get_encoded_length               0x20000348   Data           4  lv_txt.o(.data)
    disp_flush_enabled                       0x2000036c   Data           1  lv_port_disp.o(.data)
    g_disp_drvp                              0x20000370   Data           4  lv_port_disp.o(.data)
    indev_touchpad                           0x20000378   Data           4  lv_port_indev.o(.data)
    pxCurrentTCB                             0x2000037c   Data           4  tasks.o(.data)
    lcddev                                   0x200003f4   Data          14  lcd_screen.o(.bss)
    results                                  0x20000402   Data          52  esp8266_getweather.o(.bss)
    u1_recvbuf                               0x20000436   Data         512  uart.o(.bss)
    u2_recvbuf                               0x20000636   Data         512  uart.o(.bss)
    u3_recvbuf                               0x20000836   Data         512  uart.o(.bss)
    _lv_timer_ll                             0x20000b9c   Data          12  lv_gc.o(.bss)
    _lv_disp_ll                              0x20000ba8   Data          12  lv_gc.o(.bss)
    _lv_indev_ll                             0x20000bb4   Data          12  lv_gc.o(.bss)
    _lv_fsdrv_ll                             0x20000bc0   Data          12  lv_gc.o(.bss)
    _lv_anim_ll                              0x20000bcc   Data          12  lv_gc.o(.bss)
    _lv_group_ll                             0x20000bd8   Data          12  lv_gc.o(.bss)
    _lv_img_decoder_ll                       0x20000be4   Data          12  lv_gc.o(.bss)
    _lv_obj_style_trans_ll                   0x20000bf0   Data          12  lv_gc.o(.bss)
    _lv_img_cache_single                     0x20000bfc   Data          44  lv_gc.o(.bss)
    lv_mem_buf                               0x20000c28   Data         128  lv_gc.o(.bss)
    _lv_circle_cache                         0x20000ca8   Data         112  lv_gc.o(.bss)
    _lv_draw_mask_list                       0x20000d18   Data         128  lv_gc.o(.bss)
    xQueueRegistry                           0x2000c724   Data          64  queue.o(.bss)
    __initial_sp                             0x20015890   Data           0  startup_stm32f40_41xxx.o(STACK)



==============================================================================

Memory Map of the image

  Image Entry point : 0x08000189

  Load Region LR_IROM1 (Base: 0x08000000, Size: 0x00068a90, Max: 0x00080000, ABSOLUTE, COMPRESSED[0x000687d4])

    Execution Region ER_IROM1 (Exec base: 0x08000000, Load base: 0x08000000, Size: 0x0006869c, Max: 0x00080000, ABSOLUTE)

    Exec Addr    Load Addr    Size         Type   Attr      Idx    E Section Name        Object

    0x08000000   0x08000000   0x00000188   Data   RO         2686    RESET               startup_stm32f40_41xxx.o
    0x08000188   0x08000188   0x00000000   Code   RO        27991  * .ARM.Collect$$$$00000000  mc_w.l(entry.o)
    0x08000188   0x08000188   0x00000004   Code   RO        28305    .ARM.Collect$$$$00000001  mc_w.l(entry2.o)
    0x0800018c   0x0800018c   0x00000004   Code   RO        28308    .ARM.Collect$$$$00000004  mc_w.l(entry5.o)
    0x08000190   0x08000190   0x00000000   Code   RO        28310    .ARM.Collect$$$$00000008  mc_w.l(entry7b.o)
    0x08000190   0x08000190   0x00000000   Code   RO        28312    .ARM.Collect$$$$0000000A  mc_w.l(entry8b.o)
    0x08000190   0x08000190   0x00000008   Code   RO        28313    .ARM.Collect$$$$0000000B  mc_w.l(entry9a.o)
    0x08000198   0x08000198   0x00000004   Code   RO        28320    .ARM.Collect$$$$0000000E  mc_w.l(entry12b.o)
    0x0800019c   0x0800019c   0x00000000   Code   RO        28315    .ARM.Collect$$$$0000000F  mc_w.l(entry10a.o)
    0x0800019c   0x0800019c   0x00000000   Code   RO        28317    .ARM.Collect$$$$00000011  mc_w.l(entry11a.o)
    0x0800019c   0x0800019c   0x00000004   Code   RO        28306    .ARM.Collect$$$$00002712  mc_w.l(entry2.o)
    0x080001a0   0x080001a0   0x000000be   Code   RO        27928    .emb_text           port.o
    0x0800025e   0x0800025e   0x00000002   PAD
    0x08000260   0x08000260   0x00001314   Code   RO            3    .text               main.o
    0x08001574   0x08001574   0x0000000c   Code   RO          693    .text               stm32f4xx_it.o
    0x08001580   0x08001580   0x0000017c   Code   RO          724    .text               system_stm32f4xx.o
    0x080016fc   0x080016fc   0x00000032   Code   RO          878    .text               my_lib.o
    0x0800172e   0x0800172e   0x00000002   PAD
    0x08001730   0x08001730   0x0000008c   Code   RO         1384    .text               buzzer.o
    0x080017bc   0x080017bc   0x00000044   Code   RO         1436    .text               key.o
    0x08001800   0x08001800   0x000001c4   Code   RO         1456    .text               led.o
    0x080019c4   0x080019c4   0x00000118   Code   RO         1476    .text               exti.o
    0x08001adc   0x08001adc   0x00000080   Code   RO         1500    .text               timer.o
    0x08001b5c   0x08001b5c   0x0000013e   Code   RO         1927    .text               at24cxx.o
    0x08001c9a   0x08001c9a   0x00000002   PAD
    0x08001c9c   0x08001c9c   0x00000224   Code   RO         1953    .text               iic.o
    0x08001ec0   0x08001ec0   0x00004790   Code   RO         2018    .text               lcd_screen.o
    0x08006650   0x08006650   0x00000c0c   Code   RO         2056    .text               lcd_touch.o
    0x0800725c   0x0800725c   0x000000a8   Code   RO         2093    .text               adc.o
    0x08007304   0x08007304   0x000001b4   Code   RO         2116    .text               dht11.o
    0x080074b8   0x080074b8   0x00000008   Code   RO         2136    .text               asrpro.o
    0x080074c0   0x080074c0   0x000000e4   Code   RO         2159    .text               mq2.o
    0x080075a4   0x080075a4   0x000000e8   Code   RO         2208    .text               mq7.o
    0x0800768c   0x0800768c   0x00000034   Code   RO         2231    .text               mq135.o
    0x080076c0   0x080076c0   0x00000734   Code   RO         2254    .text               esp8266.o
    0x08007df4   0x08007df4   0x000001b8   Code   RO         2293    .text               esp8266_gettime.o
    0x08007fac   0x08007fac   0x0000021c   Code   RO         2314    .text               esp8266_getweather.o
    0x080081c8   0x080081c8   0x00000030   Code   RO         2339    .text               pir.o
    0x080081f8   0x080081f8   0x00000280   Code   RO         2362    .text               esp8266_bemfayun_tcp.o
    0x08008478   0x08008478   0x000000d4   Code   RO         2384    .text               delay.o
    0x0800854c   0x0800854c   0x000003cc   Code   RO         2406    .text               uart.o
    0x08008918   0x08008918   0x0000020c   Code   RO         2439    .text               stm32f4xx_gpio.o
    0x08008b24   0x08008b24   0x00000480   Code   RO         2459    .text               stm32f4xx_rcc.o
    0x08008fa4   0x08008fa4   0x000000e0   Code   RO         2481    .text               stm32f4xx_exti.o
    0x08009084   0x08009084   0x0000007c   Code   RO         2501    .text               stm32f4xx_syscfg.o
    0x08009100   0x08009100   0x000000b0   Code   RO         2521    .text               misc.o
    0x080091b0   0x080091b0   0x000009dc   Code   RO         2541    .text               stm32f4xx_tim.o
    0x08009b8c   0x08009b8c   0x00000358   Code   RO         2562    .text               stm32f4xx_usart.o
    0x08009ee4   0x08009ee4   0x00000448   Code   RO         2602    .text               stm32f4xx_fsmc.o
    0x0800a32c   0x0800a32c   0x00000128   Code   RO         2625    .text               stm32f4xx_pwr.o
    0x0800a454   0x0800a454   0x00000a4c   Code   RO         2645    .text               stm32f4xx_rtc.o
    0x0800aea0   0x0800aea0   0x00000354   Code   RO         2666    .text               stm32f4xx_adc.o
    0x0800b1f4   0x0800b1f4   0x00000024   Code   RO         2687    .text               startup_stm32f40_41xxx.o
    0x0800b218   0x0800b218   0x00000558   Code   RO         2691    .text               lv_disp.o
    0x0800b770   0x0800b770   0x0000056c   Code   RO         2862    .text               lv_event.o
    0x0800bcdc   0x0800bcdc   0x00000584   Code   RO         3002    .text               lv_group.o
    0x0800c260   0x0800c260   0x00000dfc   Code   RO         3164    .text               lv_indev.o
    0x0800d05c   0x0800d05c   0x00000bbe   Code   RO         3223    .text               lv_indev_scroll.o
    0x0800dc1a   0x0800dc1a   0x00000002   PAD
    0x0800dc1c   0x0800dc1c   0x00000dd8   Code   RO         3308    .text               lv_obj.o
    0x0800e9f4   0x0800e9f4   0x000001d4   Code   RO         3650    .text               lv_obj_class.o
    0x0800ebc8   0x0800ebc8   0x00000764   Code   RO         3664    .text               lv_obj_draw.o
    0x0800f32c   0x0800f32c   0x0000165c   Code   RO         3817    .text               lv_obj_pos.o
    0x08010988   0x08010988   0x0000107c   Code   RO         3916    .text               lv_obj_scroll.o
    0x08011a04   0x08011a04   0x00000ee8   Code   RO         4017    .text               lv_obj_style.o
    0x080128ec   0x080128ec   0x000003de   Code   RO         4117    .text               lv_obj_style_gen.o
    0x08012cca   0x08012cca   0x00000002   PAD
    0x08012ccc   0x08012ccc   0x00000500   Code   RO         4162    .text               lv_obj_tree.o
    0x080131cc   0x080131cc   0x00001378   Code   RO         4242    .text               lv_refr.o
    0x08014544   0x08014544   0x000000d4   Code   RO         4353    .text               lv_theme.o
    0x08014618   0x08014618   0x0000000c   Code   RO         4770    .text               lv_draw.o
    0x08014624   0x08014624   0x0000040e   Code   RO         4910    .text               lv_draw_arc.o
    0x08014a32   0x08014a32   0x00000002   PAD
    0x08014a34   0x08014a34   0x000003a4   Code   RO         4961    .text               lv_draw_img.o
    0x08014dd8   0x08014dd8   0x00000618   Code   RO         5080    .text               lv_draw_label.o
    0x080153f0   0x080153f0   0x000000b2   Code   RO         5175    .text               lv_draw_layer.o
    0x080154a2   0x080154a2   0x00000058   Code   RO         5232    .text               lv_draw_line.o
    0x080154fa   0x080154fa   0x00000002   PAD
    0x080154fc   0x080154fc   0x000014cc   Code   RO         5384    .text               lv_draw_mask.o
    0x080169c8   0x080169c8   0x000000f4   Code   RO         5450    .text               lv_draw_rect.o
    0x08016abc   0x08016abc   0x00000036   Code   RO         5505    .text               lv_draw_transform.o
    0x08016af2   0x08016af2   0x00000002   PAD
    0x08016af4   0x08016af4   0x00000676   Code   RO         5550    .text               lv_img_buf.o
    0x0801716a   0x0801716a   0x00000002   PAD
    0x0801716c   0x0801716c   0x00000058   Code   RO         5587    .text               lv_img_cache.o
    0x080171c4   0x080171c4   0x00000818   Code   RO         5634    .text               lv_img_decoder.o
    0x080179dc   0x080179dc   0x000000f8   Code   RO         5695    .text               lv_draw_sw.o
    0x08017ad4   0x08017ad4   0x00000a70   Code   RO         5835    .text               lv_draw_sw_arc.o
    0x08018544   0x08018544   0x00000dba   Code   RO         5936    .text               lv_draw_sw_blend.o
    0x080192fe   0x080192fe   0x00000002   PAD
    0x08019300   0x08019300   0x00000400   Code   RO         6073    .text               lv_draw_sw_gradient.o
    0x08019700   0x08019700   0x000004e0   Code   RO         6131    .text               lv_draw_sw_img.o
    0x08019be0   0x08019be0   0x000001d4   Code   RO         6218    .text               lv_draw_sw_layer.o
    0x08019db4   0x08019db4   0x000003dc   Code   RO         6302    .text               lv_draw_sw_letter.o
    0x0801a190   0x0801a190   0x000007cc   Code   RO         6399    .text               lv_draw_sw_line.o
    0x0801a95c   0x0801a95c   0x0000027c   Code   RO         6491    .text               lv_draw_sw_polygon.o
    0x0801abd8   0x0801abd8   0x00001baa   Code   RO         6556    .text               lv_draw_sw_rect.o
    0x0801c782   0x0801c782   0x00000002   PAD
    0x0801c784   0x0801c784   0x000006a4   Code   RO         6604    .text               lv_draw_sw_transform.o
    0x0801ce28   0x0801ce28   0x0000000e   Code   RO         6691    .text               lv_extra.o
    0x0801ce36   0x0801ce36   0x00000002   PAD
    0x0801ce38   0x0801ce38   0x00000adc   Code   RO         7107    .text               lv_flex.o
    0x0801d914   0x0801d914   0x00000ad0   Code   RO         7282    .text               lv_grid.o
    0x0801e3e4   0x0801e3e4   0x00002528   Code   RO        14023    .text               lv_theme_default.o
    0x0802090c   0x0802090c   0x000004d4   Code   RO        15289    .text               lv_calendar.o
    0x08020de0   0x08020de0   0x000001b8   Code   RO        15710    .text               lv_calendar_header_arrow.o
    0x08020f98   0x08020f98   0x00000154   Code   RO        15899    .text               lv_calendar_header_dropdown.o
    0x080210ec   0x080210ec   0x00002080   Code   RO        16012    .text               lv_chart.o
    0x0802316c   0x0802316c   0x00000a78   Code   RO        16431    .text               lv_colorwheel.o
    0x08023be4   0x08023be4   0x00000360   Code   RO        17269    .text               lv_keyboard.o
    0x08023f44   0x08023f44   0x00000368   Code   RO        17464    .text               lv_led.o
    0x080242ac   0x080242ac   0x000007e4   Code   RO        18072    .text               lv_menu.o
    0x08024a90   0x08024a90   0x00000ca8   Code   RO        18256    .text               lv_meter.o
    0x08025738   0x08025738   0x00000486   Code   RO        19512    .text               lv_spinbox.o
    0x08025bbe   0x08025bbe   0x00000002   PAD
    0x08025bc0   0x08025bc0   0x000000a8   Code   RO        19931    .text               lv_spinner.o
    0x08025c68   0x08025c68   0x000004f0   Code   RO        20350    .text               lv_tabview.o
    0x08026158   0x08026158   0x0000022c   Code   RO        20770    .text               lv_tileview.o
    0x08026384   0x08026384   0x00000100   Code   RO        20942    .text               lv_win.o
    0x08026484   0x08026484   0x000000c6   Code   RO        21362    .text               lv_font.o
    0x0802654a   0x0802654a   0x00000002   PAD
    0x0802654c   0x0802654c   0x000002b8   Code   RO        21411    .text               lv_font_fmt_txt.o
    0x08026804   0x08026804   0x000007c8   Code   RO        22453    .text               lv_hal_disp.o
    0x08026fcc   0x08026fcc   0x0000013c   Code   RO        22657    .text               lv_hal_indev.o
    0x08027108   0x08027108   0x00000030   Code   RO        22822    .text               lv_hal_tick.o
    0x08027138   0x08027138   0x00000508   Code   RO        22846    .text               lv_anim.o
    0x08027640   0x08027640   0x000008c8   Code   RO        22940    .text               lv_area.o
    0x08027f08   0x08027f08   0x0000009c   Code   RO        22957    .text               lv_async.o
    0x08027fa4   0x08027fa4   0x0000038c   Code   RO        23001    .text               lv_color.o
    0x08028330   0x08028330   0x00000510   Code   RO        23018    .text               lv_fs.o
    0x08028840   0x08028840   0x000000c0   Code   RO        23059    .text               lv_gc.o
    0x08028900   0x08028900   0x000002b0   Code   RO        23084    .text               lv_ll.o
    0x08028bb0   0x08028bb0   0x000001ec   Code   RO        23118    .text               lv_math.o
    0x08028d9c   0x08028d9c   0x00000462   Code   RO        23133    .text               lv_mem.o
    0x080291fe   0x080291fe   0x00000002   PAD
    0x08029200   0x08029200   0x0000069c   Code   RO        23152    .text               lv_printf.o
    0x0802989c   0x0802989c   0x0000048c   Code   RO        23164    .text               lv_style.o
    0x08029d28   0x08029d28   0x00000334   Code   RO        23234    .text               lv_style_gen.o
    0x0802a05c   0x0802a05c   0x00000214   Code   RO        23260    .text               lv_timer.o
    0x0802a270   0x0802a270   0x00000838   Code   RO        23275    .text               lv_tlsf.o
    0x0802aaa8   0x0802aaa8   0x000006e4   Code   RO        23288    .text               lv_txt.o
    0x0802b18c   0x0802b18c   0x00000048   Code   RO        23396    .text               lv_utils.o
    0x0802b1d4   0x0802b1d4   0x00000f68   Code   RO        23411    .text               lv_arc.o
    0x0802c13c   0x0802c13c   0x0000085c   Code   RO        23582    .text               lv_bar.o
    0x0802c998   0x0802c998   0x00000034   Code   RO        23685    .text               lv_btn.o
    0x0802c9cc   0x0802c9cc   0x00001012   Code   RO        23709    .text               lv_btnmatrix.o
    0x0802d9de   0x0802d9de   0x00000002   PAD
    0x0802d9e0   0x0802d9e0   0x000003dc   Code   RO        23895    .text               lv_checkbox.o
    0x0802ddbc   0x0802ddbc   0x00000e4c   Code   RO        23986    .text               lv_dropdown.o
    0x0802ec08   0x0802ec08   0x00000bc6   Code   RO        24085    .text               lv_img.o
    0x0802f7ce   0x0802f7ce   0x00000002   PAD
    0x0802f7d0   0x0802f7d0   0x000010e8   Code   RO        24182    .text               lv_label.o
    0x080308b8   0x080308b8   0x000001e4   Code   RO        24280    .text               lv_line.o
    0x08030a9c   0x08030a9c   0x00000abc   Code   RO        24305    .text               lv_roller.o
    0x08031558   0x08031558   0x000007f2   Code   RO        24387    .text               lv_slider.o
    0x08031d4a   0x08031d4a   0x00000002   PAD
    0x08031d4c   0x08031d4c   0x00000340   Code   RO        24500    .text               lv_switch.o
    0x0803208c   0x0803208c   0x00001184   Code   RO        24601    .text               lv_table.o
    0x08033210   0x08033210   0x00001118   Code   RO        24684    .text               lv_textarea.o
    0x08034328   0x08034328   0x0000009c   Code   RO        24786    .text               lv_port_disp.o
    0x080343c4   0x080343c4   0x00000068   Code   RO        25040    .text               lv_port_indev.o
    0x0803442c   0x0803442c   0x00000334   Code   RO        27768    .text               event_groups.o
    0x08034760   0x08034760   0x0000008a   Code   RO        27801    .text               list.o
    0x080347ea   0x080347ea   0x00000002   PAD
    0x080347ec   0x080347ec   0x00000bec   Code   RO        27816    .text               queue.o
    0x080353d8   0x080353d8   0x0000134c   Code   RO        27857    .text               tasks.o
    0x08036724   0x08036724   0x000004f0   Code   RO        27880    .text               timers.o
    0x08036c14   0x08036c14   0x000001d0   Code   RO        27913    .text               heap_4.o
    0x08036de4   0x08036de4   0x00000254   Code   RO        27929    .text               port.o
    0x08037038   0x08037038   0x0000007e   Code   RO        27961    .text               rtc.o
    0x080370b6   0x080370b6   0x00000062   Code   RO        27994    .text               mc_w.l(uldiv.o)
    0x08037118   0x08037118   0x00000040   Code   RO        27998    .text               mc_w.l(memmovea.o)
    0x08037158   0x08037158   0x00000024   Code   RO        28002    .text               mc_w.l(memseta.o)
    0x0803717c   0x0803717c   0x00000018   Code   RO        28004    .text               mc_w.l(strcat.o)
    0x08037194   0x08037194   0x00000024   Code   RO        28006    .text               mc_w.l(strstr.o)
    0x080371b8   0x080371b8   0x00000018   Code   RO        28008    .text               mc_w.l(strncpy.o)
    0x080371d0   0x080371d0   0x00000014   Code   RO        28010    .text               mc_w.l(strchr.o)
    0x080371e4   0x080371e4   0x0000000e   Code   RO        28012    .text               mc_w.l(strlen.o)
    0x080371f2   0x080371f2   0x0000001c   Code   RO        28014    .text               mc_w.l(strcmp.o)
    0x0803720e   0x0803720e   0x0000001a   Code   RO        28016    .text               mc_w.l(memcmp.o)
    0x08037228   0x08037228   0x00000012   Code   RO        28018    .text               mc_w.l(strcpy.o)
    0x0803723a   0x0803723a   0x0000001e   Code   RO        28020    .text               mc_w.l(strncmp.o)
    0x08037258   0x08037258   0x00000038   Code   RO        28287    .text               mc_w.l(__0sscanf.o)
    0x08037290   0x08037290   0x000000e0   Code   RO        28289    .text               mc_w.l(_scanf_str.o)
    0x08037370   0x08037370   0x0000001a   Code   RO        28291    .text               mc_w.l(atoi.o)
    0x0803738a   0x0803738a   0x000000e4   Code   RO        28293    .text               mf_w.l(dmul.o)
    0x0803746e   0x0803746e   0x0000001a   Code   RO        28295    .text               mf_w.l(dfltui.o)
    0x08037488   0x08037488   0x00000032   Code   RO        28297    .text               mf_w.l(dfixui.o)
    0x080374ba   0x080374ba   0x00000026   Code   RO        28299    .text               mf_w.l(f2d.o)
    0x080374e0   0x080374e0   0x00000030   Code   RO        28301    .text               mf_w.l(cdcmple.o)
    0x08037510   0x08037510   0x00000030   Code   RO        28303    .text               mf_w.l(cdrcmple.o)
    0x08037540   0x08037540   0x0000002c   Code   RO        28321    .text               mc_w.l(uidiv.o)
    0x0803756c   0x0803756c   0x0000001e   Code   RO        28323    .text               mc_w.l(llshl.o)
    0x0803758a   0x0803758a   0x00000020   Code   RO        28325    .text               mc_w.l(llushr.o)
    0x080375aa   0x080375aa   0x00000002   PAD
    0x080375ac   0x080375ac   0x00000028   Code   RO        28334    .text               mc_w.l(scanf_char.o)
    0x080375d4   0x080375d4   0x00000040   Code   RO        28336    .text               mc_w.l(_sgetc.o)
    0x08037614   0x08037614   0x00000070   Code   RO        28338    .text               mc_w.l(strtol.o)
    0x08037684   0x08037684   0x00000000   Code   RO        28340    .text               mc_w.l(iusefp.o)
    0x08037684   0x08037684   0x000000ba   Code   RO        28341    .text               mf_w.l(depilogue.o)
    0x0803773e   0x0803773e   0x0000014e   Code   RO        28343    .text               mf_w.l(dadd.o)
    0x0803788c   0x0803788c   0x000000de   Code   RO        28345    .text               mf_w.l(ddiv.o)
    0x0803796a   0x0803796a   0x000000a2   Code   RO        28347    .text               mf_w.l(dsqrt.o)
    0x08037a0c   0x08037a0c   0x00000030   Code   RO        28349    .text               mf_w.l(dfixul.o)
    0x08037a3c   0x08037a3c   0x00000024   Code   RO        28351    .text               mc_w.l(init.o)
    0x08037a60   0x08037a60   0x00000024   Code   RO        28353    .text               mc_w.l(llsshr.o)
    0x08037a84   0x08037a84   0x00000008   Code   RO        28357    .text               mc_w.l(ctype_o.o)
    0x08037a8c   0x08037a8c   0x00000012   Code   RO        28379    .text               mc_w.l(isspace_o.o)
    0x08037a9e   0x08037a9e   0x00000002   PAD
    0x08037aa0   0x08037aa0   0x00000330   Code   RO        28385    .text               mc_w.l(_scanf.o)
    0x08037dd0   0x08037dd0   0x0000009e   Code   RO        28387    .text               mc_w.l(_strtoul.o)
    0x08037e6e   0x08037e6e   0x0000001c   Code   RO        28392    .text               mc_w.l(_chval.o)
    0x08037e8a   0x08037e8a   0x00000056   Code   RO        28402    .text               mc_w.l(__dczerorl2.o)
    0x08037ee0   0x08037ee0   0x00000020   Code   RO        28259    i.__0printf         mc_w.l(printfa.o)
    0x08037f00   0x08037f00   0x00000028   Code   RO        28261    i.__0sprintf        mc_w.l(printfa.o)
    0x08037f28   0x08037f28   0x00000008   Code   RO        28327    i.__aeabi_errno_addr  mc_w.l(errno.o)
    0x08037f30   0x08037f30   0x0000007a   Code   RO        27979    i.__hardfp_sqrt     m_wm.l(sqrt.o)
    0x08037faa   0x08037faa   0x0000000e   Code   RO        28396    i.__scatterload_copy  mc_w.l(handlers.o)
    0x08037fb8   0x08037fb8   0x00000002   Code   RO        28397    i.__scatterload_null  mc_w.l(handlers.o)
    0x08037fba   0x08037fba   0x0000000e   Code   RO        28398    i.__scatterload_zeroinit  mc_w.l(handlers.o)
    0x08037fc8   0x08037fc8   0x0000000c   Code   RO        28329    i.__set_errno       mc_w.l(errno.o)
    0x08037fd4   0x08037fd4   0x00000184   Code   RO        28266    i._fp_digits        mc_w.l(printfa.o)
    0x08038158   0x08038158   0x000006b4   Code   RO        28267    i._printf_core      mc_w.l(printfa.o)
    0x0803880c   0x0803880c   0x00000024   Code   RO        28268    i._printf_post_padding  mc_w.l(printfa.o)
    0x08038830   0x08038830   0x0000002e   Code   RO        28269    i._printf_pre_padding  mc_w.l(printfa.o)
    0x0803885e   0x0803885e   0x0000000a   Code   RO        28271    i._sputc            mc_w.l(printfa.o)
    0x08038868   0x08038868   0x0000004c   Data   RO            4    .constdata          main.o
    0x080388b4   0x080388b4   0x00025800   Data   RO         1357    .constdata          chezaibeijing.o
    0x0805e0b4   0x0805e0b4   0x0000000c   Data   RO         1358    .constdata          chezaibeijing.o
    0x0805e0c0   0x0805e0c0   0x00002e3d   Data   RO         1367    .constdata          my_font.o
    0x08060efd   0x08060efd   0x00000003   PAD
    0x08060f00   0x08060f00   0x00000468   Data   RO         1368    .constdata          my_font.o
    0x08061368   0x08061368   0x0000005a   Data   RO         1369    .constdata          my_font.o
    0x080613c2   0x080613c2   0x00000002   PAD
    0x080613c4   0x080613c4   0x00000028   Data   RO         1370    .constdata          my_font.o
    0x080613ec   0x080613ec   0x00000018   Data   RO         1371    .constdata          my_font.o
    0x08061404   0x08061404   0x0000001c   Data   RO         1372    .constdata          my_font.o
    0x08061420   0x08061420   0x00000474   Data   RO         1973    .constdata          lcd_font.o
    0x08061894   0x08061894   0x000005f0   Data   RO         1974    .constdata          lcd_font.o
    0x08061e84   0x08061e84   0x00000d5c   Data   RO         1975    .constdata          lcd_font.o
    0x08062be0   0x08062be0   0x00000e00   Data   RO         1976    .constdata          lcd_font.o
    0x080639e0   0x080639e0   0x00000004   Data   RO         2057    .constdata          lcd_touch.o
    0x080639e4   0x080639e4   0x000000f0   Data   RO         2316    .constdata          esp8266_getweather.o
    0x08063ad4   0x08063ad4   0x0000001c   Data   RO         2603    .constdata          stm32f4xx_fsmc.o
    0x08063af0   0x08063af0   0x0000001c   Data   RO         3309    .constdata          lv_obj.o
    0x08063b0c   0x08063b0c   0x00000008   Data   RO         3818    .constdata          lv_obj_pos.o
    0x08063b14   0x08063b14   0x00000116   Data   RO         6304    .constdata          lv_draw_sw_letter.o
    0x08063c2a   0x08063c2a   0x00000021   Data   RO         6400    .constdata          lv_draw_sw_line.o
    0x08063c4b   0x08063c4b   0x00000001   PAD
    0x08063c4c   0x08063c4c   0x00000008   Data   RO         6492    .constdata          lv_draw_sw_polygon.o
    0x08063c54   0x08063c54   0x00000016   Data   RO        14025    .constdata          lv_theme_default.o
    0x08063c6a   0x08063c6a   0x00000002   PAD
    0x08063c6c   0x08063c6c   0x0000001c   Data   RO        15290    .constdata          lv_calendar.o
    0x08063c88   0x08063c88   0x0000001c   Data   RO        15711    .constdata          lv_calendar_header_arrow.o
    0x08063ca4   0x08063ca4   0x0000001c   Data   RO        15900    .constdata          lv_calendar_header_dropdown.o
    0x08063cc0   0x08063cc0   0x0000001c   Data   RO        16013    .constdata          lv_chart.o
    0x08063cdc   0x08063cdc   0x0000001c   Data   RO        16432    .constdata          lv_colorwheel.o
    0x08063cf8   0x08063cf8   0x0000001c   Data   RO        17270    .constdata          lv_keyboard.o
    0x08063d14   0x08063d14   0x000000b0   Data   RO        17271    .constdata          lv_keyboard.o
    0x08063dc4   0x08063dc4   0x00000050   Data   RO        17272    .constdata          lv_keyboard.o
    0x08063e14   0x08063e14   0x000000b0   Data   RO        17273    .constdata          lv_keyboard.o
    0x08063ec4   0x08063ec4   0x00000050   Data   RO        17274    .constdata          lv_keyboard.o
    0x08063f14   0x08063f14   0x000000b0   Data   RO        17275    .constdata          lv_keyboard.o
    0x08063fc4   0x08063fc4   0x00000050   Data   RO        17276    .constdata          lv_keyboard.o
    0x08064014   0x08064014   0x00000054   Data   RO        17277    .constdata          lv_keyboard.o
    0x08064068   0x08064068   0x00000022   Data   RO        17278    .constdata          lv_keyboard.o
    0x0806408a   0x0806408a   0x00000002   PAD
    0x0806408c   0x0806408c   0x0000001c   Data   RO        17465    .constdata          lv_led.o
    0x080640a8   0x080640a8   0x00000054   Data   RO        17884    .constdata          lv_list.o
    0x080640fc   0x080640fc   0x000000fc   Data   RO        18073    .constdata          lv_menu.o
    0x080641f8   0x080641f8   0x0000001c   Data   RO        18257    .constdata          lv_meter.o
    0x08064214   0x08064214   0x00000054   Data   RO        18675    .constdata          lv_msgbox.o
    0x08064268   0x08064268   0x0000001c   Data   RO        19513    .constdata          lv_spinbox.o
    0x08064284   0x08064284   0x0000001c   Data   RO        19932    .constdata          lv_spinner.o
    0x080642a0   0x080642a0   0x0000001c   Data   RO        20351    .constdata          lv_tabview.o
    0x080642bc   0x080642bc   0x00000038   Data   RO        20771    .constdata          lv_tileview.o
    0x080642f4   0x080642f4   0x0000001c   Data   RO        20943    .constdata          lv_win.o
    0x08064310   0x08064310   0x00002280   Data   RO        21903    .constdata          lv_font_montserrat_14.o
    0x08066590   0x08066590   0x000004f0   Data   RO        21904    .constdata          lv_font_montserrat_14.o
    0x08066a80   0x08066a80   0x0000007c   Data   RO        21905    .constdata          lv_font_montserrat_14.o
    0x08066afc   0x08066afc   0x00000028   Data   RO        21906    .constdata          lv_font_montserrat_14.o
    0x08066b24   0x08066b24   0x0000009e   Data   RO        21907    .constdata          lv_font_montserrat_14.o
    0x08066bc2   0x08066bc2   0x0000009e   Data   RO        21908    .constdata          lv_font_montserrat_14.o
    0x08066c60   0x08066c60   0x00000bad   Data   RO        21909    .constdata          lv_font_montserrat_14.o
    0x0806780d   0x0806780d   0x00000003   PAD
    0x08067810   0x08067810   0x00000010   Data   RO        21910    .constdata          lv_font_montserrat_14.o
    0x08067820   0x08067820   0x00000018   Data   RO        21911    .constdata          lv_font_montserrat_14.o
    0x08067838   0x08067838   0x0000001c   Data   RO        21912    .constdata          lv_font_montserrat_14.o
    0x08067854   0x08067854   0x0000017c   Data   RO        23002    .constdata          lv_color.o
    0x080679d0   0x080679d0   0x000000b6   Data   RO        23119    .constdata          lv_math.o
    0x08067a86   0x08067a86   0x00000002   PAD
    0x08067a88   0x08067a88   0x00000075   Data   RO        23165    .constdata          lv_style.o
    0x08067afd   0x08067afd   0x00000003   PAD
    0x08067b00   0x08067b00   0x0000001c   Data   RO        23412    .constdata          lv_arc.o
    0x08067b1c   0x08067b1c   0x0000001c   Data   RO        23583    .constdata          lv_bar.o
    0x08067b38   0x08067b38   0x0000001c   Data   RO        23686    .constdata          lv_btn.o
    0x08067b54   0x08067b54   0x0000001c   Data   RO        23710    .constdata          lv_btnmatrix.o
    0x08067b70   0x08067b70   0x0000001c   Data   RO        23896    .constdata          lv_checkbox.o
    0x08067b8c   0x08067b8c   0x00000038   Data   RO        23987    .constdata          lv_dropdown.o
    0x08067bc4   0x08067bc4   0x0000001c   Data   RO        24086    .constdata          lv_img.o
    0x08067be0   0x08067be0   0x0000001c   Data   RO        24183    .constdata          lv_label.o
    0x08067bfc   0x08067bfc   0x0000001c   Data   RO        24281    .constdata          lv_line.o
    0x08067c18   0x08067c18   0x00000038   Data   RO        24306    .constdata          lv_roller.o
    0x08067c50   0x08067c50   0x0000001c   Data   RO        24388    .constdata          lv_slider.o
    0x08067c6c   0x08067c6c   0x0000001c   Data   RO        24501    .constdata          lv_switch.o
    0x08067c88   0x08067c88   0x0000001c   Data   RO        24602    .constdata          lv_table.o
    0x08067ca4   0x08067ca4   0x0000001c   Data   RO        24685    .constdata          lv_textarea.o
    0x08067cc0   0x08067cc0   0x00000081   Data   RO        28358    .constdata          mc_w.l(ctype_o.o)
    0x08067d41   0x08067d41   0x00000003   PAD
    0x08067d44   0x08067d44   0x00000004   Data   RO        28359    .constdata          mc_w.l(ctype_o.o)
    0x08067d48   0x08067d48   0x0000004c   Data   RO            5    .conststring        main.o
    0x08067d94   0x08067d94   0x0000006f   Data   RO         1977    .conststring        lcd_font.o
    0x08067e03   0x08067e03   0x00000001   PAD
    0x08067e04   0x08067e04   0x00000079   Data   RO         2058    .conststring        lcd_touch.o
    0x08067e7d   0x08067e7d   0x00000003   PAD
    0x08067e80   0x08067e80   0x000000d7   Data   RO         2255    .conststring        esp8266.o
    0x08067f57   0x08067f57   0x00000001   PAD
    0x08067f58   0x08067f58   0x0000004a   Data   RO         2294    .conststring        esp8266_gettime.o
    0x08067fa2   0x08067fa2   0x00000002   PAD
    0x08067fa4   0x08067fa4   0x00000234   Data   RO         2317    .conststring        esp8266_getweather.o
    0x080681d8   0x080681d8   0x0000001b   Data   RO        15291    .conststring        lv_calendar.o
    0x080681f3   0x080681f3   0x00000001   PAD
    0x080681f4   0x080681f4   0x00000065   Data   RO        15712    .conststring        lv_calendar_header_arrow.o
    0x08068259   0x08068259   0x00000003   PAD
    0x0806825c   0x0806825c   0x0000028c   Data   RO        15901    .conststring        lv_calendar_header_dropdown.o
    0x080684e8   0x080684e8   0x0000009d   Data   RO        17279    .conststring        lv_keyboard.o
    0x08068585   0x08068585   0x00000003   PAD
    0x08068588   0x08068588   0x0000006c   Data   RO        17280    .conststring        lv_keyboard.o
    0x080685f4   0x080685f4   0x0000005a   Data   RO        17281    .conststring        lv_keyboard.o
    0x0806864e   0x0806864e   0x00000002   PAD
    0x08068650   0x08068650   0x00000004   Data   RO        17282    .conststring        lv_keyboard.o
    0x08068654   0x08068654   0x00000025   Data   RO        23711    .conststring        lv_btnmatrix.o
    0x08068679   0x08068679   0x00000003   PAD
    0x0806867c   0x0806867c   0x00000020   Data   RO        28394    Region$$Table       anon$$obj.o


    Execution Region RW_IRAM1 (Exec base: 0x20000000, Load base: 0x0806869c, Size: 0x00015890, Max: 0x00020000, ABSOLUTE, COMPRESSED[0x00000138])

    Exec Addr    Load Addr    Size         Type   Attr      Idx    E Section Name        Object

    0x20000000   COMPRESSED   0x00000064   Data   RW            6    .data               main.o
    0x20000064   COMPRESSED   0x00000014   Data   RW          725    .data               system_stm32f4xx.o
    0x20000078   COMPRESSED   0x00000008   Data   RW         1373    .data               my_font.o
    0x20000080   COMPRESSED   0x00000070   Data   RW         1978    .data               lcd_font.o
    0x200000f0   COMPRESSED   0x00000004   Data   RW         2020    .data               lcd_screen.o
    0x200000f4   COMPRESSED   0x00000038   Data   RW         2059    .data               lcd_touch.o
    0x2000012c   COMPRESSED   0x00000002   Data   RW         2094    .data               adc.o
    0x2000012e   COMPRESSED   0x00000002   PAD
    0x20000130   COMPRESSED   0x00000004   Data   RW         2256    .data               esp8266.o
    0x20000134   COMPRESSED   0x00000004   Data   RW         2363    .data               esp8266_bemfayun_tcp.o
    0x20000138   COMPRESSED   0x00000004   Data   RW         2385    .data               delay.o
    0x2000013c   COMPRESSED   0x0000000a   Data   RW         2408    .data               uart.o
    0x20000146   COMPRESSED   0x00000002   PAD
    0x20000148   COMPRESSED   0x00000004   Data   RW         2409    .data               uart.o
    0x2000014c   COMPRESSED   0x00000010   Data   RW         2460    .data               stm32f4xx_rcc.o
    0x2000015c   COMPRESSED   0x00000008   Data   RW         2863    .data               lv_event.o
    0x20000164   COMPRESSED   0x00000004   Data   RW         3003    .data               lv_group.o
    0x20000168   COMPRESSED   0x0000000c   Data   RW         3165    .data               lv_indev.o
    0x20000174   COMPRESSED   0x00000008   Data   RW         3310    .data               lv_obj.o
    0x2000017c   COMPRESSED   0x00000008   Data   RW         3819    .data               lv_obj_pos.o
    0x20000184   COMPRESSED   0x00000001   Data   RW         4018    .data               lv_obj_style.o
    0x20000185   COMPRESSED   0x00000003   PAD
    0x20000188   COMPRESSED   0x00000010   Data   RW         4244    .data               lv_refr.o
    0x20000198   COMPRESSED   0x0000000c   Data   RW         6074    .data               lv_draw_sw_gradient.o
    0x200001a4   COMPRESSED   0x00000008   Data   RW         6306    .data               lv_draw_sw_letter.o
    0x200001ac   COMPRESSED   0x0000000c   Data   RW         7108    .data               lv_flex.o
    0x200001b8   COMPRESSED   0x00000016   Data   RW         7283    .data               lv_grid.o
    0x200001ce   COMPRESSED   0x00000002   PAD
    0x200001d0   COMPRESSED   0x00000020   Data   RW        14026    .data               lv_theme_default.o
    0x200001f0   COMPRESSED   0x0000001c   Data   RW        15292    .data               lv_calendar.o
    0x2000020c   COMPRESSED   0x00000030   Data   RW        15713    .data               lv_calendar_header_arrow.o
    0x2000023c   COMPRESSED   0x00000008   Data   RW        15902    .data               lv_calendar_header_dropdown.o
    0x20000244   COMPRESSED   0x00000008   Data   RW        16433    .data               lv_colorwheel.o
    0x2000024c   COMPRESSED   0x00000048   Data   RW        17283    .data               lv_keyboard.o
    0x20000294   COMPRESSED   0x00000008   Data   RW        19933    .data               lv_spinner.o
    0x2000029c   COMPRESSED   0x00000004   Data   RW        20352    .data               lv_tabview.o
    0x200002a0   COMPRESSED   0x0000000c   Data   RW        20772    .data               lv_tileview.o
    0x200002ac   COMPRESSED   0x00000002   Data   RW        20944    .data               lv_win.o
    0x200002ae   COMPRESSED   0x00000002   PAD
    0x200002b0   COMPRESSED   0x00000008   Data   RW        21913    .data               lv_font_montserrat_14.o
    0x200002b8   COMPRESSED   0x00000010   Data   RW        22454    .data               lv_hal_disp.o
    0x200002c8   COMPRESSED   0x00000008   Data   RW        22823    .data               lv_hal_tick.o
    0x200002d0   COMPRESSED   0x0000000c   Data   RW        22847    .data               lv_anim.o
    0x200002dc   COMPRESSED   0x0000000c   Data   RW        22941    .data               lv_area.o
    0x200002e8   COMPRESSED   0x00000018   Data   RW        23061    .data               lv_gc.o
    0x20000300   COMPRESSED   0x00000004   Data   RW        23120    .data               lv_math.o
    0x20000304   COMPRESSED   0x00000010   Data   RW        23135    .data               lv_mem.o
    0x20000314   COMPRESSED   0x00000008   Data   RW        23166    .data               lv_style.o
    0x2000031c   COMPRESSED   0x00000014   Data   RW        23261    .data               lv_timer.o
    0x20000330   COMPRESSED   0x0000000c   Data   RW        23289    .data               lv_txt.o
    0x2000033c   COMPRESSED   0x00000004   Data   RW        23290    .data               lv_txt.o
    0x20000340   COMPRESSED   0x00000004   Data   RW        23292    .data               lv_txt.o
    0x20000344   COMPRESSED   0x00000004   Data   RW        23293    .data               lv_txt.o
    0x20000348   COMPRESSED   0x00000004   Data   RW        23294    .data               lv_txt.o
    0x2000034c   COMPRESSED   0x0000001c   Data   RW        23712    .data               lv_btnmatrix.o
    0x20000368   COMPRESSED   0x00000004   Data   RW        24686    .data               lv_textarea.o
    0x2000036c   COMPRESSED   0x00000008   Data   RW        24788    .data               lv_port_disp.o
    0x20000374   COMPRESSED   0x00000008   Data   RW        25042    .data               lv_port_indev.o
    0x2000037c   COMPRESSED   0x0000003c   Data   RW        27859    .data               tasks.o
    0x200003b8   COMPRESSED   0x00000014   Data   RW        27882    .data               timers.o
    0x200003cc   COMPRESSED   0x00000018   Data   RW        27915    .data               heap_4.o
    0x200003e4   COMPRESSED   0x0000000c   Data   RW        27930    .data               port.o
    0x200003f0   COMPRESSED   0x00000004   Data   RW        28330    .data               mc_w.l(errno.o)
    0x200003f4        -       0x0000000e   Zero   RW         2019    .bss                lcd_screen.o
    0x20000402        -       0x00000034   Zero   RW         2315    .bss                esp8266_getweather.o
    0x20000436        -       0x00000600   Zero   RW         2407    .bss                uart.o
    0x20000a36   COMPRESSED   0x00000002   PAD
    0x20000a38        -       0x00000018   Zero   RW         4243    .bss                lv_refr.o
    0x20000a50        -       0x00000100   Zero   RW         6303    .bss                lv_draw_sw_letter.o
    0x20000b50        -       0x0000004c   Zero   RW        14024    .bss                lv_theme_default.o
    0x20000b9c        -       0x000001fc   Zero   RW        23060    .bss                lv_gc.o
    0x20000d98        -       0x0000a000   Zero   RW        23134    .bss                lv_mem.o
    0x2000ad98        -       0x0000196c   Zero   RW        24787    .bss                lv_port_disp.o
    0x2000c704        -       0x00000020   Zero   RW        25041    .bss                lv_port_indev.o
    0x2000c724        -       0x00000040   Zero   RW        27817    .bss                queue.o
    0x2000c764        -       0x00000104   Zero   RW        27858    .bss                tasks.o
    0x2000c868        -       0x00000028   Zero   RW        27881    .bss                timers.o
    0x2000c890        -       0x00008000   Zero   RW        27914    .bss                heap_4.o
    0x20014890        -       0x00001000   Zero   RW         2684    STACK               startup_stm32f40_41xxx.o


==============================================================================

Image component sizes


      Code (inc. data)   RO Data    RW Data    ZI Data      Debug   Object Name

       168         12          0          2          0       1048   adc.o
         8          0          0          0          0        462   asrpro.o
       318          0          0          0          0       2882   at24cxx.o
       140          8          0          0          0     246327   buzzer.o
         0          0     153612          0          0        680   chezaibeijing.o
         0          0          0          0          0       7284   croutine.o
       212         14          0          4          0       1650   delay.o
       436         10          0          0          0       1984   dht11.o
      1844        770        215          4          0       4951   esp8266.o
       640        344          0          4          0       1874   esp8266_bemfayun_tcp.o
       440        190         74          0          0        986   esp8266_gettime.o
       540        194        804          0         52       2355   esp8266_getweather.o
       820          6          0          0          0      15887   event_groups.o
       280         10          0          0          0       1167   exti.o
       464          8          0         24      32768       3840   heap_4.o
       548          8          0          0          0       2016   iic.o
        68          8          0          0          0        531   key.o
         0          0       9775        112          0        816   lcd_font.o
     18320        152          0          4         14      27254   lcd_screen.o
      3084        256        125         56          0       7315   lcd_touch.o
       452         16          0          0          0       1988   led.o
       138          0          0          0          0       1994   list.o
      1288         24          0         12          0      29029   lv_anim.o
      3944          8         28          0          0      75061   lv_arc.o
      2248         26          0         12          0      10982   lv_area.o
       156          6          0          0          0       2209   lv_async.o
      2140         24         28          0          0      56321   lv_bar.o
         0          0          0          0          0       5187   lv_bidi.o
        52          6         28          0          0       1415   lv_btn.o
      4114         26         65         28          0      54945   lv_btnmatrix.o
      1236         24         55         28          0      59040   lv_calendar.o
       440         32        129         48          0      51451   lv_calendar_header_arrow.o
       340         20        680          8          0      34566   lv_calendar_header_dropdown.o
      8320         28         28          0          0      92248   lv_chart.o
       988         16         28          0          0      45392   lv_checkbox.o
       908         16        380          0          0      10958   lv_color.o
      2680         12         28          8          0      76643   lv_colorwheel.o
      1368         38          0          0          0      55889   lv_disp.o
        12          0          0          0          0      31600   lv_draw.o
      1038          0          0          0          0      22180   lv_draw_arc.o
       932         38          0          0          0      29463   lv_draw_img.o
      1560         16          0          0          0      29174   lv_draw_label.o
       178          0          0          0          0      18173   lv_draw_layer.o
        88          0          0          0          0      30954   lv_draw_line.o
      5324         36          0          0          0      26155   lv_draw_mask.o
       244          4          0          0          0      22595   lv_draw_rect.o
       248         54          0          0          0      39327   lv_draw_sw.o
      2672          0          0          0          0      37766   lv_draw_sw_arc.o
      3514         16          0          0          0      52499   lv_draw_sw_blend.o
      1024         20          0         12          0      20586   lv_draw_sw_gradient.o
      1248          0          0          0          0      25945   lv_draw_sw_img.o
       468          0          0          0          0      32073   lv_draw_sw_layer.o
       988         12        278          8        256      23295   lv_draw_sw_letter.o
      1996          4         33          0          0      24308   lv_draw_sw_line.o
       636          4          8          0          0      20183   lv_draw_sw_polygon.o
      7082          0          0          0          0      19024   lv_draw_sw_rect.o
      1700          6          0          0          0      41142   lv_draw_sw_transform.o
        54          0          0          0          0      12316   lv_draw_transform.o
      3660         60         56          0          0      56527   lv_dropdown.o
      1388         34          0          8          0      51737   lv_event.o
        14          0          0          0          0        528   lv_extra.o
      2780         56          0         12          0      73259   lv_flex.o
       198          0          0          0          0       6475   lv_font.o
       696         14          0          0          0       7053   lv_font_fmt_txt.o
         0          0      13633          8          0       2432   lv_font_montserrat_14.o
      1296         16          0          0          0      10389   lv_fs.o
       192         12          0         24        508       2182   lv_gc.o
      2768         40          0         22          0      77611   lv_grid.o
      1412         24          0          4          0      54914   lv_group.o
      1992         64          0         16          0      58715   lv_hal_disp.o
       316          8          0          0          0      47239   lv_hal_indev.o
        48          6          0          8          0       1614   lv_hal_tick.o
      3014         10         28          0          0      52286   lv_img.o
      1654         38          0          0          0      15307   lv_img_buf.o
        88          4          0          0          0       5859   lv_img_cache.o
      2072         36          0          0          0      18127   lv_img_decoder.o
      3580         16          0         12          0      35356   lv_indev.o
      3006          8          0          0          0      49859   lv_indev_scroll.o
       864         62       1273         72          0      56642   lv_keyboard.o
      4328         72         28          0          0      63199   lv_label.o
       872         10         28          0          0      54805   lv_led.o
       484          6         28          0          0      12814   lv_line.o
         0          0         84          0          0      49173   lv_list.o
       688          0          0          0          0       5793   lv_ll.o
       492         10        182          4          0       3925   lv_math.o
      1122         22          0         16      40960       7013   lv_mem.o
      2020         40        252          0          0      60278   lv_menu.o
      3240         22         28          0          0      78683   lv_meter.o
         0          0         84          0          0      52220   lv_msgbox.o
      3544         34         28          8          0      58610   lv_obj.o
       468          4          0          0          0       2920   lv_obj_class.o
      1892          0          0          0          0      64527   lv_obj_draw.o
      5724         56          8          8          0      64420   lv_obj_pos.o
      4220         34          0          0          0      59942   lv_obj_scroll.o
      3816         46          0          1          0      62665   lv_obj_style.o
       990          0          0          0          0      38031   lv_obj_style_gen.o
      1280          8          0          0          0      35751   lv_obj_tree.o
       156         20          0          8       6508      34495   lv_port_disp.o
       104         20          0          8         32       2566   lv_port_indev.o
      1692         10          0          0          0       9363   lv_printf.o
      4984         90          0         16         24      64468   lv_refr.o
      2748         84         56          0          0      51212   lv_roller.o
      2034          4         28          0          0      50374   lv_slider.o
      1158         12         28          0          0      60074   lv_spinbox.o
       168         22         28          8          0      53015   lv_spinner.o
      1164         30        117          8          0      23362   lv_style.o
       820          0          0          0          0      31524   lv_style_gen.o
       832         12         28          0          0      45458   lv_switch.o
      4484         16         28          0          0      59408   lv_table.o
      1264         30         28          4          0      67883   lv_tabview.o
      4376         90         28          4          0      66558   lv_textarea.o
       212         10          0          0          0      52040   lv_theme.o
      9512        308         22         32         76      64218   lv_theme_default.o
       556         14         56         12          0      52911   lv_tileview.o
       532         14          0         20          0       5267   lv_timer.o
      2104          8          0          0          0      20676   lv_tlsf.o
      1764         18          0         28          0      14797   lv_txt.o
        72          0          0          0          0        992   lv_utils.o
       256         10         28          2          0      53082   lv_win.o
         0          0          0          0          0       8842   lvgl_font.o
      4884       1524        152        100          0     386727   main.o
       176         12          0          0          0       2021   misc.o
        52          6          0          0          0        676   mq135.o
       228         22          0          0          0     246407   mq2.o
       232         22          0          0          0       1015   mq7.o
         0          0      13147          8          0        726   my_font.o
        50          0          0          0          0       1132   my_lib.o
        48          6          0          0          0        636   pir.o
       786         46          0         12          0       8909   port.o
      3052         14          0          0         64      21986   queue.o
       126          0          0          0          0        989   rtc.o
        36          8        392          0       4096        848   startup_stm32f40_41xxx.o
       852         20          0          0          0      10994   stm32f4xx_adc.o
       224         10          0          0          0       2475   stm32f4xx_exti.o
      1096         10         28          0          0       6182   stm32f4xx_fsmc.o
       524         44          0          0          0       4545   stm32f4xx_gpio.o
        12          0          0          0          0        927   stm32f4xx_it.o
       296         12          0          0          0       3823   stm32f4xx_pwr.o
      1152         48          0         16          0      13424   stm32f4xx_rcc.o
      2636         48          0          0          0      16314   stm32f4xx_rtc.o
       124         16          0          0          0       1925   stm32f4xx_syscfg.o
      2524         52          0          0          0      24074   stm32f4xx_tim.o
       856         32          0          0          0       8364   stm32f4xx_usart.o
       380         36          0         20          0      72631   system_stm32f4xx.o
      4940         86          0         60        260      31165   tasks.o
       128          6          0          0          0        774   timer.o
      1264         46          0         20         40      23214   timers.o
       972         36          0         14       1536       5560   uart.o

    ----------------------------------------------------------------------
    225046       6378     196404       1008      87196    4805313   Object Totals
         0          0         32          0          0          0   (incl. Generated)
        38          0         37         11          2          0   (incl. Padding)

    ----------------------------------------------------------------------

      Code (inc. data)   RO Data    RW Data    ZI Data      Debug   Library Member Name

       122          0          0          0          0        148   sqrt.o
        56          8          0          0          0         84   __0sscanf.o
        86          0          0          0          0          0   __dczerorl2.o
        28          0          0          0          0         68   _chval.o
       816          6          0          0          0        112   _scanf.o
       224          0          0          0          0         96   _scanf_str.o
        64          0          0          0          0         84   _sgetc.o
       158          0          0          0          0         92   _strtoul.o
        26          0          0          0          0         80   atoi.o
         8          4        133          0          0         68   ctype_o.o
         0          0          0          0          0          0   entry.o
         0          0          0          0          0          0   entry10a.o
         0          0          0          0          0          0   entry11a.o
         4          0          0          0          0          0   entry12b.o
         8          4          0          0          0          0   entry2.o
         4          0          0          0          0          0   entry5.o
         0          0          0          0          0          0   entry7b.o
         0          0          0          0          0          0   entry8b.o
         8          4          0          0          0          0   entry9a.o
        20         10          0          4          0        136   errno.o
        30          0          0          0          0          0   handlers.o
        36          8          0          0          0         68   init.o
        18          0          0          0          0         76   isspace_o.o
         0          0          0          0          0          0   iusefp.o
        30          0          0          0          0         68   llshl.o
        36          0          0          0          0         68   llsshr.o
        32          0          0          0          0         68   llushr.o
        26          0          0          0          0         80   memcmp.o
        64          0          0          0          0         76   memmovea.o
        36          0          0          0          0        108   memseta.o
      2268         96          0          0          0        616   printfa.o
        40          8          0          0          0         84   scanf_char.o
        24          0          0          0          0         68   strcat.o
        20          0          0          0          0         68   strchr.o
        28          0          0          0          0         76   strcmp.o
        18          0          0          0          0         68   strcpy.o
        14          0          0          0          0         68   strlen.o
        30          0          0          0          0         80   strncmp.o
        24          0          0          0          0         76   strncpy.o
        36          0          0          0          0         80   strstr.o
       112          0          0          0          0         88   strtol.o
        44          0          0          0          0         80   uidiv.o
        98          0          0          0          0         92   uldiv.o
        48          0          0          0          0         68   cdcmple.o
        48          0          0          0          0         68   cdrcmple.o
       334          0          0          0          0        148   dadd.o
       222          0          0          0          0        100   ddiv.o
       186          0          0          0          0        176   depilogue.o
        50          0          0          0          0         76   dfixui.o
        48          0          0          0          0         68   dfixul.o
        26          0          0          0          0         76   dfltui.o
       228          0          0          0          0         96   dmul.o
       162          0          0          0          0        100   dsqrt.o
        38          0          0          0          0         68   f2d.o

    ----------------------------------------------------------------------
      6090        148        136          4          0       4168   Library Totals
         4          0          3          0          0          0   (incl. Padding)

    ----------------------------------------------------------------------

      Code (inc. data)   RO Data    RW Data    ZI Data      Debug   Library Name

       122          0          0          0          0        148   m_wm.l
      4574        148        133          4          0       2976   mc_w.l
      1390          0          0          0          0       1044   mf_w.l

    ----------------------------------------------------------------------
      6090        148        136          4          0       4168   Library Totals

    ----------------------------------------------------------------------

==============================================================================


      Code (inc. data)   RO Data    RW Data    ZI Data      Debug   

    231136       6526     196540       1012      87196    4778029   Grand Totals
    231136       6526     196540        312      87196    4778029   ELF Image Totals (compressed)
    231136       6526     196540        312          0          0   ROM Totals

==============================================================================

    Total RO  Size (Code + RO Data)               427676 ( 417.65kB)
    Total RW  Size (RW Data + ZI Data)             88208 (  86.14kB)
    Total ROM Size (Code + RO Data + RW Data)     427988 ( 417.96kB)

==============================================================================

