Component: ARM Compiler 5.06 update 7 (build 960) Tool: armlink [4d3601]

==============================================================================

Section Cross References

    main.o(.text) refers to memseta.o(.text) for __aeabi_memclr4
    main.o(.text) refers to printfa.o(i.__0printf) for __2printf
    main.o(.text) refers to tasks.o(.text) for vTaskDelay
    main.o(.text) refers to esp8266.o(.text) for ESP8266_OnLineInit
    main.o(.text) refers to esp8266_gettime.o(.text) for ESP8266_GetTimeFunc
    main.o(.text) refers to atoi.o(.text) for atoi
    main.o(.text) refers to queue.o(.text) for xQueueGenericSend
    main.o(.text) refers to esp8266_getweather.o(.text) for ESP8266_GetWeatherFunc
    main.o(.text) refers to mq135.o(.text) for Get_MQ135_DO_Level
    main.o(.text) refers to mq7.o(.text) for Get_MQ7_AO_Voltage
    main.o(.text) refers to f2d.o(.text) for __aeabi_f2d
    main.o(.text) refers to mq2.o(.text) for Get_MQ2_AO_Voltage
    main.o(.text) refers to dht11.o(.text) for DHT11_GetData
    main.o(.text) refers to adc.o(.text) for ADC3_IN5_GetLightVal
    main.o(.text) refers to rtc.o(.text) for RTC_SetDateTime
    main.o(.text) refers to stm32f4xx_rtc.o(.text) for RTC_GetDate
    main.o(.text) refers to main.o(.data) for .data
    main.o(.text) refers to main.o(.conststring) for .conststring
    main.o(.text) refers to lv_img.o(.text) for lv_img_create
    main.o(.text) refers to lv_obj_pos.o(.text) for lv_obj_align
    main.o(.text) refers to lv_label.o(.text) for lv_label_create
    main.o(.text) refers to lv_obj_style_gen.o(.text) for lv_obj_set_style_text_color
    main.o(.text) refers to printfa.o(i.__0sprintf) for __2sprintf
    main.o(.text) refers to lv_timer.o(.text) for lv_timer_handler
    main.o(.text) refers to uart.o(.text) for UART1_Init
    main.o(.text) refers to iic.o(.text) for IIC_Init
    main.o(.text) refers to led.o(.text) for LED_Init
    main.o(.text) refers to buzzer.o(.text) for BUZZER_Init
    main.o(.text) refers to key.o(.text) for KEY_Init
    main.o(.text) refers to lv_obj.o(.text) for lv_init
    main.o(.text) refers to lv_port_disp.o(.text) for lv_port_disp_init
    main.o(.text) refers to lv_port_indev.o(.text) for lv_port_indev_init
    main.o(.text) refers to asrpro.o(.text) for ASRPRO_Init
    main.o(.text) refers to sensirion_sw_i2c.o(.text) for sensirion_i2c_init
    main.o(.text) refers to chezaibeijing.o(.constdata) for image_chezaibeijing
    main.o(.text) refers to misc.o(.text) for NVIC_PriorityGroupConfig
    main.o(.text) refers to lv_hal_tick.o(.text) for lv_tick_inc
    main.o(.text) refers to lv_hal_disp.o(.text) for lv_disp_get_default
    main.o(.text) refers to lv_disp.o(.text) for lv_disp_get_scr_act
    main.o(.text) refers to system_stm32f4xx.o(.data) for SystemCoreClock
    system_stm32f4xx.o(.text) refers to system_stm32f4xx.o(.data) for .data
    lvgl_font.o(.constdata) refers to lvgl_font.o(.constdata) for unicode_list_1
    lvgl_font.o(.constdata) refers to lvgl_font.o(.constdata) for glyph_bitmap
    lvgl_font.o(.constdata) refers to lvgl_font.o(.constdata) for glyph_dsc
    lvgl_font.o(.constdata) refers to lvgl_font.o(.constdata) for cmaps
    lvgl_font.o(.constdata) refers to lvgl_font.o(.data) for cache
    lvgl_font.o(.constdata) refers to lv_font_fmt_txt.o(.text) for lv_font_get_glyph_dsc_fmt_txt
    lvgl_font.o(.constdata) refers to lvgl_font.o(.constdata) for font_dsc
    tupian.o(.constdata) refers to tupian.o(.constdata) for img_tupian_map
    xiangyu.o(.constdata) refers to xiangyu.o(.constdata) for img_xiangyu_map
    chezaibeijing.o(.constdata) refers to chezaibeijing.o(.constdata) for img_chezaibeijing_map
    buzzer.o(.text) refers to stm32f4xx_rcc.o(.text) for RCC_AHB1PeriphClockCmd
    buzzer.o(.text) refers to stm32f4xx_gpio.o(.text) for GPIO_Init
    buzzer.o(.text) refers to delay.o(.text) for delay_ms
    key.o(.text) refers to stm32f4xx_rcc.o(.text) for RCC_AHB1PeriphClockCmd
    key.o(.text) refers to stm32f4xx_gpio.o(.text) for GPIO_Init
    led.o(.text) refers to stm32f4xx_rcc.o(.text) for RCC_AHB1PeriphClockCmd
    led.o(.text) refers to stm32f4xx_gpio.o(.text) for GPIO_Init
    led.o(.text) refers to delay.o(.text) for delay_ms
    exti.o(.text) refers to key.o(.text) for KEY_Init
    exti.o(.text) refers to stm32f4xx_rcc.o(.text) for RCC_APB2PeriphClockCmd
    exti.o(.text) refers to stm32f4xx_syscfg.o(.text) for SYSCFG_EXTILineConfig
    exti.o(.text) refers to stm32f4xx_exti.o(.text) for EXTI_Init
    exti.o(.text) refers to misc.o(.text) for NVIC_Init
    exti.o(.text) refers to delay.o(.text) for DELAY_MyNms
    timer.o(.text) refers to stm32f4xx_rcc.o(.text) for RCC_APB1PeriphClockCmd
    timer.o(.text) refers to misc.o(.text) for NVIC_Init
    timer.o(.text) refers to stm32f4xx_tim.o(.text) for TIM_TimeBaseInit
    timer.o(.text) refers to lv_hal_tick.o(.text) for lv_tick_inc
    at24cxx.o(.text) refers to iic.o(.text) for IIC_Init
    at24cxx.o(.text) refers to delay.o(.text) for delay_ms
[...]
    xTaskPriorityInherit                     0x0803581f   Thumb Code   140  tasks.o(.text)
    xTaskPriorityDisinherit                  0x080358ab   Thumb Code   144  tasks.o(.text)
    vTaskPriorityDisinheritAfterTimeout      0x0803593b   Thumb Code   162  tasks.o(.text)
    uxTaskResetEventItemValue                0x080359dd   Thumb Code    20  tasks.o(.text)
    pvTaskIncrementMutexHeldCount            0x080359f1   Thumb Code    18  tasks.o(.text)
    ulTaskNotifyTake                         0x08035a03   Thumb Code    96  tasks.o(.text)
    xTaskNotifyWait                          0x08035a63   Thumb Code   128  tasks.o(.text)
    xTaskGenericNotify                       0x08035ae3   Thumb Code   226  tasks.o(.text)
    xTaskGenericNotifyFromISR                0x08035bc5   Thumb Code   248  tasks.o(.text)
    vTaskNotifyGiveFromISR                   0x08035cbd   Thumb Code   170  tasks.o(.text)
    xTaskNotifyStateClear                    0x08035d67   Thumb Code    44  tasks.o(.text)
    xTimerGenericCommand                     0x08035ead   Thumb Code    88  timers.o(.text)
    xTimerCreateTimerTask                    0x0803604f   Thumb Code    58  timers.o(.text)
    xTimerCreate                             0x08036089   Thumb Code    98  timers.o(.text)
    xTimerGetTimerDaemonTaskHandle           0x080360eb   Thumb Code    26  timers.o(.text)
    xTimerGetPeriod                          0x08036105   Thumb Code    22  timers.o(.text)
    vTimerSetReloadMode                      0x0803611b   Thumb Code    54  timers.o(.text)
    xTimerGetExpiryTime                      0x08036151   Thumb Code    22  timers.o(.text)
    pcTimerGetName                           0x08036167   Thumb Code    22  timers.o(.text)
    xTimerIsTimerActive                      0x0803617d   Thumb Code    48  timers.o(.text)
    pvTimerGetTimerID                        0x080361ad   Thumb Code    36  timers.o(.text)
    vTimerSetTimerID                         0x080361d1   Thumb Code    38  timers.o(.text)
    uxTimerGetTimerNumber                    0x080361f7   Thumb Code     4  timers.o(.text)
    vTimerSetTimerNumber                     0x080361fb   Thumb Code     4  timers.o(.text)
    pvPortMalloc                             0x080363b1   Thumb Code   210  heap_4.o(.text)
    vPortFree                                0x08036483   Thumb Code    90  heap_4.o(.text)
    xPortGetFreeHeapSize                     0x080364dd   Thumb Code     8  heap_4.o(.text)
    xPortGetMinimumEverFreeHeapSize          0x080364e5   Thumb Code     8  heap_4.o(.text)
    vPortInitialiseBlocks                    0x080364ed   Thumb Code     2  heap_4.o(.text)
    pxPortInitialiseStack                    0x0803655d   Thumb Code    40  port.o(.text)
    vPortSetupTimerInterrupt                 0x08036585   Thumb Code    32  port.o(.text)
    xPortStartScheduler                      0x080365a5   Thumb Code   224  port.o(.text)
    vPortEndScheduler                        0x08036685   Thumb Code    28  port.o(.text)
    vPortEnterCritical                       0x080366a1   Thumb Code    56  port.o(.text)
    vPortExitCritical                        0x080366d9   Thumb Code    34  port.o(.text)
    SysTick_Handler                          0x080366fb   Thumb Code    40  port.o(.text)
    vPortValidateInterruptPriority           0x08036723   Thumb Code    76  port.o(.text)
    RTC_ConfigInit                           0x0803678d   Thumb Code    70  rtc.o(.text)
    RTC_SetDateTime                          0x080367d3   Thumb Code    56  rtc.o(.text)
    cJSON_GetErrorPtr                        0x0803680d   Thumb Code    10  cjson.o(.text)
    cJSON_IsString                           0x08036817   Thumb Code    18  cjson.o(.text)
    cJSON_GetStringValue                     0x08036829   Thumb Code    16  cjson.o(.text)
    cJSON_IsNumber                           0x08036839   Thumb Code    18  cjson.o(.text)
    cJSON_GetNumberValue                     0x0803684b   Thumb Code    22  cjson.o(.text)
    cJSON_Version                            0x08036861   Thumb Code    22  cjson.o(.text)
    cJSON_InitHooks                          0x0803689f   Thumb Code    56  cjson.o(.text)
    cJSON_Delete                             0x080368d7   Thumb Code    68  cjson.o(.text)
    cJSON_SetNumberHelper                    0x08036a0b   Thumb Code    92  cjson.o(.text)
    cJSON_free                               0x08036a67   Thumb Code     8  cjson.o(.text)
    cJSON_SetValuestring                     0x08036a6f   Thumb Code    78  cjson.o(.text)
    cJSON_ParseWithLengthOpts                0x0803729b   Thumb Code   208  cjson.o(.text)
    cJSON_ParseWithOpts                      0x0803736b   Thumb Code    32  cjson.o(.text)
    cJSON_Parse                              0x0803738b   Thumb Code     6  cjson.o(.text)
    cJSON_ParseWithLength                    0x08037391   Thumb Code     6  cjson.o(.text)
    cJSON_Print                              0x08037633   Thumb Code     6  cjson.o(.text)
    cJSON_PrintUnformatted                   0x08037639   Thumb Code     6  cjson.o(.text)
    cJSON_PrintBuffered                      0x0803763f   Thumb Code    80  cjson.o(.text)
    cJSON_PrintPreallocated                  0x0803768f   Thumb Code    64  cjson.o(.text)
    cJSON_GetArraySize                       0x080376cf   Thumb Code    26  cjson.o(.text)
    cJSON_GetArrayItem                       0x080376e9   Thumb Code    12  cjson.o(.text)
    cJSON_GetObjectItem                      0x0803776d   Thumb Code     4  cjson.o(.text)
    cJSON_GetObjectItemCaseSensitive         0x08037771   Thumb Code     4  cjson.o(.text)
    cJSON_HasObjectItem                      0x08037775   Thumb Code    14  cjson.o(.text)
    cJSON_AddItemToArray                     0x080377dd   Thumb Code     2  cjson.o(.text)
    cJSON_AddItemToObject                    0x08037835   Thumb Code    14  cjson.o(.text)
    cJSON_AddItemToObjectCS                  0x08037843   Thumb Code    14  cjson.o(.text)
    cJSON_AddItemReferenceToArray            0x08037851   Thumb Code    30  cjson.o(.text)
    cJSON_AddItemReferenceToObject           0x0803786f   Thumb Code    40  cjson.o(.text)
    cJSON_CreateNull                         0x08037897   Thumb Code    18  cjson.o(.text)
    cJSON_AddNullToObject                    0x080378a9   Thumb Code    42  cjson.o(.text)
    cJSON_CreateTrue                         0x080378d3   Thumb Code    18  cjson.o(.text)
    cJSON_AddTrueToObject                    0x080378e5   Thumb Code    42  cjson.o(.text)
    cJSON_CreateFalse                        0x0803790f   Thumb Code    18  cjson.o(.text)
    cJSON_AddFalseToObject                   0x08037921   Thumb Code    42  cjson.o(.text)
    cJSON_CreateBool                         0x0803794b   Thumb Code    26  cjson.o(.text)
    cJSON_AddBoolToObject                    0x08037965   Thumb Code    44  cjson.o(.text)
    cJSON_CreateNumber                       0x08037991   Thumb Code    98  cjson.o(.text)
    cJSON_AddNumberToObject                  0x080379f3   Thumb Code    62  cjson.o(.text)
    cJSON_CreateString                       0x08037a31   Thumb Code    44  cjson.o(.text)
    cJSON_AddStringToObject                  0x08037a5d   Thumb Code    44  cjson.o(.text)
    cJSON_CreateRaw                          0x08037a89   Thumb Code    44  cjson.o(.text)
    cJSON_AddRawToObject                     0x08037ab5   Thumb Code    44  cjson.o(.text)
    cJSON_CreateObject                       0x08037ae1   Thumb Code    18  cjson.o(.text)
    cJSON_AddObjectToObject                  0x08037af3   Thumb Code    42  cjson.o(.text)
    cJSON_CreateArray                        0x08037b1d   Thumb Code    18  cjson.o(.text)
    cJSON_AddArrayToObject                   0x08037b2f   Thumb Code    42  cjson.o(.text)
    cJSON_DetachItemViaPointer               0x08037b59   Thumb Code    58  cjson.o(.text)
    cJSON_DetachItemFromArray                0x08037b93   Thumb Code    26  cjson.o(.text)
    cJSON_DeleteItemFromArray                0x08037bad   Thumb Code    14  cjson.o(.text)
    cJSON_DetachItemFromObject               0x08037bbb   Thumb Code    18  cjson.o(.text)
    cJSON_DetachItemFromObjectCaseSensitive  0x08037bcd   Thumb Code    18  cjson.o(.text)
    cJSON_DeleteItemFromObject               0x08037bdf   Thumb Code    14  cjson.o(.text)
    cJSON_DeleteItemFromObjectCaseSensitive  0x08037bed   Thumb Code    14  cjson.o(.text)
    cJSON_InsertItemInArray                  0x08037bfb   Thumb Code    56  cjson.o(.text)
    cJSON_ReplaceItemViaPointer              0x08037c33   Thumb Code    78  cjson.o(.text)
    cJSON_ReplaceItemInArray                 0x08037c81   Thumb Code    30  cjson.o(.text)
    cJSON_ReplaceItemInObject                0x08037ce9   Thumb Code     4  cjson.o(.text)
    cJSON_ReplaceItemInObjectCaseSensitive   0x08037ced   Thumb Code     4  cjson.o(.text)
    cJSON_CreateStringReference              0x08037cf1   Thumb Code    24  cjson.o(.text)
    cJSON_CreateObjectReference              0x08037d09   Thumb Code    24  cjson.o(.text)
    cJSON_CreateArrayReference               0x08037d21   Thumb Code    24  cjson.o(.text)
    cJSON_CreateIntArray                     0x08037d39   Thumb Code    98  cjson.o(.text)
    cJSON_CreateFloatArray                   0x08037d9b   Thumb Code    96  cjson.o(.text)
    cJSON_CreateDoubleArray                  0x08037dfb   Thumb Code    96  cjson.o(.text)
    cJSON_CreateStringArray                  0x08037e5b   Thumb Code    88  cjson.o(.text)
    cJSON_Duplicate                          0x08037eb3   Thumb Code   144  cjson.o(.text)
    cJSON_Minify                             0x08037f43   Thumb Code   158  cjson.o(.text)
    cJSON_IsInvalid                          0x08037fe1   Thumb Code    20  cjson.o(.text)
    cJSON_IsFalse                            0x08037ff5   Thumb Code    14  cjson.o(.text)
    cJSON_IsTrue                             0x08038003   Thumb Code    18  cjson.o(.text)
    cJSON_IsBool                             0x08038015   Thumb Code    14  cjson.o(.text)
    cJSON_IsNull                             0x08038023   Thumb Code    18  cjson.o(.text)
    cJSON_IsArray                            0x08038035   Thumb Code    18  cjson.o(.text)
    cJSON_IsObject                           0x08038047   Thumb Code    18  cjson.o(.text)
    cJSON_IsRaw                              0x08038059   Thumb Code    18  cjson.o(.text)
    cJSON_Compare                            0x0803806b   Thumb Code   268  cjson.o(.text)
    cJSON_malloc                             0x08038177   Thumb Code     6  cjson.o(.text)
    __aeabi_uldivmod                         0x08038389   Thumb Code    98  uldiv.o(.text)
    tolower                                  0x080383eb   Thumb Code    12  tolower.o(.text)
    ___aeabi_memcpy8$move                    0x080383f7   Thumb Code     0  memmovea.o(.text)
    __aeabi_memcpy                           0x080383f7   Thumb Code    64  memmovea.o(.text)
    __aeabi_memcpy4                          0x080383f7   Thumb Code     0  memmovea.o(.text)
    __aeabi_memmove                          0x080383f7   Thumb Code     0  memmovea.o(.text)
    __aeabi_memmove4                         0x080383f7   Thumb Code     0  memmovea.o(.text)
    __aeabi_memmove8                         0x080383f7   Thumb Code     0  memmovea.o(.text)
    __aeabi_memset                           0x08038437   Thumb Code    14  memseta.o(.text)
    __aeabi_memset4                          0x08038437   Thumb Code     0  memseta.o(.text)
    __aeabi_memset8                          0x08038437   Thumb Code     0  memseta.o(.text)
    __aeabi_memclr                           0x08038445   Thumb Code     4  memseta.o(.text)
    __aeabi_memclr4                          0x08038445   Thumb Code     0  memseta.o(.text)
    __aeabi_memclr8                          0x08038445   Thumb Code     0  memseta.o(.text)
    memset                                   0x08038449   Thumb Code    18  memseta.o(.text)
    strcat                                   0x0803845b   Thumb Code    24  strcat.o(.text)
    strstr                                   0x08038473   Thumb Code    36  strstr.o(.text)
    strlen                                   0x08038497   Thumb Code    14  strlen.o(.text)
    strcmp                                   0x080384a5   Thumb Code    28  strcmp.o(.text)
    memcmp                                   0x080384c1   Thumb Code    26  memcmp.o(.text)
    strcpy                                   0x080384db   Thumb Code    18  strcpy.o(.text)
    strncmp                                  0x080384ed   Thumb Code    30  strncmp.o(.text)
    __0sscanf                                0x0803850d   Thumb Code    48  __0sscanf.o(.text)
    _scanf_string                            0x08038545   Thumb Code   224  _scanf_str.o(.text)
    _scanf_real                              0x0803874d   Thumb Code     0  scanf_fp.o(.text)
    _scanf_really_real                       0x0803874d   Thumb Code   556  scanf_fp.o(.text)
    atoi                                     0x08038985   Thumb Code    26  atoi.o(.text)
    __aeabi_dadd                             0x0803899f   Thumb Code   322  dadd.o(.text)
    __aeabi_dsub                             0x08038ae1   Thumb Code     6  dadd.o(.text)
    __aeabi_drsub                            0x08038ae7   Thumb Code     6  dadd.o(.text)
    __aeabi_dmul                             0x08038aed   Thumb Code   228  dmul.o(.text)
    __aeabi_i2d                              0x08038bd1   Thumb Code    34  dflti.o(.text)
    __aeabi_ui2d                             0x08038bf3   Thumb Code    26  dfltui.o(.text)
    __aeabi_d2iz                             0x08038c0d   Thumb Code    62  dfixi.o(.text)
    __aeabi_d2uiz                            0x08038c4b   Thumb Code    50  dfixui.o(.text)
    __aeabi_f2d                              0x08038c7d   Thumb Code    38  f2d.o(.text)
    __aeabi_cdcmpeq                          0x08038ca5   Thumb Code     0  cdcmple.o(.text)
    __aeabi_cdcmple                          0x08038ca5   Thumb Code    48  cdcmple.o(.text)
    __aeabi_cdrcmple                         0x08038cd5   Thumb Code    48  cdrcmple.o(.text)
    __aeabi_uidiv                            0x08038d05   Thumb Code     0  uidiv.o(.text)
    __aeabi_uidivmod                         0x08038d05   Thumb Code    44  uidiv.o(.text)
    __aeabi_llsl                             0x08038d31   Thumb Code    30  llshl.o(.text)
    _ll_shift_l                              0x08038d31   Thumb Code     0  llshl.o(.text)
    __aeabi_llsr                             0x08038d4f   Thumb Code    32  llushr.o(.text)
    _ll_ushift_r                             0x08038d4f   Thumb Code     0  llushr.o(.text)
    __aeabi_lasr                             0x08038d6f   Thumb Code    36  llsshr.o(.text)
    _ll_sshift_r                             0x08038d6f   Thumb Code     0  llsshr.o(.text)
    __vfscanf_char                           0x08038da1   Thumb Code    20  scanf_char.o(.text)
    _sgetc                                   0x08038dbd   Thumb Code    30  _sgetc.o(.text)
    _sbackspace                              0x08038ddb   Thumb Code    34  _sgetc.o(.text)
    __strtod_int                             0x08038e33   Thumb Code    90  strtod.o(.text)
    strtol                                   0x08038e99   Thumb Code   112  strtol.o(.text)
    __I$use$fp                               0x08038f09   Thumb Code     0  iusefp.o(.text)
    _double_round                            0x08038f09   Thumb Code    30  depilogue.o(.text)
    _double_epilogue                         0x08038f27   Thumb Code   156  depilogue.o(.text)
    __aeabi_ddiv                             0x08038fc3   Thumb Code   222  ddiv.o(.text)
    _dsqrt                                   0x080390a1   Thumb Code   162  dsqrt.o(.text)
    __aeabi_ul2d                             0x08039143   Thumb Code    24  dfltul.o(.text)
    __aeabi_d2ulz                            0x0803915b   Thumb Code    48  dfixul.o(.text)
    __aeabi_d2f                              0x0803918b   Thumb Code    56  d2f.o(.text)
    __scatterload                            0x080391c5   Thumb Code    28  init.o(.text)
    __scatterload_rt2                        0x080391c5   Thumb Code     0  init.o(.text)
    __rt_ctype_table                         0x080391e9   Thumb Code     4  ctype_o.o(.text)
    isspace                                  0x080391f1   Thumb Code    18  isspace_o.o(.text)
    __vfscanf                                0x08039205   Thumb Code   810  _scanf.o(.text)
    _strtoul                                 0x08039535   Thumb Code   158  _strtoul.o(.text)
    _float_round                             0x080395d3   Thumb Code    18  fepilogue.o(.text)
    _float_epilogue                          0x080395e5   Thumb Code    92  fepilogue.o(.text)
    _chval                                   0x08039641   Thumb Code    28  _chval.o(.text)
    __decompress                             0x0803965d   Thumb Code     0  __dczerorl2.o(.text)
    __decompress1                            0x0803965d   Thumb Code    86  __dczerorl2.o(.text)
    __0printf                                0x080396b5   Thumb Code    22  printfa.o(i.__0printf)
    __1printf                                0x080396b5   Thumb Code     0  printfa.o(i.__0printf)
    __2printf                                0x080396b5   Thumb Code     0  printfa.o(i.__0printf)
    __c89printf                              0x080396b5   Thumb Code     0  printfa.o(i.__0printf)
    printf                                   0x080396b5   Thumb Code     0  printfa.o(i.__0printf)
    __0sprintf                               0x080396d5   Thumb Code    34  printfa.o(i.__0sprintf)
    __1sprintf                               0x080396d5   Thumb Code     0  printfa.o(i.__0sprintf)
    __2sprintf                               0x080396d5   Thumb Code     0  printfa.o(i.__0sprintf)
    __c89sprintf                             0x080396d5   Thumb Code     0  printfa.o(i.__0sprintf)
    sprintf                                  0x080396d5   Thumb Code     0  printfa.o(i.__0sprintf)
    __aeabi_errno_addr                       0x080396fd   Thumb Code     4  errno.o(i.__aeabi_errno_addr)
    __rt_errno_addr                          0x080396fd   Thumb Code     0  errno.o(i.__aeabi_errno_addr)
    free                                     0x08039705   Thumb Code    88  mallocr.o(i.__free$realloc)
    __hardfp_fabs                            0x08039761   Thumb Code    20  fabs.o(i.__hardfp_fabs)
    __hardfp_sqrt                            0x08039775   Thumb Code   122  sqrt.o(i.__hardfp_sqrt)
    __hardfp_strtod                          0x080397f1   Thumb Code    30  strtod.o(i.__hardfp_strtod)
    malloc                                   0x08039819   Thumb Code    64  mallocr.o(i.__malloc$realloc)
    __scatterload_copy                       0x08039869   Thumb Code    14  handlers.o(i.__scatterload_copy)
    __scatterload_null                       0x08039877   Thumb Code     2  handlers.o(i.__scatterload_null)
    __scatterload_zeroinit                   0x08039879   Thumb Code    14  handlers.o(i.__scatterload_zeroinit)
    __set_errno                              0x08039889   Thumb Code     6  errno.o(i.__set_errno)
    _is_digit                                0x08039a19   Thumb Code    14  scanf_fp.o(i._is_digit)
    realloc                                  0x0803a189   Thumb Code   102  mallocr.o(i.realloc)
    img_chezaibeijing_map                    0x0803a1f4   Data       153600  chezaibeijing.o(.constdata)
    image_chezaibeijing                      0x0805f9f4   Data          12  chezaibeijing.o(.constdata)
    asc2_1206                                0x0805fa00   Data        1140  lcd_font.o(.constdata)
    asc2_1608                                0x0805fe74   Data        1520  lcd_font.o(.constdata)
    asc2_2412                                0x08060464   Data        3420  lcd_font.o(.constdata)
    g_font_dot_matrix_32                     0x080611c0   Data        3584  lcd_font.o(.constdata)
    TP_REMIND_MSG_TBL                        0x08061fc0   Data           4  lcd_touch.o(.constdata)
    FSMC_DefaultTimingStruct                 0x080620b4   Data          28  stm32f4xx_fsmc.o(.constdata)
    lv_obj_class                             0x080620d0   Data          28  lv_obj.o(.constdata)
    _lv_bpp1_opa_table                       0x080620f4   Data           2  lv_draw_sw_letter.o(.constdata)
    _lv_bpp2_opa_table                       0x080620f6   Data           4  lv_draw_sw_letter.o(.constdata)
    _lv_bpp4_opa_table                       0x080620fa   Data          16  lv_draw_sw_letter.o(.constdata)
    _lv_bpp8_opa_table                       0x0806210a   Data         256  lv_draw_sw_letter.o(.constdata)
    lv_calendar_class                        0x0806224c   Data          28  lv_calendar.o(.constdata)
    lv_calendar_header_arrow_class           0x08062268   Data          28  lv_calendar_header_arrow.o(.constdata)
    lv_calendar_header_dropdown_class        0x08062284   Data          28  lv_calendar_header_dropdown.o(.constdata)
    lv_chart_class                           0x080622a0   Data          28  lv_chart.o(.constdata)
    lv_colorwheel_class                      0x080622bc   Data          28  lv_colorwheel.o(.constdata)
    lv_keyboard_class                        0x080622d8   Data          28  lv_keyboard.o(.constdata)
    lv_led_class                             0x0806266c   Data          28  lv_led.o(.constdata)
    lv_list_class                            0x08062688   Data          28  lv_list.o(.constdata)
    lv_list_btn_class                        0x080626a4   Data          28  lv_list.o(.constdata)
    lv_list_text_class                       0x080626c0   Data          28  lv_list.o(.constdata)
    lv_menu_class                            0x080626dc   Data          28  lv_menu.o(.constdata)
    lv_menu_page_class                       0x080626f8   Data          28  lv_menu.o(.constdata)
    lv_menu_cont_class                       0x08062714   Data          28  lv_menu.o(.constdata)
    lv_menu_section_class                    0x08062730   Data          28  lv_menu.o(.constdata)
    lv_menu_separator_class                  0x0806274c   Data          28  lv_menu.o(.constdata)
    lv_menu_sidebar_cont_class               0x08062768   Data          28  lv_menu.o(.constdata)
    lv_menu_main_cont_class                  0x08062784   Data          28  lv_menu.o(.constdata)
    lv_menu_main_header_cont_class           0x080627a0   Data          28  lv_menu.o(.constdata)
    lv_menu_sidebar_header_cont_class        0x080627bc   Data          28  lv_menu.o(.constdata)
    lv_meter_class                           0x080627d8   Data          28  lv_meter.o(.constdata)
    lv_msgbox_class                          0x080627f4   Data          28  lv_msgbox.o(.constdata)
    lv_msgbox_content_class                  0x08062810   Data          28  lv_msgbox.o(.constdata)
    lv_msgbox_backdrop_class                 0x0806282c   Data          28  lv_msgbox.o(.constdata)
    lv_spinbox_class                         0x08062848   Data          28  lv_spinbox.o(.constdata)
    lv_spinner_class                         0x08062864   Data          28  lv_spinner.o(.constdata)
    lv_tabview_class                         0x08062880   Data          28  lv_tabview.o(.constdata)
    lv_tileview_class                        0x0806289c   Data          28  lv_tileview.o(.constdata)
    lv_tileview_tile_class                   0x080628b8   Data          28  lv_tileview.o(.constdata)
    lv_win_class                             0x080628d4   Data          28  lv_win.o(.constdata)
    lv_font_montserrat_14                    0x08065e18   Data          28  lv_font_montserrat_14.o(.constdata)
    _lv_style_builtin_prop_flag_lookup_table 0x0806606c   Data         113  lv_style.o(.constdata)
    lv_arc_class                             0x080660e0   Data          28  lv_arc.o(.constdata)
    lv_bar_class                             0x080660fc   Data          28  lv_bar.o(.constdata)
    lv_btn_class                             0x08066118   Data          28  lv_btn.o(.constdata)
    lv_btnmatrix_class                       0x08066134   Data          28  lv_btnmatrix.o(.constdata)
    lv_checkbox_class                        0x08066150   Data          28  lv_checkbox.o(.constdata)
    lv_dropdown_class                        0x0806616c   Data          28  lv_dropdown.o(.constdata)
    lv_dropdownlist_class                    0x08066188   Data          28  lv_dropdown.o(.constdata)
    lv_img_class                             0x080661a4   Data          28  lv_img.o(.constdata)
    lv_label_class                           0x080661c0   Data          28  lv_label.o(.constdata)
    lv_line_class                            0x080661dc   Data          28  lv_line.o(.constdata)
    lv_roller_class                          0x080661f8   Data          28  lv_roller.o(.constdata)
    lv_roller_label_class                    0x08066214   Data          28  lv_roller.o(.constdata)
    lv_slider_class                          0x08066230   Data          28  lv_slider.o(.constdata)
    lv_switch_class                          0x0806624c   Data          28  lv_switch.o(.constdata)
    lv_table_class                           0x08066268   Data          28  lv_table.o(.constdata)
    lv_textarea_class                        0x08066284   Data          28  lv_textarea.o(.constdata)
    __ctype_table                            0x080662a0   Data         129  ctype_o.o(.constdata)
    Region$$Table$$Base                      0x08066c00   Number         0  anon$$obj.o(Region$$Table)
    Region$$Table$$Limit                     0x08066c20   Number         0  anon$$obj.o(Region$$Table)
    app_task1_init_handle                    0x20000000   Data           4  main.o(.data)
    app_task2_lvgl_task_handle               0x20000004   Data           4  main.o(.data)
    app_task3_lvgl_handle                    0x20000008   Data           4  main.o(.data)
    app_task4_rtc_handle                     0x2000000c   Data           4  main.o(.data)
    app_task5_adc_handle                     0x20000010   Data           4  main.o(.data)
    app_task6_dht11_handle                   0x20000014   Data           4  main.o(.data)
    app_task8_asrpro_handle                  0x20000018   Data           4  main.o(.data)
    app_task9_mq2_handle                     0x2000001c   Data           4  main.o(.data)
    app_task10_mq7_handle                    0x20000020   Data           4  main.o(.data)
    app_task11_mq135_handle                  0x20000024   Data           4  main.o(.data)
    app_task12_esp8266_handle                0x20000028   Data           4  main.o(.data)
    SystemCoreClock                          0x20000030   Data           4  system_stm32f4xx.o(.data)
    AHBPrescTable                            0x20000034   Data          16  system_stm32f4xx.o(.data)
    g_font_dot_matrix_32_index               0x20000044   Data         112  lcd_font.o(.data)
    POINT_COLOR                              0x200000b4   Data           2  lcd_screen.o(.data)
    BACK_COLOR                               0x200000b6   Data           2  lcd_screen.o(.data)
    CMD_RDX                                  0x200000b8   Data           1  lcd_touch.o(.data)
    CMD_RDY                                  0x200000b9   Data           1  lcd_touch.o(.data)
    tp_dev                                   0x200000bc   Data          52  lcd_touch.o(.data)
    ret_val                                  0x200000f0   Data           2  adc.o(.data)
    esp8266_transparent_transmission_sta     0x200000f4   Data           4  esp8266.o(.data)
    u1_count                                 0x200000fc   Data           1  uart.o(.data)
    u1_flag                                  0x200000fd   Data           1  uart.o(.data)
    u2_count                                 0x200000fe   Data           1  uart.o(.data)
    u2_flag                                  0x200000ff   Data           1  uart.o(.data)
    u3_flag                                  0x20000100   Data           1  uart.o(.data)
    u3_count                                 0x20000102   Data           2  uart.o(.data)
    u3_len                                   0x20000104   Data           2  uart.o(.data)
    __stdout                                 0x20000108   Data           4  uart.o(.data)
    LV_LAYOUT_FLEX                           0x2000016c   Data           2  lv_flex.o(.data)
    LV_STYLE_FLEX_FLOW                       0x2000016e   Data           2  lv_flex.o(.data)
    LV_STYLE_FLEX_MAIN_PLACE                 0x20000170   Data           2  lv_flex.o(.data)
    LV_STYLE_FLEX_CROSS_PLACE                0x20000172   Data           2  lv_flex.o(.data)
    LV_STYLE_FLEX_TRACK_PLACE                0x20000174   Data           2  lv_flex.o(.data)
    LV_STYLE_FLEX_GROW                       0x20000176   Data           2  lv_flex.o(.data)
    LV_LAYOUT_GRID                           0x20000178   Data           2  lv_grid.o(.data)
    LV_STYLE_GRID_COLUMN_DSC_ARRAY           0x2000017a   Data           2  lv_grid.o(.data)
    LV_STYLE_GRID_COLUMN_ALIGN               0x2000017c   Data           2  lv_grid.o(.data)
    LV_STYLE_GRID_ROW_DSC_ARRAY              0x2000017e   Data           2  lv_grid.o(.data)
    LV_STYLE_GRID_ROW_ALIGN                  0x20000180   Data           2  lv_grid.o(.data)
    LV_STYLE_GRID_CELL_COLUMN_POS            0x20000182   Data           2  lv_grid.o(.data)
    LV_STYLE_GRID_CELL_COLUMN_SPAN           0x20000184   Data           2  lv_grid.o(.data)
    LV_STYLE_GRID_CELL_X_ALIGN               0x20000186   Data           2  lv_grid.o(.data)
    LV_STYLE_GRID_CELL_ROW_POS               0x20000188   Data           2  lv_grid.o(.data)
    LV_STYLE_GRID_CELL_ROW_SPAN              0x2000018a   Data           2  lv_grid.o(.data)
    LV_STYLE_GRID_CELL_Y_ALIGN               0x2000018c   Data           2  lv_grid.o(.data)
    _lv_layout_list                          0x200002a8   Data           4  lv_gc.o(.data)
    _lv_timer_act                            0x200002ac   Data           4  lv_gc.o(.data)
    _lv_theme_default_styles                 0x200002b0   Data           4  lv_gc.o(.data)
    _lv_theme_basic_styles                   0x200002b4   Data           4  lv_gc.o(.data)
    _lv_grad_cache_mem                       0x200002b8   Data           4  lv_gc.o(.data)
    _lv_style_custom_prop_flag_lookup_table  0x200002bc   Data           4  lv_gc.o(.data)
    _lv_style_custom_prop_flag_lookup_table_size 0x200002d8   Data           4  lv_style.o(.data)
    _lv_txt_encoded_size                     0x200002f0   Data           4  lv_txt.o(.data)
    _lv_txt_encoded_next                     0x200002f4   Data           4  lv_txt.o(.data)
    _lv_txt_encoded_get_byte_id              0x200002f8   Data           4  lv_txt.o(.data)
    _lv_txt_unicode_to_encoded               0x200002fc   Data           4  lv_txt.o(.data)
    _lv_txt_encoded_prev                     0x20000300   Data           4  lv_txt.o(.data)
    _lv_txt_encoded_get_char_id              0x20000304   Data           4  lv_txt.o(.data)
    _lv_txt_get_encoded_length               0x20000308   Data           4  lv_txt.o(.data)
    disp_flush_enabled                       0x2000032c   Data           1  lv_port_disp.o(.data)
    g_disp_drvp                              0x20000330   Data           4  lv_port_disp.o(.data)
    indev_touchpad                           0x20000338   Data           4  lv_port_indev.o(.data)
    pxCurrentTCB                             0x2000033c   Data           4  tasks.o(.data)
    __microlib_freelist                      0x200003c4   Data           4  mvars.o(.data)
    __microlib_freelist_initialised          0x200003c8   Data           4  mvars.o(.data)
    lcddev                                   0x200003d0   Data          14  lcd_screen.o(.bss)
    results                                  0x200003de   Data        2688  esp8266_getweather.o(.bss)
    u1_recvbuf                               0x20000e5e   Data         512  uart.o(.bss)
    u2_recvbuf                               0x2000105e   Data         512  uart.o(.bss)
    u3_recvbuf                               0x2000125e   Data         512  uart.o(.bss)
    _lv_timer_ll                             0x200015c4   Data          12  lv_gc.o(.bss)
    _lv_disp_ll                              0x200015d0   Data          12  lv_gc.o(.bss)
    _lv_indev_ll                             0x200015dc   Data          12  lv_gc.o(.bss)
    _lv_fsdrv_ll                             0x200015e8   Data          12  lv_gc.o(.bss)
    _lv_anim_ll                              0x200015f4   Data          12  lv_gc.o(.bss)
    _lv_group_ll                             0x20001600   Data          12  lv_gc.o(.bss)
    _lv_img_decoder_ll                       0x2000160c   Data          12  lv_gc.o(.bss)
    _lv_obj_style_trans_ll                   0x20001618   Data          12  lv_gc.o(.bss)
    _lv_img_cache_single                     0x20001624   Data          44  lv_gc.o(.bss)
    lv_mem_buf                               0x20001650   Data         128  lv_gc.o(.bss)
    _lv_circle_cache                         0x200016d0   Data         112  lv_gc.o(.bss)
    _lv_draw_mask_list                       0x20001740   Data         128  lv_gc.o(.bss)
    xQueueRegistry                           0x2000f14c   Data          64  queue.o(.bss)
    __heap_base                              0x200172c8   Data           0  startup_stm32f40_41xxx.o(HEAP)
    __heap_limit                             0x200174c8   Data           0  startup_stm32f40_41xxx.o(HEAP)
    __initial_sp                             0x200184c8   Data           0  startup_stm32f40_41xxx.o(STACK)



==============================================================================

Memory Map of the image

  Image Entry point : 0x08000189

  Load Region LR_IROM1 (Base: 0x08000000, Size: 0x00066ff0, Max: 0x00080000, ABSOLUTE, COMPRESSED[0x00066d64])

    Execution Region ER_IROM1 (Exec base: 0x08000000, Load base: 0x08000000, Size: 0x00066c20, Max: 0x00080000, ABSOLUTE)

    Exec Addr    Load Addr    Size         Type   Attr      Idx    E Section Name        Object

    0x08000000   0x08000000   0x00000188   Data   RO         2447    RESET               startup_stm32f40_41xxx.o
    0x08000188   0x08000188   0x00000000   Code   RO        27532  * .ARM.Collect$$$$00000000  mc_w.l(entry.o)
    0x08000188   0x08000188   0x00000004   Code   RO        27884    .ARM.Collect$$$$00000001  mc_w.l(entry2.o)
    0x0800018c   0x0800018c   0x00000004   Code   RO        27887    .ARM.Collect$$$$00000004  mc_w.l(entry5.o)
    0x08000190   0x08000190   0x00000000   Code   RO        27889    .ARM.Collect$$$$00000008  mc_w.l(entry7b.o)
    0x08000190   0x08000190   0x00000000   Code   RO        27891    .ARM.Collect$$$$0000000A  mc_w.l(entry8b.o)
    0x08000190   0x08000190   0x00000008   Code   RO        27892    .ARM.Collect$$$$0000000B  mc_w.l(entry9a.o)
    0x08000198   0x08000198   0x00000004   Code   RO        27899    .ARM.Collect$$$$0000000E  mc_w.l(entry12b.o)
    0x0800019c   0x0800019c   0x00000000   Code   RO        27894    .ARM.Collect$$$$0000000F  mc_w.l(entry10a.o)
    0x0800019c   0x0800019c   0x00000000   Code   RO        27896    .ARM.Collect$$$$00000011  mc_w.l(entry11a.o)
    0x0800019c   0x0800019c   0x00000004   Code   RO        27885    .ARM.Collect$$$$00002712  mc_w.l(entry2.o)
    0x080001a0   0x080001a0   0x000000be   Code   RO        27422    .emb_text           port.o
    0x0800025e   0x0800025e   0x00000002   PAD
    0x08000260   0x08000260   0x00000d08   Code   RO            3    .text               main.o
    0x08000f68   0x08000f68   0x0000000c   Code   RO          710    .text               stm32f4xx_it.o
    0x08000f74   0x08000f74   0x0000017c   Code   RO          741    .text               system_stm32f4xx.o
    0x080010f0   0x080010f0   0x00000032   Code   RO          791    .text               my_lib.o
    0x08001122   0x08001122   0x00000002   PAD
    0x08001124   0x08001124   0x0000008c   Code   RO         1113    .text               buzzer.o
    0x080011b0   0x080011b0   0x00000044   Code   RO         1165    .text               key.o
    0x080011f4   0x080011f4   0x000001c4   Code   RO         1185    .text               led.o
    0x080013b8   0x080013b8   0x00000118   Code   RO         1205    .text               exti.o
    0x080014d0   0x080014d0   0x00000080   Code   RO         1229    .text               timer.o
    0x08001550   0x08001550   0x0000013e   Code   RO         1653    .text               at24cxx.o
    0x0800168e   0x0800168e   0x00000002   PAD
    0x08001690   0x08001690   0x00000224   Code   RO         1676    .text               iic.o
    0x080018b4   0x080018b4   0x00004778   Code   RO         1741    .text               lcd_screen.o
    0x0800602c   0x0800602c   0x00000c0c   Code   RO         1779    .text               lcd_touch.o
    0x08006c38   0x08006c38   0x000000a8   Code   RO         1816    .text               adc.o
    0x08006ce0   0x08006ce0   0x000001b4   Code   RO         1839    .text               dht11.o
    0x08006e94   0x08006e94   0x00000270   Code   RO         1934    .text               sensirion_sw_i2c.o
    0x08007104   0x08007104   0x00000008   Code   RO         1977    .text               asrpro.o
    0x0800710c   0x0800710c   0x000000e4   Code   RO         2000    .text               mq2.o
    0x080071f0   0x080071f0   0x000000e8   Code   RO         2020    .text               mq7.o
    0x080072d8   0x080072d8   0x00000034   Code   RO         2040    .text               mq135.o
    0x0800730c   0x0800730c   0x0000044c   Code   RO         2060    .text               esp8266.o
    0x08007758   0x08007758   0x00000260   Code   RO         2087    .text               esp8266_gettime.o
    0x080079b8   0x080079b8   0x00000548   Code   RO         2107    .text               esp8266_getweather.o
    0x08007f00   0x08007f00   0x000000d4   Code   RO         2139    .text               delay.o
    0x08007fd4   0x08007fd4   0x000003cc   Code   RO         2167    .text               uart.o
    0x080083a0   0x080083a0   0x0000020c   Code   RO         2200    .text               stm32f4xx_gpio.o
    0x080085ac   0x080085ac   0x00000480   Code   RO         2220    .text               stm32f4xx_rcc.o
    0x08008a2c   0x08008a2c   0x000000e0   Code   RO         2242    .text               stm32f4xx_exti.o
    0x08008b0c   0x08008b0c   0x0000007c   Code   RO         2262    .text               stm32f4xx_syscfg.o
    0x08008b88   0x08008b88   0x000000b0   Code   RO         2282    .text               misc.o
    0x08008c38   0x08008c38   0x000009dc   Code   RO         2302    .text               stm32f4xx_tim.o
    0x08009614   0x08009614   0x00000358   Code   RO         2323    .text               stm32f4xx_usart.o
    0x0800996c   0x0800996c   0x00000448   Code   RO         2363    .text               stm32f4xx_fsmc.o
    0x08009db4   0x08009db4   0x00000128   Code   RO         2386    .text               stm32f4xx_pwr.o
    0x08009edc   0x08009edc   0x00000a4c   Code   RO         2406    .text               stm32f4xx_rtc.o
    0x0800a928   0x0800a928   0x00000354   Code   RO         2427    .text               stm32f4xx_adc.o
    0x0800ac7c   0x0800ac7c   0x00000024   Code   RO         2448    .text               startup_stm32f40_41xxx.o
    0x0800aca0   0x0800aca0   0x00000558   Code   RO         2452    .text               lv_disp.o
    0x0800b1f8   0x0800b1f8   0x0000056c   Code   RO         2623    .text               lv_event.o
    0x0800b764   0x0800b764   0x00000584   Code   RO         2763    .text               lv_group.o
    0x0800bce8   0x0800bce8   0x00000dfc   Code   RO         2925    .text               lv_indev.o
    0x0800cae4   0x0800cae4   0x00000bbe   Code   RO         2984    .text               lv_indev_scroll.o
    0x0800d6a2   0x0800d6a2   0x00000002   PAD
    0x0800d6a4   0x0800d6a4   0x00000dd8   Code   RO         3069    .text               lv_obj.o
    0x0800e47c   0x0800e47c   0x000001d4   Code   RO         3411    .text               lv_obj_class.o
    0x0800e650   0x0800e650   0x00000764   Code   RO         3425    .text               lv_obj_draw.o
    0x0800edb4   0x0800edb4   0x0000165c   Code   RO         3578    .text               lv_obj_pos.o
    0x08010410   0x08010410   0x0000107c   Code   RO         3677    .text               lv_obj_scroll.o
    0x0801148c   0x0801148c   0x00000ee8   Code   RO         3778    .text               lv_obj_style.o
    0x08012374   0x08012374   0x000003de   Code   RO         3878    .text               lv_obj_style_gen.o
    0x08012752   0x08012752   0x00000002   PAD
    0x08012754   0x08012754   0x00000500   Code   RO         3923    .text               lv_obj_tree.o
    0x08012c54   0x08012c54   0x00001378   Code   RO         4003    .text               lv_refr.o
    0x08013fcc   0x08013fcc   0x000000d4   Code   RO         4114    .text               lv_theme.o
    0x080140a0   0x080140a0   0x0000000c   Code   RO         4531    .text               lv_draw.o
    0x080140ac   0x080140ac   0x0000040e   Code   RO         4671    .text               lv_draw_arc.o
    0x080144ba   0x080144ba   0x00000002   PAD
    0x080144bc   0x080144bc   0x000003a4   Code   RO         4722    .text               lv_draw_img.o
    0x08014860   0x08014860   0x00000618   Code   RO         4841    .text               lv_draw_label.o
    0x08014e78   0x08014e78   0x000000b2   Code   RO         4936    .text               lv_draw_layer.o
    0x08014f2a   0x08014f2a   0x00000058   Code   RO         4993    .text               lv_draw_line.o
    0x08014f82   0x08014f82   0x00000002   PAD
    0x08014f84   0x08014f84   0x000014cc   Code   RO         5145    .text               lv_draw_mask.o
    0x08016450   0x08016450   0x000000f4   Code   RO         5211    .text               lv_draw_rect.o
    0x08016544   0x08016544   0x00000036   Code   RO         5266    .text               lv_draw_transform.o
    0x0801657a   0x0801657a   0x00000002   PAD
    0x0801657c   0x0801657c   0x00000676   Code   RO         5311    .text               lv_img_buf.o
    0x08016bf2   0x08016bf2   0x00000002   PAD
    0x08016bf4   0x08016bf4   0x00000058   Code   RO         5348    .text               lv_img_cache.o
    0x08016c4c   0x08016c4c   0x00000818   Code   RO         5395    .text               lv_img_decoder.o
    0x08017464   0x08017464   0x000000f8   Code   RO         5456    .text               lv_draw_sw.o
    0x0801755c   0x0801755c   0x00000a70   Code   RO         5596    .text               lv_draw_sw_arc.o
    0x08017fcc   0x08017fcc   0x00000dba   Code   RO         5697    .text               lv_draw_sw_blend.o
    0x08018d86   0x08018d86   0x00000002   PAD
    0x08018d88   0x08018d88   0x00000400   Code   RO         5834    .text               lv_draw_sw_gradient.o
    0x08019188   0x08019188   0x000004e0   Code   RO         5892    .text               lv_draw_sw_img.o
    0x08019668   0x08019668   0x000001d4   Code   RO         5979    .text               lv_draw_sw_layer.o
    0x0801983c   0x0801983c   0x000003dc   Code   RO         6063    .text               lv_draw_sw_letter.o
    0x08019c18   0x08019c18   0x000007cc   Code   RO         6160    .text               lv_draw_sw_line.o
    0x0801a3e4   0x0801a3e4   0x0000027c   Code   RO         6252    .text               lv_draw_sw_polygon.o
    0x0801a660   0x0801a660   0x00001baa   Code   RO         6317    .text               lv_draw_sw_rect.o
    0x0801c20a   0x0801c20a   0x00000002   PAD
    0x0801c20c   0x0801c20c   0x000006a4   Code   RO         6365    .text               lv_draw_sw_transform.o
    0x0801c8b0   0x0801c8b0   0x0000000e   Code   RO         6452    .text               lv_extra.o
    0x0801c8be   0x0801c8be   0x00000002   PAD
    0x0801c8c0   0x0801c8c0   0x00000adc   Code   RO         6868    .text               lv_flex.o
    0x0801d39c   0x0801d39c   0x00000ad0   Code   RO         7043    .text               lv_grid.o
    0x0801de6c   0x0801de6c   0x00002528   Code   RO        13784    .text               lv_theme_default.o
    0x08020394   0x08020394   0x000004d4   Code   RO        15050    .text               lv_calendar.o
    0x08020868   0x08020868   0x000001b8   Code   RO        15471    .text               lv_calendar_header_arrow.o
    0x08020a20   0x08020a20   0x00000154   Code   RO        15660    .text               lv_calendar_header_dropdown.o
    0x08020b74   0x08020b74   0x00002080   Code   RO        15773    .text               lv_chart.o
    0x08022bf4   0x08022bf4   0x00000a78   Code   RO        16192    .text               lv_colorwheel.o
    0x0802366c   0x0802366c   0x00000360   Code   RO        17030    .text               lv_keyboard.o
    0x080239cc   0x080239cc   0x00000368   Code   RO        17225    .text               lv_led.o
    0x08023d34   0x08023d34   0x000007e4   Code   RO        17833    .text               lv_menu.o
    0x08024518   0x08024518   0x00000ca8   Code   RO        18017    .text               lv_meter.o
    0x080251c0   0x080251c0   0x00000486   Code   RO        19273    .text               lv_spinbox.o
    0x08025646   0x08025646   0x00000002   PAD
    0x08025648   0x08025648   0x000000a8   Code   RO        19692    .text               lv_spinner.o
    0x080256f0   0x080256f0   0x000004f0   Code   RO        20111    .text               lv_tabview.o
    0x08025be0   0x08025be0   0x0000022c   Code   RO        20531    .text               lv_tileview.o
    0x08025e0c   0x08025e0c   0x00000100   Code   RO        20703    .text               lv_win.o
    0x08025f0c   0x08025f0c   0x000000c6   Code   RO        21123    .text               lv_font.o
    0x08025fd2   0x08025fd2   0x00000002   PAD
    0x08025fd4   0x08025fd4   0x000002b8   Code   RO        21172    .text               lv_font_fmt_txt.o
    0x0802628c   0x0802628c   0x000007c8   Code   RO        22214    .text               lv_hal_disp.o
    0x08026a54   0x08026a54   0x0000013c   Code   RO        22418    .text               lv_hal_indev.o
    0x08026b90   0x08026b90   0x00000030   Code   RO        22583    .text               lv_hal_tick.o
    0x08026bc0   0x08026bc0   0x00000508   Code   RO        22607    .text               lv_anim.o
    0x080270c8   0x080270c8   0x000008c8   Code   RO        22701    .text               lv_area.o
    0x08027990   0x08027990   0x0000009c   Code   RO        22718    .text               lv_async.o
    0x08027a2c   0x08027a2c   0x0000038c   Code   RO        22762    .text               lv_color.o
    0x08027db8   0x08027db8   0x00000510   Code   RO        22779    .text               lv_fs.o
    0x080282c8   0x080282c8   0x000000c0   Code   RO        22820    .text               lv_gc.o
    0x08028388   0x08028388   0x000002b0   Code   RO        22845    .text               lv_ll.o
    0x08028638   0x08028638   0x000001ec   Code   RO        22879    .text               lv_math.o
    0x08028824   0x08028824   0x00000462   Code   RO        22894    .text               lv_mem.o
    0x08028c86   0x08028c86   0x00000002   PAD
    0x08028c88   0x08028c88   0x0000069c   Code   RO        22913    .text               lv_printf.o
    0x08029324   0x08029324   0x0000048c   Code   RO        22925    .text               lv_style.o
    0x080297b0   0x080297b0   0x00000334   Code   RO        22995    .text               lv_style_gen.o
    0x08029ae4   0x08029ae4   0x00000214   Code   RO        23021    .text               lv_timer.o
    0x08029cf8   0x08029cf8   0x00000838   Code   RO        23036    .text               lv_tlsf.o
    0x0802a530   0x0802a530   0x000006e4   Code   RO        23049    .text               lv_txt.o
    0x0802ac14   0x0802ac14   0x00000048   Code   RO        23157    .text               lv_utils.o
    0x0802ac5c   0x0802ac5c   0x00000f68   Code   RO        23172    .text               lv_arc.o
    0x0802bbc4   0x0802bbc4   0x0000085c   Code   RO        23343    .text               lv_bar.o
    0x0802c420   0x0802c420   0x00000034   Code   RO        23446    .text               lv_btn.o
    0x0802c454   0x0802c454   0x00001012   Code   RO        23470    .text               lv_btnmatrix.o
    0x0802d466   0x0802d466   0x00000002   PAD
    0x0802d468   0x0802d468   0x000003dc   Code   RO        23656    .text               lv_checkbox.o
    0x0802d844   0x0802d844   0x00000e4c   Code   RO        23747    .text               lv_dropdown.o
    0x0802e690   0x0802e690   0x00000bc6   Code   RO        23846    .text               lv_img.o
    0x0802f256   0x0802f256   0x00000002   PAD
    0x0802f258   0x0802f258   0x000010e8   Code   RO        23943    .text               lv_label.o
    0x08030340   0x08030340   0x000001e4   Code   RO        24041    .text               lv_line.o
    0x08030524   0x08030524   0x00000abc   Code   RO        24066    .text               lv_roller.o
    0x08030fe0   0x08030fe0   0x000007f2   Code   RO        24148    .text               lv_slider.o
    0x080317d2   0x080317d2   0x00000002   PAD
    0x080317d4   0x080317d4   0x00000340   Code   RO        24261    .text               lv_switch.o
    0x08031b14   0x08031b14   0x00001184   Code   RO        24362    .text               lv_table.o
    0x08032c98   0x08032c98   0x00001118   Code   RO        24445    .text               lv_textarea.o
    0x08033db0   0x08033db0   0x0000009c   Code   RO        24547    .text               lv_port_disp.o
    0x08033e4c   0x08033e4c   0x00000068   Code   RO        24576    .text               lv_port_indev.o
    0x08033eb4   0x08033eb4   0x0000008a   Code   RO        27301    .text               list.o
    0x08033f3e   0x08033f3e   0x00000002   PAD
    0x08033f40   0x08033f40   0x00000bec   Code   RO        27316    .text               queue.o
    0x08034b2c   0x08034b2c   0x0000134c   Code   RO        27354    .text               tasks.o
    0x08035e78   0x08035e78   0x000004f0   Code   RO        27377    .text               timers.o
    0x08036368   0x08036368   0x000001d0   Code   RO        27407    .text               heap_4.o
    0x08036538   0x08036538   0x00000254   Code   RO        27423    .text               port.o
    0x0803678c   0x0803678c   0x0000007e   Code   RO        27455    .text               rtc.o
    0x0803680a   0x0803680a   0x00000002   PAD
    0x0803680c   0x0803680c   0x00001b7c   Code   RO        27473    .text               cjson.o
    0x08038388   0x08038388   0x00000062   Code   RO        27535    .text               mc_w.l(uldiv.o)
    0x080383ea   0x080383ea   0x0000000c   Code   RO        27537    .text               mc_w.l(tolower.o)
    0x080383f6   0x080383f6   0x00000040   Code   RO        27541    .text               mc_w.l(memmovea.o)
    0x08038436   0x08038436   0x00000024   Code   RO        27545    .text               mc_w.l(memseta.o)
    0x0803845a   0x0803845a   0x00000018   Code   RO        27547    .text               mc_w.l(strcat.o)
    0x08038472   0x08038472   0x00000024   Code   RO        27549    .text               mc_w.l(strstr.o)
    0x08038496   0x08038496   0x0000000e   Code   RO        27553    .text               mc_w.l(strlen.o)
    0x080384a4   0x080384a4   0x0000001c   Code   RO        27555    .text               mc_w.l(strcmp.o)
    0x080384c0   0x080384c0   0x0000001a   Code   RO        27557    .text               mc_w.l(memcmp.o)
    0x080384da   0x080384da   0x00000012   Code   RO        27559    .text               mc_w.l(strcpy.o)
    0x080384ec   0x080384ec   0x0000001e   Code   RO        27561    .text               mc_w.l(strncmp.o)
    0x0803850a   0x0803850a   0x00000002   PAD
    0x0803850c   0x0803850c   0x00000038   Code   RO        27856    .text               mc_w.l(__0sscanf.o)
    0x08038544   0x08038544   0x000000e0   Code   RO        27858    .text               mc_w.l(_scanf_str.o)
    0x08038624   0x08038624   0x00000360   Code   RO        27860    .text               mc_w.l(scanf_fp.o)
    0x08038984   0x08038984   0x0000001a   Code   RO        27864    .text               mc_w.l(atoi.o)
    0x0803899e   0x0803899e   0x0000014e   Code   RO        27866    .text               mf_w.l(dadd.o)
    0x08038aec   0x08038aec   0x000000e4   Code   RO        27868    .text               mf_w.l(dmul.o)
    0x08038bd0   0x08038bd0   0x00000022   Code   RO        27870    .text               mf_w.l(dflti.o)
    0x08038bf2   0x08038bf2   0x0000001a   Code   RO        27872    .text               mf_w.l(dfltui.o)
    0x08038c0c   0x08038c0c   0x0000003e   Code   RO        27874    .text               mf_w.l(dfixi.o)
    0x08038c4a   0x08038c4a   0x00000032   Code   RO        27876    .text               mf_w.l(dfixui.o)
    0x08038c7c   0x08038c7c   0x00000026   Code   RO        27878    .text               mf_w.l(f2d.o)
    0x08038ca2   0x08038ca2   0x00000002   PAD
    0x08038ca4   0x08038ca4   0x00000030   Code   RO        27880    .text               mf_w.l(cdcmple.o)
    0x08038cd4   0x08038cd4   0x00000030   Code   RO        27882    .text               mf_w.l(cdrcmple.o)
    0x08038d04   0x08038d04   0x0000002c   Code   RO        27900    .text               mc_w.l(uidiv.o)
    0x08038d30   0x08038d30   0x0000001e   Code   RO        27902    .text               mc_w.l(llshl.o)
    0x08038d4e   0x08038d4e   0x00000020   Code   RO        27904    .text               mc_w.l(llushr.o)
    0x08038d6e   0x08038d6e   0x00000024   Code   RO        27906    .text               mc_w.l(llsshr.o)
    0x08038d92   0x08038d92   0x00000002   PAD
    0x08038d94   0x08038d94   0x00000028   Code   RO        27917    .text               mc_w.l(scanf_char.o)
    0x08038dbc   0x08038dbc   0x00000040   Code   RO        27919    .text               mc_w.l(_sgetc.o)
    0x08038dfc   0x08038dfc   0x0000009c   Code   RO        27921    .text               mc_w.l(strtod.o)
    0x08038e98   0x08038e98   0x00000070   Code   RO        27923    .text               mc_w.l(strtol.o)
    0x08038f08   0x08038f08   0x00000000   Code   RO        27925    .text               mc_w.l(iusefp.o)
    0x08038f08   0x08038f08   0x000000ba   Code   RO        27926    .text               mf_w.l(depilogue.o)
    0x08038fc2   0x08038fc2   0x000000de   Code   RO        27928    .text               mf_w.l(ddiv.o)
    0x080390a0   0x080390a0   0x000000a2   Code   RO        27930    .text               mf_w.l(dsqrt.o)
    0x08039142   0x08039142   0x00000018   Code   RO        27932    .text               mf_w.l(dfltul.o)
    0x0803915a   0x0803915a   0x00000030   Code   RO        27934    .text               mf_w.l(dfixul.o)
    0x0803918a   0x0803918a   0x00000038   Code   RO        27936    .text               mf_w.l(d2f.o)
    0x080391c2   0x080391c2   0x00000002   PAD
    0x080391c4   0x080391c4   0x00000024   Code   RO        27938    .text               mc_w.l(init.o)
    0x080391e8   0x080391e8   0x00000008   Code   RO        27942    .text               mc_w.l(ctype_o.o)
    0x080391f0   0x080391f0   0x00000012   Code   RO        27964    .text               mc_w.l(isspace_o.o)
    0x08039202   0x08039202   0x00000002   PAD
    0x08039204   0x08039204   0x00000330   Code   RO        27970    .text               mc_w.l(_scanf.o)
    0x08039534   0x08039534   0x0000009e   Code   RO        27972    .text               mc_w.l(_strtoul.o)
    0x080395d2   0x080395d2   0x0000006e   Code   RO        27974    .text               mf_w.l(fepilogue.o)
    0x08039640   0x08039640   0x0000001c   Code   RO        27979    .text               mc_w.l(_chval.o)
    0x0803965c   0x0803965c   0x00000056   Code   RO        27989    .text               mc_w.l(__dczerorl2.o)
    0x080396b2   0x080396b2   0x00000002   PAD
    0x080396b4   0x080396b4   0x00000020   Code   RO        27800    i.__0printf         mc_w.l(printfa.o)
    0x080396d4   0x080396d4   0x00000028   Code   RO        27802    i.__0sprintf        mc_w.l(printfa.o)
    0x080396fc   0x080396fc   0x00000008   Code   RO        27910    i.__aeabi_errno_addr  mc_w.l(errno.o)
    0x08039704   0x08039704   0x0000005c   Code   RO        27832    i.__free$realloc    mc_w.l(mallocr.o)
    0x08039760   0x08039760   0x00000014   Code   RO        27508    i.__hardfp_fabs     m_wm.l(fabs.o)
    0x08039774   0x08039774   0x0000007a   Code   RO        27514    i.__hardfp_sqrt     m_wm.l(sqrt.o)
    0x080397ee   0x080397ee   0x00000002   PAD
    0x080397f0   0x080397f0   0x00000028   Code   RO        27526    i.__hardfp_strtod   m_wm.l(strtod.o)
    0x08039818   0x08039818   0x00000050   Code   RO        27833    i.__malloc$realloc  mc_w.l(mallocr.o)
    0x08039868   0x08039868   0x0000000e   Code   RO        27983    i.__scatterload_copy  mc_w.l(handlers.o)
    0x08039876   0x08039876   0x00000002   Code   RO        27984    i.__scatterload_null  mc_w.l(handlers.o)
    0x08039878   0x08039878   0x0000000e   Code   RO        27985    i.__scatterload_zeroinit  mc_w.l(handlers.o)
    0x08039886   0x08039886   0x00000002   PAD
    0x08039888   0x08039888   0x0000000c   Code   RO        27912    i.__set_errno       mc_w.l(errno.o)
    0x08039894   0x08039894   0x00000184   Code   RO        27807    i._fp_digits        mc_w.l(printfa.o)
    0x08039a18   0x08039a18   0x0000000e   Code   RO        27862    i._is_digit         mc_w.l(scanf_fp.o)
    0x08039a26   0x08039a26   0x00000002   PAD
    0x08039a28   0x08039a28   0x000006b4   Code   RO        27808    i._printf_core      mc_w.l(printfa.o)
    0x0803a0dc   0x0803a0dc   0x00000024   Code   RO        27809    i._printf_post_padding  mc_w.l(printfa.o)
    0x0803a100   0x0803a100   0x0000002e   Code   RO        27810    i._printf_pre_padding  mc_w.l(printfa.o)
    0x0803a12e   0x0803a12e   0x0000000a   Code   RO        27812    i._sputc            mc_w.l(printfa.o)
    0x0803a138   0x0803a138   0x00000050   Code   RO        27834    i.internal_alloc    mc_w.l(mallocr.o)
    0x0803a188   0x0803a188   0x0000006c   Code   RO        27835    i.realloc           mc_w.l(mallocr.o)
    0x0803a1f4   0x0803a1f4   0x00025800   Data   RO         1101    .constdata          chezaibeijing.o
    0x0805f9f4   0x0805f9f4   0x0000000c   Data   RO         1102    .constdata          chezaibeijing.o
    0x0805fa00   0x0805fa00   0x00000474   Data   RO         1696    .constdata          lcd_font.o
    0x0805fe74   0x0805fe74   0x000005f0   Data   RO         1697    .constdata          lcd_font.o
    0x08060464   0x08060464   0x00000d5c   Data   RO         1698    .constdata          lcd_font.o
    0x080611c0   0x080611c0   0x00000e00   Data   RO         1699    .constdata          lcd_font.o
    0x08061fc0   0x08061fc0   0x00000004   Data   RO         1780    .constdata          lcd_touch.o
    0x08061fc4   0x08061fc4   0x000000f0   Data   RO         2109    .constdata          esp8266_getweather.o
    0x080620b4   0x080620b4   0x0000001c   Data   RO         2364    .constdata          stm32f4xx_fsmc.o
    0x080620d0   0x080620d0   0x0000001c   Data   RO         3070    .constdata          lv_obj.o
    0x080620ec   0x080620ec   0x00000008   Data   RO         3579    .constdata          lv_obj_pos.o
    0x080620f4   0x080620f4   0x00000116   Data   RO         6065    .constdata          lv_draw_sw_letter.o
    0x0806220a   0x0806220a   0x00000021   Data   RO         6161    .constdata          lv_draw_sw_line.o
    0x0806222b   0x0806222b   0x00000001   PAD
    0x0806222c   0x0806222c   0x00000008   Data   RO         6253    .constdata          lv_draw_sw_polygon.o
    0x08062234   0x08062234   0x00000016   Data   RO        13786    .constdata          lv_theme_default.o
    0x0806224a   0x0806224a   0x00000002   PAD
    0x0806224c   0x0806224c   0x0000001c   Data   RO        15051    .constdata          lv_calendar.o
    0x08062268   0x08062268   0x0000001c   Data   RO        15472    .constdata          lv_calendar_header_arrow.o
    0x08062284   0x08062284   0x0000001c   Data   RO        15661    .constdata          lv_calendar_header_dropdown.o
    0x080622a0   0x080622a0   0x0000001c   Data   RO        15774    .constdata          lv_chart.o
    0x080622bc   0x080622bc   0x0000001c   Data   RO        16193    .constdata          lv_colorwheel.o
    0x080622d8   0x080622d8   0x0000001c   Data   RO        17031    .constdata          lv_keyboard.o
    0x080622f4   0x080622f4   0x000000b0   Data   RO        17032    .constdata          lv_keyboard.o
    0x080623a4   0x080623a4   0x00000050   Data   RO        17033    .constdata          lv_keyboard.o
    0x080623f4   0x080623f4   0x000000b0   Data   RO        17034    .constdata          lv_keyboard.o
    0x080624a4   0x080624a4   0x00000050   Data   RO        17035    .constdata          lv_keyboard.o
    0x080624f4   0x080624f4   0x000000b0   Data   RO        17036    .constdata          lv_keyboard.o
    0x080625a4   0x080625a4   0x00000050   Data   RO        17037    .constdata          lv_keyboard.o
    0x080625f4   0x080625f4   0x00000054   Data   RO        17038    .constdata          lv_keyboard.o
    0x08062648   0x08062648   0x00000022   Data   RO        17039    .constdata          lv_keyboard.o
    0x0806266a   0x0806266a   0x00000002   PAD
    0x0806266c   0x0806266c   0x0000001c   Data   RO        17226    .constdata          lv_led.o
    0x08062688   0x08062688   0x00000054   Data   RO        17645    .constdata          lv_list.o
    0x080626dc   0x080626dc   0x000000fc   Data   RO        17834    .constdata          lv_menu.o
    0x080627d8   0x080627d8   0x0000001c   Data   RO        18018    .constdata          lv_meter.o
    0x080627f4   0x080627f4   0x00000054   Data   RO        18436    .constdata          lv_msgbox.o
    0x08062848   0x08062848   0x0000001c   Data   RO        19274    .constdata          lv_spinbox.o
    0x08062864   0x08062864   0x0000001c   Data   RO        19693    .constdata          lv_spinner.o
    0x08062880   0x08062880   0x0000001c   Data   RO        20112    .constdata          lv_tabview.o
    0x0806289c   0x0806289c   0x00000038   Data   RO        20532    .constdata          lv_tileview.o
    0x080628d4   0x080628d4   0x0000001c   Data   RO        20704    .constdata          lv_win.o
    0x080628f0   0x080628f0   0x00002280   Data   RO        21664    .constdata          lv_font_montserrat_14.o
    0x08064b70   0x08064b70   0x000004f0   Data   RO        21665    .constdata          lv_font_montserrat_14.o
    0x08065060   0x08065060   0x0000007c   Data   RO        21666    .constdata          lv_font_montserrat_14.o
    0x080650dc   0x080650dc   0x00000028   Data   RO        21667    .constdata          lv_font_montserrat_14.o
    0x08065104   0x08065104   0x0000009e   Data   RO        21668    .constdata          lv_font_montserrat_14.o
    0x080651a2   0x080651a2   0x0000009e   Data   RO        21669    .constdata          lv_font_montserrat_14.o
    0x08065240   0x08065240   0x00000bad   Data   RO        21670    .constdata          lv_font_montserrat_14.o
    0x08065ded   0x08065ded   0x00000003   PAD
    0x08065df0   0x08065df0   0x00000010   Data   RO        21671    .constdata          lv_font_montserrat_14.o
    0x08065e00   0x08065e00   0x00000018   Data   RO        21672    .constdata          lv_font_montserrat_14.o
    0x08065e18   0x08065e18   0x0000001c   Data   RO        21673    .constdata          lv_font_montserrat_14.o
    0x08065e34   0x08065e34   0x0000017c   Data   RO        22763    .constdata          lv_color.o
    0x08065fb0   0x08065fb0   0x000000b6   Data   RO        22880    .constdata          lv_math.o
    0x08066066   0x08066066   0x00000002   PAD
    0x08066068   0x08066068   0x00000075   Data   RO        22926    .constdata          lv_style.o
    0x080660dd   0x080660dd   0x00000003   PAD
    0x080660e0   0x080660e0   0x0000001c   Data   RO        23173    .constdata          lv_arc.o
    0x080660fc   0x080660fc   0x0000001c   Data   RO        23344    .constdata          lv_bar.o
    0x08066118   0x08066118   0x0000001c   Data   RO        23447    .constdata          lv_btn.o
    0x08066134   0x08066134   0x0000001c   Data   RO        23471    .constdata          lv_btnmatrix.o
    0x08066150   0x08066150   0x0000001c   Data   RO        23657    .constdata          lv_checkbox.o
    0x0806616c   0x0806616c   0x00000038   Data   RO        23748    .constdata          lv_dropdown.o
    0x080661a4   0x080661a4   0x0000001c   Data   RO        23847    .constdata          lv_img.o
    0x080661c0   0x080661c0   0x0000001c   Data   RO        23944    .constdata          lv_label.o
    0x080661dc   0x080661dc   0x0000001c   Data   RO        24042    .constdata          lv_line.o
    0x080661f8   0x080661f8   0x00000038   Data   RO        24067    .constdata          lv_roller.o
    0x08066230   0x08066230   0x0000001c   Data   RO        24149    .constdata          lv_slider.o
    0x0806624c   0x0806624c   0x0000001c   Data   RO        24262    .constdata          lv_switch.o
    0x08066268   0x08066268   0x0000001c   Data   RO        24363    .constdata          lv_table.o
    0x08066284   0x08066284   0x0000001c   Data   RO        24446    .constdata          lv_textarea.o
    0x080662a0   0x080662a0   0x00000081   Data   RO        27943    .constdata          mc_w.l(ctype_o.o)
    0x08066321   0x08066321   0x00000003   PAD
    0x08066324   0x08066324   0x00000004   Data   RO        27944    .constdata          mc_w.l(ctype_o.o)
    0x08066328   0x08066328   0x00000044   Data   RO            4    .conststring        main.o
    0x0806636c   0x0806636c   0x0000006f   Data   RO         1700    .conststring        lcd_font.o
    0x080663db   0x080663db   0x00000001   PAD
    0x080663dc   0x080663dc   0x00000079   Data   RO         1781    .conststring        lcd_touch.o
    0x08066455   0x08066455   0x00000003   PAD
    0x08066458   0x08066458   0x00000304   Data   RO         2110    .conststring        esp8266_getweather.o
    0x0806675c   0x0806675c   0x0000001b   Data   RO        15052    .conststring        lv_calendar.o
    0x08066777   0x08066777   0x00000001   PAD
    0x08066778   0x08066778   0x00000069   Data   RO        15473    .conststring        lv_calendar_header_arrow.o
    0x080667e1   0x080667e1   0x00000003   PAD
    0x080667e4   0x080667e4   0x0000028c   Data   RO        15662    .conststring        lv_calendar_header_dropdown.o
    0x08066a70   0x08066a70   0x00000099   Data   RO        17040    .conststring        lv_keyboard.o
    0x08066b09   0x08066b09   0x00000003   PAD
    0x08066b0c   0x08066b0c   0x0000006c   Data   RO        17041    .conststring        lv_keyboard.o
    0x08066b78   0x08066b78   0x0000005a   Data   RO        17042    .conststring        lv_keyboard.o
    0x08066bd2   0x08066bd2   0x00000002   PAD
    0x08066bd4   0x08066bd4   0x00000004   Data   RO        17043    .conststring        lv_keyboard.o
    0x08066bd8   0x08066bd8   0x00000025   Data   RO        23472    .conststring        lv_btnmatrix.o
    0x08066bfd   0x08066bfd   0x00000003   PAD
    0x08066c00   0x08066c00   0x00000020   Data   RO        27981    Region$$Table       anon$$obj.o


    Execution Region RW_IRAM1 (Exec base: 0x20000000, Load base: 0x08066c20, Size: 0x000184c8, Max: 0x00020000, ABSOLUTE, COMPRESSED[0x00000144])

    Exec Addr    Load Addr    Size         Type   Attr      Idx    E Section Name        Object

    0x20000000   COMPRESSED   0x00000030   Data   RW            5    .data               main.o
    0x20000030   COMPRESSED   0x00000014   Data   RW          742    .data               system_stm32f4xx.o
    0x20000044   COMPRESSED   0x00000070   Data   RW         1701    .data               lcd_font.o
    0x200000b4   COMPRESSED   0x00000004   Data   RW         1743    .data               lcd_screen.o
    0x200000b8   COMPRESSED   0x00000038   Data   RW         1782    .data               lcd_touch.o
    0x200000f0   COMPRESSED   0x00000002   Data   RW         1817    .data               adc.o
    0x200000f2   COMPRESSED   0x00000002   PAD
    0x200000f4   COMPRESSED   0x00000004   Data   RW         2061    .data               esp8266.o
    0x200000f8   COMPRESSED   0x00000004   Data   RW         2140    .data               delay.o
    0x200000fc   COMPRESSED   0x0000000a   Data   RW         2169    .data               uart.o
    0x20000106   COMPRESSED   0x00000002   PAD
    0x20000108   COMPRESSED   0x00000004   Data   RW         2170    .data               uart.o
    0x2000010c   COMPRESSED   0x00000010   Data   RW         2221    .data               stm32f4xx_rcc.o
    0x2000011c   COMPRESSED   0x00000008   Data   RW         2624    .data               lv_event.o
    0x20000124   COMPRESSED   0x00000004   Data   RW         2764    .data               lv_group.o
    0x20000128   COMPRESSED   0x0000000c   Data   RW         2926    .data               lv_indev.o
    0x20000134   COMPRESSED   0x00000008   Data   RW         3071    .data               lv_obj.o
    0x2000013c   COMPRESSED   0x00000008   Data   RW         3580    .data               lv_obj_pos.o
    0x20000144   COMPRESSED   0x00000001   Data   RW         3779    .data               lv_obj_style.o
    0x20000145   COMPRESSED   0x00000003   PAD
    0x20000148   COMPRESSED   0x00000010   Data   RW         4005    .data               lv_refr.o
    0x20000158   COMPRESSED   0x0000000c   Data   RW         5835    .data               lv_draw_sw_gradient.o
    0x20000164   COMPRESSED   0x00000008   Data   RW         6067    .data               lv_draw_sw_letter.o
    0x2000016c   COMPRESSED   0x0000000c   Data   RW         6869    .data               lv_flex.o
    0x20000178   COMPRESSED   0x00000016   Data   RW         7044    .data               lv_grid.o
    0x2000018e   COMPRESSED   0x00000002   PAD
    0x20000190   COMPRESSED   0x00000020   Data   RW        13787    .data               lv_theme_default.o
    0x200001b0   COMPRESSED   0x0000001c   Data   RW        15053    .data               lv_calendar.o
    0x200001cc   COMPRESSED   0x00000030   Data   RW        15474    .data               lv_calendar_header_arrow.o
    0x200001fc   COMPRESSED   0x00000008   Data   RW        15663    .data               lv_calendar_header_dropdown.o
    0x20000204   COMPRESSED   0x00000008   Data   RW        16194    .data               lv_colorwheel.o
    0x2000020c   COMPRESSED   0x00000048   Data   RW        17044    .data               lv_keyboard.o
    0x20000254   COMPRESSED   0x00000008   Data   RW        19694    .data               lv_spinner.o
    0x2000025c   COMPRESSED   0x00000004   Data   RW        20113    .data               lv_tabview.o
    0x20000260   COMPRESSED   0x0000000c   Data   RW        20533    .data               lv_tileview.o
    0x2000026c   COMPRESSED   0x00000002   Data   RW        20705    .data               lv_win.o
    0x2000026e   COMPRESSED   0x00000002   PAD
    0x20000270   COMPRESSED   0x00000008   Data   RW        21674    .data               lv_font_montserrat_14.o
    0x20000278   COMPRESSED   0x00000010   Data   RW        22215    .data               lv_hal_disp.o
    0x20000288   COMPRESSED   0x00000008   Data   RW        22584    .data               lv_hal_tick.o
    0x20000290   COMPRESSED   0x0000000c   Data   RW        22608    .data               lv_anim.o
    0x2000029c   COMPRESSED   0x0000000c   Data   RW        22702    .data               lv_area.o
    0x200002a8   COMPRESSED   0x00000018   Data   RW        22822    .data               lv_gc.o
    0x200002c0   COMPRESSED   0x00000004   Data   RW        22881    .data               lv_math.o
    0x200002c4   COMPRESSED   0x00000010   Data   RW        22896    .data               lv_mem.o
    0x200002d4   COMPRESSED   0x00000008   Data   RW        22927    .data               lv_style.o
    0x200002dc   COMPRESSED   0x00000014   Data   RW        23022    .data               lv_timer.o
    0x200002f0   COMPRESSED   0x0000000c   Data   RW        23050    .data               lv_txt.o
    0x200002fc   COMPRESSED   0x00000004   Data   RW        23051    .data               lv_txt.o
    0x20000300   COMPRESSED   0x00000004   Data   RW        23053    .data               lv_txt.o
    0x20000304   COMPRESSED   0x00000004   Data   RW        23054    .data               lv_txt.o
    0x20000308   COMPRESSED   0x00000004   Data   RW        23055    .data               lv_txt.o
    0x2000030c   COMPRESSED   0x0000001c   Data   RW        23473    .data               lv_btnmatrix.o
    0x20000328   COMPRESSED   0x00000004   Data   RW        24447    .data               lv_textarea.o
    0x2000032c   COMPRESSED   0x00000008   Data   RW        24549    .data               lv_port_disp.o
    0x20000334   COMPRESSED   0x00000008   Data   RW        24578    .data               lv_port_indev.o
    0x2000033c   COMPRESSED   0x0000003c   Data   RW        27356    .data               tasks.o
    0x20000378   COMPRESSED   0x00000014   Data   RW        27379    .data               timers.o
    0x2000038c   COMPRESSED   0x00000018   Data   RW        27409    .data               heap_4.o
    0x200003a4   COMPRESSED   0x0000000c   Data   RW        27424    .data               port.o
    0x200003b0   COMPRESSED   0x00000014   Data   RW        27475    .data               cjson.o
    0x200003c4   COMPRESSED   0x00000004   Data   RW        27908    .data               mc_w.l(mvars.o)
    0x200003c8   COMPRESSED   0x00000004   Data   RW        27909    .data               mc_w.l(mvars.o)
    0x200003cc   COMPRESSED   0x00000004   Data   RW        27913    .data               mc_w.l(errno.o)
    0x200003d0        -       0x0000000e   Zero   RW         1742    .bss                lcd_screen.o
    0x200003de        -       0x00000a80   Zero   RW         2108    .bss                esp8266_getweather.o
    0x20000e5e        -       0x00000600   Zero   RW         2168    .bss                uart.o
    0x2000145e   COMPRESSED   0x00000002   PAD
    0x20001460        -       0x00000018   Zero   RW         4004    .bss                lv_refr.o
    0x20001478        -       0x00000100   Zero   RW         6064    .bss                lv_draw_sw_letter.o
    0x20001578        -       0x0000004c   Zero   RW        13785    .bss                lv_theme_default.o
    0x200015c4        -       0x000001fc   Zero   RW        22821    .bss                lv_gc.o
    0x200017c0        -       0x0000c000   Zero   RW        22895    .bss                lv_mem.o
    0x2000d7c0        -       0x0000196c   Zero   RW        24548    .bss                lv_port_disp.o
    0x2000f12c        -       0x00000020   Zero   RW        24577    .bss                lv_port_indev.o
    0x2000f14c        -       0x00000040   Zero   RW        27317    .bss                queue.o
    0x2000f18c        -       0x00000104   Zero   RW        27355    .bss                tasks.o
    0x2000f290        -       0x00000028   Zero   RW        27378    .bss                timers.o
    0x2000f2b8        -       0x00008000   Zero   RW        27408    .bss                heap_4.o
    0x200172b8        -       0x0000000f   Zero   RW        27474    .bss                cjson.o
    0x200172c7   COMPRESSED   0x00000001   PAD
    0x200172c8        -       0x00000200   Zero   RW         2446    HEAP                startup_stm32f40_41xxx.o
    0x200174c8        -       0x00001000   Zero   RW         2445    STACK               startup_stm32f40_41xxx.o


==============================================================================

Image component sizes


      Code (inc. data)   RO Data    RW Data    ZI Data      Debug   Object Name

       168         12          0          2          0       1072   adc.o
         8          0          0          0          0        470   asrpro.o
       318          0          0          0          0       2902   at24cxx.o
       140          8          0          0          0     246379   buzzer.o
         0          0     153612          0          0        664   chezaibeijing.o
      7036        182          0         20         15      46861   cjson.o
       212         14          0          4          0       1670   delay.o
       436         10          0          0          0       2004   dht11.o
      1100        410          0          4          0       4125   esp8266.o
       608        338          0          0          0       1038   esp8266_gettime.o
      1352        520       1012          0       2688       4111   esp8266_getweather.o
         0          0          0          0          0       8160   event_groups.o
       280         10          0          0          0       1179   exti.o
       464          8          0         24      32768       3808   heap_4.o
       548          8          0          0          0       2028   iic.o
        68          8          0          0          0        539   key.o
         0          0       9775        112          0        840   lcd_font.o
     18296        148          0          4         14      27152   lcd_screen.o
      3084        256        125         56          0       7363   lcd_touch.o
       452         16          0          0          0       2000   led.o
       138          0          0          0          0       1978   list.o
      1288         24          0         12          0      28849   lv_anim.o
      3944          8         28          0          0      74729   lv_arc.o
      2248         26          0         12          0      10958   lv_area.o
       156          6          0          0          0       2185   lv_async.o
      2140         24         28          0          0      56101   lv_bar.o
         0          0          0          0          0       5155   lv_bidi.o
        52          6         28          0          0       1387   lv_btn.o
      4114         26         65         28          0      54761   lv_btnmatrix.o
      1236         24         55         28          0      58716   lv_calendar.o
       440         32        133         48          0      51115   lv_calendar_header_arrow.o
       340         20        680          8          0      34366   lv_calendar_header_dropdown.o
      8320         28         28          0          0      91892   lv_chart.o
       988         16         28          0          0      45188   lv_checkbox.o
       908         16        380          0          0      10894   lv_color.o
      2680         12         28          8          0      76275   lv_colorwheel.o
      1368         38          0          0          0      55557   lv_disp.o
        12          0          0          0          0      31388   lv_draw.o
      1038          0          0          0          0      22032   lv_draw_arc.o
       932         38          0          0          0      29279   lv_draw_img.o
      1560         16          0          0          0      29006   lv_draw_label.o
       178          0          0          0          0      18053   lv_draw_layer.o
        88          0          0          0          0      30738   lv_draw_line.o
      5324         36          0          0          0      26115   lv_draw_mask.o
       244          4          0          0          0      22439   lv_draw_rect.o
       248         54          0          0          0      39051   lv_draw_sw.o
      2672          0          0          0          0      37538   lv_draw_sw_arc.o
      3514         16          0          0          0      52251   lv_draw_sw_blend.o
      1024         20          0         12          0      20490   lv_draw_sw_gradient.o
      1248          0          0          0          0      25805   lv_draw_sw_img.o
       468          0          0          0          0      31897   lv_draw_sw_layer.o
       988         12        278          8        256      23171   lv_draw_sw_letter.o
      1996          4         33          0          0      24196   lv_draw_sw_line.o
       636          4          8          0          0      20079   lv_draw_sw_polygon.o
      7082          0          0          0          0      19004   lv_draw_sw_rect.o
      1700          6          0          0          0      40946   lv_draw_sw_transform.o
        54          0          0          0          0      12232   lv_draw_transform.o
      3660         60         56          0          0      56319   lv_dropdown.o
      1388         34          0          8          0      51449   lv_event.o
        14          0          0          0          0        520   lv_extra.o
      2780         56          0         12          0      72915   lv_flex.o
       198          0          0          0          0       6427   lv_font.o
       696         14          0          0          0       7029   lv_font_fmt_txt.o
         0          0      13633          8          0       2408   lv_font_montserrat_14.o
      1296         16          0          0          0      10361   lv_fs.o
       192         12          0         24        508       2150   lv_gc.o
      2768         40          0         22          0      77267   lv_grid.o
      1412         24          0          4          0      54602   lv_group.o
      1992         64          0         16          0      58379   lv_hal_disp.o
       316          8          0          0          0      46959   lv_hal_indev.o
        48          6          0          8          0       1590   lv_hal_tick.o
      3014         10         28          0          0      52058   lv_img.o
      1654         38          0          0          0      15227   lv_img_buf.o
        88          4          0          0          0       5811   lv_img_cache.o
      2072         36          0          0          0      18055   lv_img_decoder.o
      3580         16          0         12          0      35220   lv_indev.o
      3006          8          0          0          0      49663   lv_indev_scroll.o
       864         62       1269         72          0      56310   lv_keyboard.o
      4328         72         28          0          0      62983   lv_label.o
       872         10         28          0          0      54469   lv_led.o
       484          6         28          0          0      12774   lv_line.o
         0          0         84          0          0      48845   lv_list.o
       688          0          0          0          0       5777   lv_ll.o
       492         10        182          4          0       3897   lv_math.o
      1122         22          0         16      49152       6981   lv_mem.o
      2020         40        252          0          0      59938   lv_menu.o
      3240         22         28          0          0      78311   lv_meter.o
         0          0         84          0          0      51892   lv_msgbox.o
      3544         34         28          8          0      58390   lv_obj.o
       468          4          0          0          0       2904   lv_obj_class.o
      1892          0          0          0          0      64219   lv_obj_draw.o
      5724         56          8          8          0      64200   lv_obj_pos.o
      4220         34          0          0          0      59730   lv_obj_scroll.o
      3816         46          0          1          0      62409   lv_obj_style.o
       990          0          0          0          0      37931   lv_obj_style_gen.o
      1280          8          0          0          0      35567   lv_obj_tree.o
       156         20          0          8       6508       2272   lv_port_disp.o
       104         20          0          8         32       2598   lv_port_indev.o
      1692         10          0          0          0       9347   lv_printf.o
      4984         90          0         16         24      64184   lv_refr.o
      2748         84         56          0          0      51016   lv_roller.o
      2034          4         28          0          0      50162   lv_slider.o
      1158         12         28          0          0      59734   lv_spinbox.o
       168         22         28          8          0      52691   lv_spinner.o
      1164         30        117          8          0      23258   lv_style.o
       820          0          0          0          0      31436   lv_style_gen.o
       832         12         28          0          0      45246   lv_switch.o
      4484         16         28          0          0      59204   lv_table.o
      1264         30         28          4          0      67535   lv_tabview.o
      4376         90         28          4          0      66338   lv_textarea.o
       212         10          0          0          0      51724   lv_theme.o
      9512        308         22         32         76      63882   lv_theme_default.o
       556         14         56         12          0      52575   lv_tileview.o
       532         14          0         20          0       5243   lv_timer.o
      2104          8          0          0          0      20660   lv_tlsf.o
      1764         18          0         28          0      14741   lv_txt.o
        72          0          0          0          0        984   lv_utils.o
       256         10         28          2          0      52762   lv_win.o
         0          0          0          0          0      32935   lvgl_font.o
      3336       1334         68         48          0     401536   main.o
       176         12          0          0          0       2005   misc.o
        52          6          0          0          0        668   mq135.o
       228         22          0          0          0       1003   mq2.o
       232         22          0          0          0       1007   mq7.o
        50          0          0          0          0       1156   my_lib.o
       786         46          0         12          0       8865   port.o
      3052         14          0          0         64      21950   queue.o
       126          0          0          0          0       1001   rtc.o
       624         14          0          0          0       4307   sensirion_sw_i2c.o
         0          0          0          0          0        492   sgp30.o
        36          8        392          0       4608        840   startup_stm32f40_41xxx.o
       852         20          0          0          0      10974   stm32f4xx_adc.o
       224         10          0          0          0       2455   stm32f4xx_exti.o
      1096         10         28          0          0       6158   stm32f4xx_fsmc.o
       524         44          0          0          0       4525   stm32f4xx_gpio.o
        12          0          0          0          0        935   stm32f4xx_it.o
       296         12          0          0          0       3811   stm32f4xx_pwr.o
      1152         48          0         16          0      13400   stm32f4xx_rcc.o
      2636         48          0          0          0      16294   stm32f4xx_rtc.o
       124         16          0          0          0       1917   stm32f4xx_syscfg.o
      2524         52          0          0          0      24058   stm32f4xx_tim.o
       856         32          0          0          0       8348   stm32f4xx_usart.o
       380         36          0         20          0       1903   system_stm32f4xx.o
      4940         86          0         60        260      31129   tasks.o
       128          6          0          0          0        782   timer.o
      1264         46          0         20         40      20890   timers.o
       972         36          0         14       1536       5592   uart.o

    ----------------------------------------------------------------------
    229864       6138     183084        964      98552    4510645   Object Totals
         0          0         32          0          0          0   (incl. Generated)
        40          0         29         11          3          0   (incl. Padding)

    ----------------------------------------------------------------------

      Code (inc. data)   RO Data    RW Data    ZI Data      Debug   Library Member Name

        20          0          0          0          0        124   fabs.o
       122          0          0          0          0        148   sqrt.o
        40         10          0          0          0        128   strtod.o
        56          8          0          0          0         84   __0sscanf.o
        86          0          0          0          0          0   __dczerorl2.o
        28          0          0          0          0         68   _chval.o
       816          6          0          0          0        112   _scanf.o
       224          0          0          0          0         96   _scanf_str.o
        64          0          0          0          0         84   _sgetc.o
       158          0          0          0          0         92   _strtoul.o
        26          0          0          0          0         80   atoi.o
         8          4        133          0          0         68   ctype_o.o
         0          0          0          0          0          0   entry.o
         0          0          0          0          0          0   entry10a.o
         0          0          0          0          0          0   entry11a.o
         4          0          0          0          0          0   entry12b.o
         8          4          0          0          0          0   entry2.o
         4          0          0          0          0          0   entry5.o
         0          0          0          0          0          0   entry7b.o
         0          0          0          0          0          0   entry8b.o
         8          4          0          0          0          0   entry9a.o
        20         10          0          4          0        136   errno.o
        30          0          0          0          0          0   handlers.o
        36          8          0          0          0         68   init.o
        18          0          0          0          0         76   isspace_o.o
         0          0          0          0          0          0   iusefp.o
        30          0          0          0          0         68   llshl.o
        36          0          0          0          0         68   llsshr.o
        32          0          0          0          0         68   llushr.o
       360         30          0          0          0        356   mallocr.o
        26          0          0          0          0         80   memcmp.o
        64          0          0          0          0         76   memmovea.o
        36          0          0          0          0        108   memseta.o
         0          0          0          8          0          0   mvars.o
      2268         96          0          0          0        616   printfa.o
        40          8          0          0          0         84   scanf_char.o
       878         12          0          0          0        216   scanf_fp.o
        24          0          0          0          0         68   strcat.o
        28          0          0          0          0         76   strcmp.o
        18          0          0          0          0         68   strcpy.o
        14          0          0          0          0         68   strlen.o
        30          0          0          0          0         80   strncmp.o
        36          0          0          0          0         80   strstr.o
       156         12          0          0          0        120   strtod.o
       112          0          0          0          0         88   strtol.o
        12          0          0          0          0         68   tolower.o
        44          0          0          0          0         80   uidiv.o
        98          0          0          0          0         92   uldiv.o
        48          0          0          0          0         68   cdcmple.o
        48          0          0          0          0         68   cdrcmple.o
        56          0          0          0          0         88   d2f.o
       334          0          0          0          0        148   dadd.o
       222          0          0          0          0        100   ddiv.o
       186          0          0          0          0        176   depilogue.o
        62          0          0          0          0         80   dfixi.o
        50          0          0          0          0         76   dfixui.o
        48          0          0          0          0         68   dfixul.o
        34          0          0          0          0         76   dflti.o
        26          0          0          0          0         76   dfltui.o
        24          0          0          0          0         76   dfltul.o
       228          0          0          0          0         96   dmul.o
       162          0          0          0          0        100   dsqrt.o
        38          0          0          0          0         68   f2d.o
       110          0          0          0          0        168   fepilogue.o

    ----------------------------------------------------------------------
      7812        212        136         12          0       5524   Library Totals
        18          0          3          0          0          0   (incl. Padding)

    ----------------------------------------------------------------------

      Code (inc. data)   RO Data    RW Data    ZI Data      Debug   Library Name

       182         10          0          0          0        400   m_wm.l
      5936        202        133         12          0       3592   mc_w.l
      1676          0          0          0          0       1532   mf_w.l

    ----------------------------------------------------------------------
      7812        212        136         12          0       5524   Library Totals

    ----------------------------------------------------------------------

==============================================================================


      Code (inc. data)   RO Data    RW Data    ZI Data      Debug   

    237676       6350     183220        976      98552    4483893   Grand Totals
    237676       6350     183220        324      98552    4483893   ELF Image Totals (compressed)
    237676       6350     183220        324          0          0   ROM Totals

==============================================================================

    Total RO  Size (Code + RO Data)               420896 ( 411.03kB)
    Total RW  Size (RW Data + ZI Data)             99528 (  97.20kB)
    Total ROM Size (Code + RO Data + RW Data)     421220 ( 411.35kB)

==============================================================================

